Component: ARM Compiler 5.06 update 6 (build 750) Tool: armlink [4d35ed]

==============================================================================

Section Cross References

    DrvCAN.o(.text) refers to malloc.o(i.free) for free
    DrvCAN.o(.text) refers to malloc.o(i.malloc) for malloc
    DrvCAN.o(.text) refers to memcpya.o(.text) for __aeabi_memcpy4
    DrvCAN.o(.text) refers to logic.o(.text) for RecvRawFrameFromController
    DrvCAN.o(.text) refers to DrvCAN.o(.data) for gBaudRateBackUp
    DrvCAN.o(.text) refers to DrvCAN.o(.bss) for gCurCanFrame
    DrvFlash.o(.text) refers to uidiv.o(.text) for __aeabi_uidivmod
    DrvFlash.o(.text) refers to DrvFlash.o(.bss) for gParamIn
    DrvFlash.o(.text) refers to DrvFlash.o(.data) for Iap_Entry
    DrvFlash.o(.text) refers to system_LPC11xx.o(.data) for uSystemFrequency
    DrvGPIO.o(.text) refers to DrvGPIO.o(.constdata) for LPC_GPIO
    DrvGPIO.o(.text) refers to DrvGPIO.o(.data) for gLEDInterval
    DrvGPIO.o(.text) refers to DrvSysClk.o(.data) for gSysTickCount
    DrvIOUART.o(.text) refers to iouart.o(i.IOUARTInit) for IOUARTInit
    DrvIOUART.o(.text) refers to iouart.o(i.IOUARTCharPut) for IOUARTCharPut
    DrvIOUART.o(.text) refers to iouart.o(i.IOUARTRxFifoLength) for IOUARTRxFifoLength
    DrvIOUART.o(.text) refers to iouart.o(i.IOUARTCharGetNonBlocking) for IOUARTCharGetNonBlocking
    DrvIOUART.o(.text) refers to iouart.o(i.IOEINT0_IRQHandler) for IOEINT0_IRQHandler
    DrvIOUART.o(.text) refers to uidiv.o(.text) for __aeabi_uidivmod
    DrvIOUART.o(.text) refers to iouart.o(i.IOTimer_IRQHandler) for IOTimer_IRQHandler
    DrvIOUART.o(.text) refers to logic.o(.text) for RecvDataFromMPU
    DrvIOUART.o(.text) refers to DrvIOUART.o(.bss) for config
    DrvIOUART.o(.text) refers to system_LPC11xx.o(.data) for uSystemFrequency
    DrvIOUART.o(.text) refers to DrvIOUART.o(.data) for g_RecvIn
    DrvSysClk.o(.text) refers to user.o(.text) for Callback_SysTick
    DrvSysClk.o(.text) refers to uidiv.o(.text) for __aeabi_uidivmod
    DrvSysClk.o(.text) refers to malloc.o(i.malloc) for malloc
    DrvSysClk.o(.text) refers to DrvSysClk.o(.data) for gSysTickCount
    DrvSysClk.o(.text) refers to system_LPC11xx.o(.data) for uSystemFrequency
    DrvTimer.o(.text) refers to uidiv.o(.text) for __aeabi_uidivmod
    DrvTimer.o(.text) refers to user.o(.text) for Callback_Timer
    DrvTimer.o(.text) refers to system_LPC11xx.o(.data) for uSystemFrequency
    DrvUART.o(.text) refers to uidiv.o(.text) for __aeabi_uidivmod
    DrvUART.o(.text) refers to logic.o(.text) for RecvRawDataFromController
    DrvUART.o(.text) refers to system_LPC11xx.o(.data) for uSystemAHBFrequency
    system_LPC11xx.o(.text) refers to uidiv.o(.text) for __aeabi_uidivmod
    system_LPC11xx.o(.text) refers to system_LPC11xx.o(.data) for uClockSource
    logic.o(.text) refers to iouart.o(i.IOUARTCharPut) for IOUARTCharPut
    logic.o(.text) refers to DrvIOUART.o(.text) for IOUART_Send
    logic.o(.text) refers to memcpya.o(.text) for __aeabi_memcpy
    logic.o(.text) refers to memseta.o(.text) for __aeabi_memclr4
    logic.o(.text) refers to printf1.o(i.__0sprintf$1) for __2sprintf
    logic.o(.text) refers to strlen.o(.text) for strlen
    logic.o(.text) refers to logic.o(.bss) for gSendFrameBuffer
    logic.o(.text) refers to logic.o(.data) for gSendRightNow
    logic.o(.text) refers to DrvFlash.o(.text) for SectorPrepare
    logic.o(.text) refers to DrvSysClk.o(.text) for Delay
    logic.o(.text) refers to DrvGPIO.o(.text) for LoopForLedBlink
    logic.o(.text) refers to logic.o(.constdata) for .constdata
    logic.o(.text) refers to logic.o(i.__ARM_common_switch8) for __ARM_common_switch8
    logic.o(.text) refers to uidiv.o(.text) for __aeabi_uidivmod
    logic.o(.text) refers to idiv.o(.text) for __aeabi_idivmod
    logic.o(.text) refers to DrvSysClk.o(.data) for gSysTickCount
    logic.o(.text) refers to user.o(.text) for IsAscii
    logic.o(.text) refers to malloc.o(i.malloc) for malloc
    logic.o(.text) refers to memcmp.o(.text) for memcmp
    logic.o(.text) refers to DrvUART.o(.text) for UARTSend
    logic.o(.text) refers to DrvCAN.o(.text) for CANSend
    logic.o(.data) refers to logic.o(.text) for Callback_LUMINARY_Changed
    main.o(.text) refers to system_LPC11xx.o(.text) for SystemInit
    main.o(.text) refers to DrvSysClk.o(.text) for StartSysTick
    main.o(.text) refers to DrvIOUART.o(.text) for IOUART_Open
    main.o(.text) refers to user.o(.text) for TimerInit
    main.o(.text) refers to logic.o(.text) for SetConnState
    main.o(.text) refers to uidiv.o(.text) for __aeabi_uidivmod
    main.o(.text) refers to strlen.o(.text) for strlen
    main.o(.text) refers to memcpya.o(.text) for __aeabi_memcpy
    main.o(.text) refers to DrvGPIO.o(.text) for LoopForLedBlink
    main.o(.text) refers to DrvSysClk.o(.data) for gSysTickCount
    main.o(.text) refers to user.o(.data) for gVersion
    main.o(.text) refers to logic.o(.data) for gSendRightNow
    user.o(.text) refers to uidiv.o(.text) for __aeabi_uidivmod
    user.o(.text) refers to logic.o(.text) for SendFrameToMPU
    user.o(.text) refers to DrvTimer.o(.text) for StartTimer
    user.o(.text) refers to DrvCAN.o(.text) for CANOpen
    user.o(.text) refers to DrvUART.o(.text) for UARTSend
    user.o(.text) refers to DrvSysClk.o(.data) for gSysTickCount
    user.o(.text) refers to logic.o(.data) for gSendRightNow
    user.o(.text) refers to logic.o(.bss) for gParameters
    user.o(.text) refers to user.o(.data) for Countnum
    user.o(.text) refers to user.o(.constdata) for .constdata
    user.o(.text) refers to logic.o(i.__ARM_common_switch8) for __ARM_common_switch8
    user.o(.text) refers to memcpya.o(.text) for __aeabi_memcpy4
    startup_LPC11xx.o(RESET) refers to startup_LPC11xx.o(STACK) for __initial_sp
    startup_LPC11xx.o(RESET) refers to startup_LPC11xx.o(.text) for Reset_Handler
    startup_LPC11xx.o(RESET) refers to DrvCAN.o(.text) for CAN_IRQHandler
    startup_LPC11xx.o(RESET) refers to DrvSysClk.o(.text) for TIMER16_0_IRQHandler
    startup_LPC11xx.o(RESET) refers to DrvIOUART.o(.text) for TIMER16_1_IRQHandler
    startup_LPC11xx.o(RESET) refers to DrvTimer.o(.text) for TIMER32_0_IRQHandler
    startup_LPC11xx.o(RESET) refers to DrvUART.o(.text) for UART_IRQHandler
    startup_LPC11xx.o(.text) refers to entry.o(.ARM.Collect$$$$00000000) for __main
    iouart.o(i.IOEINT0_IRQHandler) refers to DrvIOUART.o(.text) for IOTimer_OPEN
    iouart.o(i.IOTimer_IRQHandler) refers to DrvIOUART.o(.text) for IOTimer_INT_CLR
    iouart.o(i.IOTimer_IRQHandler) refers to iouart.o(i.IOUARTHandle) for IOUARTHandle
    iouart.o(i.IOUARTCharGet) refers to queue.o(i.queueNData) for queueNData
    iouart.o(i.IOUARTCharGet) refers to queue.o(i.queueRead) for queueRead
    iouart.o(i.IOUARTCharGet) refers to iouart.o(.bss) for .bss
    iouart.o(i.IOUARTCharGet) refers to iouart.o(.constdata) for .constdata
    iouart.o(i.IOUARTCharGetNonBlocking) refers to queue.o(i.queueNData) for queueNData
    iouart.o(i.IOUARTCharGetNonBlocking) refers to queue.o(i.queueRead) for queueRead
    iouart.o(i.IOUARTCharGetNonBlocking) refers to iouart.o(.bss) for .bss
    iouart.o(i.IOUARTCharGetNonBlocking) refers to iouart.o(.constdata) for .constdata
    iouart.o(i.IOUARTCharPut) refers to queue.o(i.queueNData) for queueNData
    iouart.o(i.IOUARTCharPut) refers to queue.o(i.queueSize) for queueSize
    iouart.o(i.IOUARTCharPut) refers to queue.o(i.queueWrite) for queueWrite
    iouart.o(i.IOUARTCharPut) refers to DrvIOUART.o(.text) for IOTimer_OPEN
    iouart.o(i.IOUARTCharPut) refers to iouart.o(.bss) for .bss
    iouart.o(i.IOUARTCharPut) refers to iouart.o(.constdata) for .constdata
    iouart.o(i.IOUARTCharPutNonBlocking) refers to queue.o(i.queueNData) for queueNData
    iouart.o(i.IOUARTCharPutNonBlocking) refers to queue.o(i.queueSize) for queueSize
    iouart.o(i.IOUARTCharPutNonBlocking) refers to queue.o(i.queueWrite) for queueWrite
    iouart.o(i.IOUARTCharPutNonBlocking) refers to DrvIOUART.o(.text) for IOTimer_OPEN
    iouart.o(i.IOUARTCharPutNonBlocking) refers to iouart.o(.bss) for .bss
    iouart.o(i.IOUARTCharPutNonBlocking) refers to iouart.o(.constdata) for .constdata
    iouart.o(i.IOUARTCharsAvail) refers to queue.o(i.queueNData) for queueNData
    iouart.o(i.IOUARTCharsAvail) refers to iouart.o(.bss) for .bss
    iouart.o(i.IOUARTHandle) refers to DrvIOUART.o(.text) for IORX0_IN
    iouart.o(i.IOUARTHandle) refers to queue.o(i.queueWrite) for queueWrite
    iouart.o(i.IOUARTHandle) refers to queue.o(i.queueRead) for queueRead
    iouart.o(i.IOUARTHandle) refers to queue.o(i.queueNData) for queueNData
    iouart.o(i.IOUARTHandle) refers to iouart.o(.bss) for .bss
    iouart.o(i.IOUARTHandle) refers to iouart.o(.data) for .data
    iouart.o(i.IOUARTInit) refers to uidiv.o(.text) for __aeabi_uidivmod
    iouart.o(i.IOUARTInit) refers to DrvIOUART.o(.text) for IOTimerInit
    iouart.o(i.IOUARTInit) refers to queue.o(i.queueCreate) for queueCreate
    iouart.o(i.IOUARTInit) refers to iouart.o(.bss) for .bss
    iouart.o(i.IOUARTRxFifoLength) refers to queue.o(i.queueNData) for queueNData
    iouart.o(i.IOUARTRxFifoLength) refers to iouart.o(.bss) for .bss
    iouart.o(i.IOUARTSpaceAvail) refers to queue.o(i.queueNData) for queueNData
    iouart.o(i.IOUARTSpaceAvail) refers to queue.o(i.queueSize) for queueSize
    iouart.o(i.IOUARTSpaceAvail) refers to iouart.o(.bss) for .bss
    iouart.o(i.IOUARTTxFifoLength) refers to queue.o(i.queueNData) for queueNData
    iouart.o(i.IOUARTTxFifoLength) refers to iouart.o(.bss) for .bss
    iouart.o(i.IOUARTTxState) refers to queue.o(i.queueNData) for queueNData
    iouart.o(i.IOUARTTxState) refers to iouart.o(.bss) for .bss
    entry.o(.ARM.Collect$$$$00000000) refers (Special) to entry10a.o(.ARM.Collect$$$$0000000D) for __rt_final_cpp
    entry.o(.ARM.Collect$$$$00000000) refers (Special) to entry11a.o(.ARM.Collect$$$$0000000F) for __rt_final_exit
    entry.o(.ARM.Collect$$$$00000000) refers (Special) to entry7b.o(.ARM.Collect$$$$00000008) for _main_clock
    entry.o(.ARM.Collect$$$$00000000) refers (Special) to entry8b.o(.ARM.Collect$$$$0000000A) for _main_cpp_init
    entry.o(.ARM.Collect$$$$00000000) refers (Special) to entry9a.o(.ARM.Collect$$$$0000000B) for _main_init
    entry.o(.ARM.Collect$$$$00000000) refers (Special) to entry5.o(.ARM.Collect$$$$00000004) for _main_scatterload
    entry.o(.ARM.Collect$$$$00000000) refers (Special) to entry2.o(.ARM.Collect$$$$00000001) for _main_stk
    idiv.o(.text) refers to uidiv.o(.text) for __aeabi_uidivmod
    printfb.o(i.__0fprintf$bare) refers to printfb.o(i._printf_core) for _printf_core
    printfb.o(i.__0fprintf$bare) refers to fputc.o(i.fputc) for fputc
    printfb.o(i.__0printf$bare) refers to printfb.o(i._printf_core) for _printf_core
    printfb.o(i.__0printf$bare) refers to fputc.o(i.fputc) for fputc
    printfb.o(i.__0printf$bare) refers to stdout.o(.data) for __stdout
    printfb.o(i.__0snprintf$bare) refers to printfb.o(i._printf_core) for _printf_core
    printfb.o(i.__0snprintf$bare) refers to printfb.o(i._snputc) for _snputc
    printfb.o(i.__0sprintf$bare) refers to printfb.o(i._printf_core) for _printf_core
    printfb.o(i.__0sprintf$bare) refers to printfb.o(i._sputc) for _sputc
    printfb.o(i.__0vfprintf$bare) refers to printfb.o(i._printf_core) for _printf_core
    printfb.o(i.__0vfprintf$bare) refers to fputc.o(i.fputc) for fputc
    printfb.o(i.__0vprintf$bare) refers to printfb.o(i._printf_core) for _printf_core
    printfb.o(i.__0vprintf$bare) refers to fputc.o(i.fputc) for fputc
    printfb.o(i.__0vprintf$bare) refers to stdout.o(.data) for __stdout
    printfb.o(i.__0vsnprintf$bare) refers to printfb.o(i._printf_core) for _printf_core
    printfb.o(i.__0vsnprintf$bare) refers to printfb.o(i._snputc) for _snputc
    printfb.o(i.__0vsprintf$bare) refers to printfb.o(i._printf_core) for _printf_core
    printfb.o(i.__0vsprintf$bare) refers to printfb.o(i._sputc) for _sputc
    printf0.o(i.__0fprintf$0) refers to printf0.o(i._printf_core) for _printf_core
    printf0.o(i.__0fprintf$0) refers to fputc.o(i.fputc) for fputc
    printf0.o(i.__0printf$0) refers to printf0.o(i._printf_core) for _printf_core
    printf0.o(i.__0printf$0) refers to fputc.o(i.fputc) for fputc
    printf0.o(i.__0printf$0) refers to stdout.o(.data) for __stdout
    printf0.o(i.__0snprintf$0) refers to printf0.o(i._printf_core) for _printf_core
    printf0.o(i.__0snprintf$0) refers to printf0.o(i._snputc) for _snputc
    printf0.o(i.__0sprintf$0) refers to printf0.o(i._printf_core) for _printf_core
    printf0.o(i.__0sprintf$0) refers to printf0.o(i._sputc) for _sputc
    printf0.o(i.__0vfprintf$0) refers to printf0.o(i._printf_core) for _printf_core
    printf0.o(i.__0vfprintf$0) refers to fputc.o(i.fputc) for fputc
    printf0.o(i.__0vprintf$0) refers to printf0.o(i._printf_core) for _printf_core
    printf0.o(i.__0vprintf$0) refers to fputc.o(i.fputc) for fputc
    printf0.o(i.__0vprintf$0) refers to stdout.o(.data) for __stdout
    printf0.o(i.__0vsnprintf$0) refers to printf0.o(i._printf_core) for _printf_core
    printf0.o(i.__0vsnprintf$0) refers to printf0.o(i._snputc) for _snputc
    printf0.o(i.__0vsprintf$0) refers to printf0.o(i._printf_core) for _printf_core
    printf0.o(i.__0vsprintf$0) refers to printf0.o(i._sputc) for _sputc
    printf1.o(i.__0fprintf$1) refers to printf1.o(i._printf_core) for _printf_core
    printf1.o(i.__0fprintf$1) refers to fputc.o(i.fputc) for fputc
    printf1.o(i.__0printf$1) refers to printf1.o(i._printf_core) for _printf_core
    printf1.o(i.__0printf$1) refers to fputc.o(i.fputc) for fputc
    printf1.o(i.__0printf$1) refers to stdout.o(.data) for __stdout
    printf1.o(i.__0snprintf$1) refers to printf1.o(i._printf_core) for _printf_core
    printf1.o(i.__0snprintf$1) refers to printf1.o(i._snputc) for _snputc
    printf1.o(i.__0sprintf$1) refers to printf1.o(i._printf_core) for _printf_core
    printf1.o(i.__0sprintf$1) refers to printf1.o(i._sputc) for _sputc
    printf1.o(i.__0vfprintf$1) refers to printf1.o(i._printf_core) for _printf_core
    printf1.o(i.__0vfprintf$1) refers to fputc.o(i.fputc) for fputc
    printf1.o(i.__0vprintf$1) refers to printf1.o(i._printf_core) for _printf_core
    printf1.o(i.__0vprintf$1) refers to fputc.o(i.fputc) for fputc
    printf1.o(i.__0vprintf$1) refers to stdout.o(.data) for __stdout
    printf1.o(i.__0vsnprintf$1) refers to printf1.o(i._printf_core) for _printf_core
    printf1.o(i.__0vsnprintf$1) refers to printf1.o(i._snputc) for _snputc
    printf1.o(i.__0vsprintf$1) refers to printf1.o(i._printf_core) for _printf_core
    printf1.o(i.__0vsprintf$1) refers to printf1.o(i._sputc) for _sputc
    printf1.o(i._printf_core) refers to uidiv.o(.text) for __aeabi_uidivmod
    printf2.o(i.__0fprintf$2) refers to printf2.o(i._printf_core) for _printf_core
    printf2.o(i.__0fprintf$2) refers to fputc.o(i.fputc) for fputc
    printf2.o(i.__0printf$2) refers to printf2.o(i._printf_core) for _printf_core
    printf2.o(i.__0printf$2) refers to fputc.o(i.fputc) for fputc
    printf2.o(i.__0printf$2) refers to stdout.o(.data) for __stdout
    printf2.o(i.__0snprintf$2) refers to printf2.o(i._printf_core) for _printf_core
    printf2.o(i.__0snprintf$2) refers to printf2.o(i._snputc) for _snputc
    printf2.o(i.__0sprintf$2) refers to printf2.o(i._printf_core) for _printf_core
    printf2.o(i.__0sprintf$2) refers to printf2.o(i._sputc) for _sputc
    printf2.o(i.__0vfprintf$2) refers to printf2.o(i._printf_core) for _printf_core
    printf2.o(i.__0vfprintf$2) refers to fputc.o(i.fputc) for fputc
    printf2.o(i.__0vprintf$2) refers to printf2.o(i._printf_core) for _printf_core
    printf2.o(i.__0vprintf$2) refers to fputc.o(i.fputc) for fputc
    printf2.o(i.__0vprintf$2) refers to stdout.o(.data) for __stdout
    printf2.o(i.__0vsnprintf$2) refers to printf2.o(i._printf_core) for _printf_core
    printf2.o(i.__0vsnprintf$2) refers to printf2.o(i._snputc) for _snputc
    printf2.o(i.__0vsprintf$2) refers to printf2.o(i._printf_core) for _printf_core
    printf2.o(i.__0vsprintf$2) refers to printf2.o(i._sputc) for _sputc
    printf3.o(i.__0fprintf$3) refers to printf3.o(i._printf_core) for _printf_core
    printf3.o(i.__0fprintf$3) refers to fputc.o(i.fputc) for fputc
    printf3.o(i.__0printf$3) refers to printf3.o(i._printf_core) for _printf_core
    printf3.o(i.__0printf$3) refers to fputc.o(i.fputc) for fputc
    printf3.o(i.__0printf$3) refers to stdout.o(.data) for __stdout
    printf3.o(i.__0snprintf$3) refers to printf3.o(i._printf_core) for _printf_core
    printf3.o(i.__0snprintf$3) refers to printf3.o(i._snputc) for _snputc
    printf3.o(i.__0sprintf$3) refers to printf3.o(i._printf_core) for _printf_core
    printf3.o(i.__0sprintf$3) refers to printf3.o(i._sputc) for _sputc
    printf3.o(i.__0vfprintf$3) refers to printf3.o(i._printf_core) for _printf_core
    printf3.o(i.__0vfprintf$3) refers to fputc.o(i.fputc) for fputc
    printf3.o(i.__0vprintf$3) refers to printf3.o(i._printf_core) for _printf_core
    printf3.o(i.__0vprintf$3) refers to fputc.o(i.fputc) for fputc
    printf3.o(i.__0vprintf$3) refers to stdout.o(.data) for __stdout
    printf3.o(i.__0vsnprintf$3) refers to printf3.o(i._printf_core) for _printf_core
    printf3.o(i.__0vsnprintf$3) refers to printf3.o(i._snputc) for _snputc
    printf3.o(i.__0vsprintf$3) refers to printf3.o(i._printf_core) for _printf_core
    printf3.o(i.__0vsprintf$3) refers to printf3.o(i._sputc) for _sputc
    printf3.o(i._printf_core) refers to uidiv.o(.text) for __aeabi_uidivmod
    printf4.o(i.__0fprintf$4) refers to printf4.o(i._printf_core) for _printf_core
    printf4.o(i.__0fprintf$4) refers to fputc.o(i.fputc) for fputc
    printf4.o(i.__0printf$4) refers to printf4.o(i._printf_core) for _printf_core
    printf4.o(i.__0printf$4) refers to fputc.o(i.fputc) for fputc
    printf4.o(i.__0printf$4) refers to stdout.o(.data) for __stdout
    printf4.o(i.__0snprintf$4) refers to printf4.o(i._printf_core) for _printf_core
    printf4.o(i.__0snprintf$4) refers to printf4.o(i._snputc) for _snputc
    printf4.o(i.__0sprintf$4) refers to printf4.o(i._printf_core) for _printf_core
    printf4.o(i.__0sprintf$4) refers to printf4.o(i._sputc) for _sputc
    printf4.o(i.__0vfprintf$4) refers to printf4.o(i._printf_core) for _printf_core
    printf4.o(i.__0vfprintf$4) refers to fputc.o(i.fputc) for fputc
    printf4.o(i.__0vprintf$4) refers to printf4.o(i._printf_core) for _printf_core
    printf4.o(i.__0vprintf$4) refers to fputc.o(i.fputc) for fputc
    printf4.o(i.__0vprintf$4) refers to stdout.o(.data) for __stdout
    printf4.o(i.__0vsnprintf$4) refers to printf4.o(i._printf_core) for _printf_core
    printf4.o(i.__0vsnprintf$4) refers to printf4.o(i._snputc) for _snputc
    printf4.o(i.__0vsprintf$4) refers to printf4.o(i._printf_core) for _printf_core
    printf4.o(i.__0vsprintf$4) refers to printf4.o(i._sputc) for _sputc
    printf4.o(i._printf_core) refers to uldiv.o(.text) for __aeabi_uldivmod
    printf5.o(i.__0fprintf$5) refers to printf5.o(i._printf_core) for _printf_core
    printf5.o(i.__0fprintf$5) refers to fputc.o(i.fputc) for fputc
    printf5.o(i.__0printf$5) refers to printf5.o(i._printf_core) for _printf_core
    printf5.o(i.__0printf$5) refers to fputc.o(i.fputc) for fputc
    printf5.o(i.__0printf$5) refers to stdout.o(.data) for __stdout
    printf5.o(i.__0snprintf$5) refers to printf5.o(i._printf_core) for _printf_core
    printf5.o(i.__0snprintf$5) refers to printf5.o(i._snputc) for _snputc
    printf5.o(i.__0sprintf$5) refers to printf5.o(i._printf_core) for _printf_core
    printf5.o(i.__0sprintf$5) refers to printf5.o(i._sputc) for _sputc
    printf5.o(i.__0vfprintf$5) refers to printf5.o(i._printf_core) for _printf_core
    printf5.o(i.__0vfprintf$5) refers to fputc.o(i.fputc) for fputc
    printf5.o(i.__0vprintf$5) refers to printf5.o(i._printf_core) for _printf_core
    printf5.o(i.__0vprintf$5) refers to fputc.o(i.fputc) for fputc
    printf5.o(i.__0vprintf$5) refers to stdout.o(.data) for __stdout
    printf5.o(i.__0vsnprintf$5) refers to printf5.o(i._printf_core) for _printf_core
    printf5.o(i.__0vsnprintf$5) refers to printf5.o(i._snputc) for _snputc
    printf5.o(i.__0vsprintf$5) refers to printf5.o(i._printf_core) for _printf_core
    printf5.o(i.__0vsprintf$5) refers to printf5.o(i._sputc) for _sputc
    printf5.o(i._printf_core) refers to uldiv.o(.text) for __aeabi_uldivmod
    printf6.o(i.__0fprintf$6) refers to printf6.o(i._printf_core) for _printf_core
    printf6.o(i.__0fprintf$6) refers to fputc.o(i.fputc) for fputc
    printf6.o(i.__0printf$6) refers to printf6.o(i._printf_core) for _printf_core
    printf6.o(i.__0printf$6) refers to fputc.o(i.fputc) for fputc
    printf6.o(i.__0printf$6) refers to stdout.o(.data) for __stdout
    printf6.o(i.__0snprintf$6) refers to printf6.o(i._printf_core) for _printf_core
    printf6.o(i.__0snprintf$6) refers to printf6.o(i._snputc) for _snputc
    printf6.o(i.__0sprintf$6) refers to printf6.o(i._printf_core) for _printf_core
    printf6.o(i.__0sprintf$6) refers to printf6.o(i._sputc) for _sputc
    printf6.o(i.__0vfprintf$6) refers to printf6.o(i._printf_core) for _printf_core
    printf6.o(i.__0vfprintf$6) refers to fputc.o(i.fputc) for fputc
    printf6.o(i.__0vprintf$6) refers to printf6.o(i._printf_core) for _printf_core
    printf6.o(i.__0vprintf$6) refers to fputc.o(i.fputc) for fputc
    printf6.o(i.__0vprintf$6) refers to stdout.o(.data) for __stdout
    printf6.o(i.__0vsnprintf$6) refers to printf6.o(i._printf_core) for _printf_core
    printf6.o(i.__0vsnprintf$6) refers to printf6.o(i._snputc) for _snputc
    printf6.o(i.__0vsprintf$6) refers to printf6.o(i._printf_core) for _printf_core
    printf6.o(i.__0vsprintf$6) refers to printf6.o(i._sputc) for _sputc
    printf6.o(i._printf_core) refers to printf6.o(i._printf_pre_padding) for _printf_pre_padding
    printf6.o(i._printf_core) refers to printf6.o(i._printf_post_padding) for _printf_post_padding
    printf6.o(i._printf_core) refers to uidiv.o(.text) for __aeabi_uidivmod
    printf7.o(i.__0fprintf$7) refers to printf7.o(i._printf_core) for _printf_core
    printf7.o(i.__0fprintf$7) refers to fputc.o(i.fputc) for fputc
    printf7.o(i.__0printf$7) refers to printf7.o(i._printf_core) for _printf_core
    printf7.o(i.__0printf$7) refers to fputc.o(i.fputc) for fputc
    printf7.o(i.__0printf$7) refers to stdout.o(.data) for __stdout
    printf7.o(i.__0snprintf$7) refers to printf7.o(i._printf_core) for _printf_core
    printf7.o(i.__0snprintf$7) refers to printf7.o(i._snputc) for _snputc
    printf7.o(i.__0sprintf$7) refers to printf7.o(i._printf_core) for _printf_core
    printf7.o(i.__0sprintf$7) refers to printf7.o(i._sputc) for _sputc
    printf7.o(i.__0vfprintf$7) refers to printf7.o(i._printf_core) for _printf_core
    printf7.o(i.__0vfprintf$7) refers to fputc.o(i.fputc) for fputc
    printf7.o(i.__0vprintf$7) refers to printf7.o(i._printf_core) for _printf_core
    printf7.o(i.__0vprintf$7) refers to fputc.o(i.fputc) for fputc
    printf7.o(i.__0vprintf$7) refers to stdout.o(.data) for __stdout
    printf7.o(i.__0vsnprintf$7) refers to printf7.o(i._printf_core) for _printf_core
    printf7.o(i.__0vsnprintf$7) refers to printf7.o(i._snputc) for _snputc
    printf7.o(i.__0vsprintf$7) refers to printf7.o(i._printf_core) for _printf_core
    printf7.o(i.__0vsprintf$7) refers to printf7.o(i._sputc) for _sputc
    printf7.o(i._printf_core) refers to printf7.o(i._printf_pre_padding) for _printf_pre_padding
    printf7.o(i._printf_core) refers to printf7.o(i._printf_post_padding) for _printf_post_padding
    printf7.o(i._printf_core) refers to uldiv.o(.text) for __aeabi_uldivmod
    printf8.o(i.__0fprintf$8) refers to printf8.o(i._printf_core) for _printf_core
    printf8.o(i.__0fprintf$8) refers to fputc.o(i.fputc) for fputc
    printf8.o(i.__0printf$8) refers to printf8.o(i._printf_core) for _printf_core
    printf8.o(i.__0printf$8) refers to fputc.o(i.fputc) for fputc
    printf8.o(i.__0printf$8) refers to stdout.o(.data) for __stdout
    printf8.o(i.__0snprintf$8) refers to printf8.o(i._printf_core) for _printf_core
    printf8.o(i.__0snprintf$8) refers to printf8.o(i._snputc) for _snputc
    printf8.o(i.__0sprintf$8) refers to printf8.o(i._printf_core) for _printf_core
    printf8.o(i.__0sprintf$8) refers to printf8.o(i._sputc) for _sputc
    printf8.o(i.__0vfprintf$8) refers to printf8.o(i._printf_core) for _printf_core
    printf8.o(i.__0vfprintf$8) refers to fputc.o(i.fputc) for fputc
    printf8.o(i.__0vprintf$8) refers to printf8.o(i._printf_core) for _printf_core
    printf8.o(i.__0vprintf$8) refers to fputc.o(i.fputc) for fputc
    printf8.o(i.__0vprintf$8) refers to stdout.o(.data) for __stdout
    printf8.o(i.__0vsnprintf$8) refers to printf8.o(i._printf_core) for _printf_core
    printf8.o(i.__0vsnprintf$8) refers to printf8.o(i._snputc) for _snputc
    printf8.o(i.__0vsprintf$8) refers to printf8.o(i._printf_core) for _printf_core
    printf8.o(i.__0vsprintf$8) refers to printf8.o(i._sputc) for _sputc
    printf8.o(i._printf_core) refers to printf8.o(i._printf_pre_padding) for _printf_pre_padding
    printf8.o(i._printf_core) refers to printf8.o(i._printf_post_padding) for _printf_post_padding
    printf8.o(i._printf_core) refers to uldiv.o(.text) for __aeabi_uldivmod
    printfa.o(i.__0fprintf) refers (Special) to iusefp.o(.text) for __I$use$fp
    printfa.o(i.__0fprintf) refers to printfa.o(i._printf_core) for _printf_core
    printfa.o(i.__0fprintf) refers to fputc.o(i.fputc) for fputc
    printfa.o(i.__0printf) refers (Special) to iusefp.o(.text) for __I$use$fp
    printfa.o(i.__0printf) refers to printfa.o(i._printf_core) for _printf_core
    printfa.o(i.__0printf) refers to fputc.o(i.fputc) for fputc
    printfa.o(i.__0printf) refers to stdout.o(.data) for __stdout
    printfa.o(i.__0snprintf) refers (Special) to iusefp.o(.text) for __I$use$fp
    printfa.o(i.__0snprintf) refers to printfa.o(i._printf_core) for _printf_core
    printfa.o(i.__0snprintf) refers to printfa.o(i._snputc) for _snputc
    printfa.o(i.__0sprintf) refers (Special) to iusefp.o(.text) for __I$use$fp
    printfa.o(i.__0sprintf) refers to printfa.o(i._printf_core) for _printf_core
    printfa.o(i.__0sprintf) refers to printfa.o(i._sputc) for _sputc
    printfa.o(i.__0vfprintf) refers (Special) to iusefp.o(.text) for __I$use$fp
    printfa.o(i.__0vfprintf) refers to printfa.o(i._printf_core) for _printf_core
    printfa.o(i.__0vfprintf) refers to fputc.o(i.fputc) for fputc
    printfa.o(i.__0vprintf) refers (Special) to iusefp.o(.text) for __I$use$fp
    printfa.o(i.__0vprintf) refers to printfa.o(i._printf_core) for _printf_core
    printfa.o(i.__0vprintf) refers to fputc.o(i.fputc) for fputc
    printfa.o(i.__0vprintf) refers to stdout.o(.data) for __stdout
    printfa.o(i.__0vsnprintf) refers (Special) to iusefp.o(.text) for __I$use$fp
    printfa.o(i.__0vsnprintf) refers to printfa.o(i._printf_core) for _printf_core
    printfa.o(i.__0vsnprintf) refers to printfa.o(i._snputc) for _snputc
    printfa.o(i.__0vsprintf) refers (Special) to iusefp.o(.text) for __I$use$fp
    printfa.o(i.__0vsprintf) refers to printfa.o(i._printf_core) for _printf_core
    printfa.o(i.__0vsprintf) refers to printfa.o(i._sputc) for _sputc
    printfa.o(i._fp_digits) refers (Special) to iusefp.o(.text) for __I$use$fp
    printfa.o(i._fp_digits) refers to dmul.o(.text) for __aeabi_dmul
    printfa.o(i._fp_digits) refers to ddiv.o(.text) for __aeabi_ddiv
    printfa.o(i._fp_digits) refers to cdrcmple.o(.text) for __aeabi_cdrcmple
    printfa.o(i._fp_digits) refers to dadd.o(.text) for __aeabi_dadd
    printfa.o(i._fp_digits) refers to dfixul.o(.text) for __aeabi_d2ulz
    printfa.o(i._fp_digits) refers to uldiv.o(.text) for __aeabi_uldivmod
    printfa.o(i._printf_core) refers (Special) to iusefp.o(.text) for __I$use$fp
    printfa.o(i._printf_core) refers to printfa.o(i._printf_pre_padding) for _printf_pre_padding
    printfa.o(i._printf_core) refers to uldiv.o(.text) for __aeabi_uldivmod
    printfa.o(i._printf_core) refers to printfa.o(i._printf_post_padding) for _printf_post_padding
    printfa.o(i._printf_core) refers to printfa.o(i._fp_digits) for _fp_digits
    printfa.o(i._printf_core) refers to uidiv.o(.text) for __aeabi_uidivmod
    printfa.o(i._printf_post_padding) refers (Special) to iusefp.o(.text) for __I$use$fp
    printfa.o(i._printf_pre_padding) refers (Special) to iusefp.o(.text) for __I$use$fp
    printfa.o(i._snputc) refers (Special) to iusefp.o(.text) for __I$use$fp
    printfa.o(i._sputc) refers (Special) to iusefp.o(.text) for __I$use$fp
    malloc.o(i.free) refers to mvars.o(.data) for __microlib_freelist
    malloc.o(i.malloc) refers to mvars.o(.data) for __microlib_freelist_initialised
    malloc.o(i.malloc) refers to mvars.o(.data) for __microlib_freelist
    malloc.o(i.malloc) refers to startup_LPC11xx.o(HEAP) for __heap_base
    mallocr.o(i.__free$realloc) refers to mvars.o(.data) for __microlib_freelist
    mallocr.o(i.__malloc$realloc) refers to mallocr.o(i.internal_alloc) for internal_alloc
    mallocr.o(i.__malloc$realloc) refers to mvars.o(.data) for __microlib_freelist_initialised
    mallocr.o(i.__malloc$realloc) refers to startup_LPC11xx.o(HEAP) for __heap_base
    mallocr.o(i.__malloc$realloc) refers to mvars.o(.data) for __microlib_freelist
    mallocr.o(i.internal_alloc) refers to memcpya.o(.text) for __aeabi_memcpy
    mallocr.o(i.internal_alloc) refers to mvars.o(.data) for __microlib_freelist
    mallocr.o(i.realloc) refers to mallocr.o(i.__free$realloc) for __free$realloc
    mallocr.o(i.realloc) refers to mallocr.o(i.internal_alloc) for internal_alloc
    mallocr.o(i.realloc) refers to mallocr.o(i.__malloc$realloc) for __malloc$realloc
    mallocr.o(i.realloc) refers to mvars.o(.data) for __microlib_freelist
    malloca.o(i.__aligned_malloc) refers to mvars.o(.data) for __microlib_freelist
    malloca.o(i.__aligned_malloc) refers to mvars.o(.data) for __microlib_freelist_initialised
    malloca.o(i.__aligned_malloc) refers to startup_LPC11xx.o(HEAP) for __heap_base
    malloca.o(i.__free$memalign) refers to mvars.o(.data) for __microlib_freelist
    malloca.o(i.__malloc$memalign) refers to malloca.o(i.__aligned_malloc) for __aligned_malloc
    mallocra.o(i.__aligned_malloc$realloc) refers to mallocra.o(i.internal_alloc) for internal_alloc
    mallocra.o(i.__aligned_malloc$realloc) refers to startup_LPC11xx.o(HEAP) for __heap_base
    mallocra.o(i.__aligned_malloc$realloc) refers to mvars.o(.data) for __microlib_freelist
    mallocra.o(i.__aligned_malloc$realloc) refers to mvars.o(.data) for __microlib_freelist_initialised
    mallocra.o(i.__free$realloc$memalign) refers to mvars.o(.data) for __microlib_freelist
    mallocra.o(i.__malloc$realloc$memalign) refers to mallocra.o(i.__aligned_malloc$realloc) for __aligned_malloc$realloc
    mallocra.o(i.__realloc$memalign) refers to mallocra.o(i.__free$realloc$memalign) for __free$realloc$memalign
    mallocra.o(i.__realloc$memalign) refers to mallocra.o(i.internal_alloc) for internal_alloc
    mallocra.o(i.__realloc$memalign) refers to mallocra.o(i.__malloc$realloc$memalign) for __malloc$realloc$memalign
    mallocra.o(i.__realloc$memalign) refers to mvars.o(.data) for __microlib_freelist
    mallocra.o(i.internal_alloc) refers to memcpya.o(.text) for __aeabi_memcpy
    mallocra.o(i.internal_alloc) refers to mvars.o(.data) for __microlib_freelist
    entry2.o(.ARM.Collect$$$$00000001) refers to entry2.o(.ARM.Collect$$$$00002712) for __lit__00000000
    entry2.o(.ARM.Collect$$$$00002712) refers to startup_LPC11xx.o(STACK) for __initial_sp
    entry2.o(__vectab_stack_and_reset_area) refers to startup_LPC11xx.o(STACK) for __initial_sp
    entry2.o(__vectab_stack_and_reset_area) refers to entry.o(.ARM.Collect$$$$00000000) for __main
    entry5.o(.ARM.Collect$$$$00000004) refers to init.o(.text) for __scatterload
    entry9a.o(.ARM.Collect$$$$0000000B) refers to main.o(.text) for main
    entry9b.o(.ARM.Collect$$$$0000000C) refers to main.o(.text) for main
    fputc.o(i.fputc) refers (Special) to iusesemip.o(.text) for __I$use$semihosting$fputc
    fputc.o(i.fputc) refers (Special) to semi.o(.text) for __semihosting_library_function
    uldiv.o(.text) refers to llushr.o(.text) for __aeabi_llsr
    uldiv.o(.text) refers to llshl.o(.text) for __aeabi_llsl
    dadd.o(.text) refers to llshl.o(.text) for __aeabi_llsl
    dadd.o(.text) refers to llsshr.o(.text) for __aeabi_lasr
    dadd.o(.text) refers to depilogue.o(.text) for _double_epilogue
    dmul.o(.text) refers to depilogue.o(.text) for _double_epilogue
    ddiv.o(.text) refers to depilogue.o(.text) for _double_round
    dfixul.o(.text) refers to llushr.o(.text) for __aeabi_llsr
    dfixul.o(.text) refers to llshl.o(.text) for __aeabi_llsl
    init.o(.text) refers to entry5.o(.ARM.Collect$$$$00000004) for __main_after_scatterload
    depilogue.o(.text) refers to depilogue.o(i.__ARM_clz) for __ARM_clz
    depilogue.o(.text) refers to llshl.o(.text) for __aeabi_llsl
    depilogue.o(.text) refers to llushr.o(.text) for __aeabi_llsr


==============================================================================

Removing Unused input sections from the image.

    Removing DrvCAN.o(.constdata), (16 bytes).
    Removing DrvUART.o(.constdata), (16 bytes).
    Removing main.o(.constdata), (16 bytes).
    Removing iouart.o(i.IOUARTCharGet), (120 bytes).
    Removing iouart.o(i.IOUARTCharPutNonBlocking), (104 bytes).
    Removing iouart.o(i.IOUARTCharsAvail), (32 bytes).
    Removing iouart.o(i.IOUARTSpaceAvail), (40 bytes).
    Removing iouart.o(i.IOUARTTxFifoLength), (24 bytes).
    Removing iouart.o(i.IOUARTTxState), (36 bytes).
    Removing queue.o(i.queueFlush), (22 bytes).
    Removing queue.o(i.queueWriteFront), (52 bytes).
    Removing dadd.o(.text), (356 bytes).
    Removing dmul.o(.text), (208 bytes).
    Removing ddiv.o(.text), (240 bytes).
    Removing dfixul.o(.text), (64 bytes).
    Removing cdrcmple.o(.text), (40 bytes).
    Removing depilogue.o(.text), (190 bytes).
    Removing depilogue.o(i.__ARM_clz), (46 bytes).

18 unused section(s) (total 1622 bytes) removed from the image.

==============================================================================

Image Symbol Table

    Local Symbols

    Symbol Name                              Value     Ov Type        Size  Object(Section)

    RESET                                    0x00000000   Section      192  startup_LPC11xx.o(RESET)
    ../clib/../cmprslib/zerorunl2.c          0x00000000   Number         0  __dczerorl2.o ABSOLUTE
    ../clib/microlib/division.c              0x00000000   Number         0  idiv.o ABSOLUTE
    ../clib/microlib/division.c              0x00000000   Number         0  uidiv.o ABSOLUTE
    ../clib/microlib/division.c              0x00000000   Number         0  uldiv.o ABSOLUTE
    ../clib/microlib/init/entry.s            0x00000000   Number         0  entry.o ABSOLUTE
    ../clib/microlib/init/entry.s            0x00000000   Number         0  entry10b.o ABSOLUTE
    ../clib/microlib/init/entry.s            0x00000000   Number         0  entry2.o ABSOLUTE
    ../clib/microlib/init/entry.s            0x00000000   Number         0  entry5.o ABSOLUTE
    ../clib/microlib/init/entry.s            0x00000000   Number         0  entry7a.o ABSOLUTE
    ../clib/microlib/init/entry.s            0x00000000   Number         0  entry7b.o ABSOLUTE
    ../clib/microlib/init/entry.s            0x00000000   Number         0  entry8a.o ABSOLUTE
    ../clib/microlib/init/entry.s            0x00000000   Number         0  entry11b.o ABSOLUTE
    ../clib/microlib/init/entry.s            0x00000000   Number         0  entry8b.o ABSOLUTE
    ../clib/microlib/init/entry.s            0x00000000   Number         0  entry9a.o ABSOLUTE
    ../clib/microlib/init/entry.s            0x00000000   Number         0  entry9b.o ABSOLUTE
    ../clib/microlib/init/entry.s            0x00000000   Number         0  entry11a.o ABSOLUTE
    ../clib/microlib/init/entry.s            0x00000000   Number         0  entry10a.o ABSOLUTE
    ../clib/microlib/longlong.c              0x00000000   Number         0  llsshr.o ABSOLUTE
    ../clib/microlib/longlong.c              0x00000000   Number         0  llushr.o ABSOLUTE
    ../clib/microlib/longlong.c              0x00000000   Number         0  llshl.o ABSOLUTE
    ../clib/microlib/malloc/malloc.c         0x00000000   Number         0  malloc.o ABSOLUTE
    ../clib/microlib/malloc/malloc.c         0x00000000   Number         0  mallocr.o ABSOLUTE
    ../clib/microlib/malloc/malloc.c         0x00000000   Number         0  malloca.o ABSOLUTE
    ../clib/microlib/malloc/malloc.c         0x00000000   Number         0  mallocra.o ABSOLUTE
    ../clib/microlib/malloc/mvars.c          0x00000000   Number         0  mvars.o ABSOLUTE
    ../clib/microlib/printf/printf.c         0x00000000   Number         0  printf5.o ABSOLUTE
    ../clib/microlib/printf/printf.c         0x00000000   Number         0  printf1.o ABSOLUTE
    ../clib/microlib/printf/printf.c         0x00000000   Number         0  printf7.o ABSOLUTE
    ../clib/microlib/printf/printf.c         0x00000000   Number         0  printf8.o ABSOLUTE
    ../clib/microlib/printf/printf.c         0x00000000   Number         0  printfa.o ABSOLUTE
    ../clib/microlib/printf/printf.c         0x00000000   Number         0  printfb.o ABSOLUTE
    ../clib/microlib/printf/printf.c         0x00000000   Number         0  printf6.o ABSOLUTE
    ../clib/microlib/printf/printf.c         0x00000000   Number         0  printf0.o ABSOLUTE
    ../clib/microlib/printf/printf.c         0x00000000   Number         0  printf2.o ABSOLUTE
    ../clib/microlib/printf/printf.c         0x00000000   Number         0  printf3.o ABSOLUTE
    ../clib/microlib/printf/printf.c         0x00000000   Number         0  printf4.o ABSOLUTE
    ../clib/microlib/printf/stubs.s          0x00000000   Number         0  stubs.o ABSOLUTE
    ../clib/microlib/stdio/fputc.c           0x00000000   Number         0  fputc.o ABSOLUTE
    ../clib/microlib/stdio/semi.s            0x00000000   Number         0  semi.o ABSOLUTE
    ../clib/microlib/stdio/streams.c         0x00000000   Number         0  stdout.o ABSOLUTE
    ../clib/microlib/string/memcmp.c         0x00000000   Number         0  memcmp.o ABSOLUTE
    ../clib/microlib/string/memcpy.c         0x00000000   Number         0  memcpya.o ABSOLUTE
    ../clib/microlib/string/memcpy.c         0x00000000   Number         0  memcpyb.o ABSOLUTE
    ../clib/microlib/string/memset.c         0x00000000   Number         0  memseta.o ABSOLUTE
    ../clib/microlib/string/strlen.c         0x00000000   Number         0  strlen.o ABSOLUTE
    ../clib/microlib/stubs.s                 0x00000000   Number         0  iusesemip.o ABSOLUTE
    ../clib/microlib/stubs.s                 0x00000000   Number         0  iusefp.o ABSOLUTE
    ../fplib/microlib/fpadd.c                0x00000000   Number         0  dadd.o ABSOLUTE
    ../fplib/microlib/fpdiv.c                0x00000000   Number         0  ddiv.o ABSOLUTE
    ../fplib/microlib/fpepilogue.c           0x00000000   Number         0  depilogue.o ABSOLUTE
    ../fplib/microlib/fpfix.c                0x00000000   Number         0  dfixul.o ABSOLUTE
    ../fplib/microlib/fpmul.c                0x00000000   Number         0  dmul.o ABSOLUTE
    .\src\App\logic.c                        0x00000000   Number         0  logic.o ABSOLUTE
    .\src\App\main.c                         0x00000000   Number         0  main.o ABSOLUTE
    .\src\App\user.c                         0x00000000   Number         0  user.o ABSOLUTE
    .\src\Core\core_cm0.c                    0x00000000   Number         0  core_cm0.o ABSOLUTE
    .\src\Core\startup_LPC11xx.s             0x00000000   Number         0  startup_LPC11xx.o ABSOLUTE
    .\src\Core\system_LPC11xx.c              0x00000000   Number         0  system_LPC11xx.o ABSOLUTE
    .\src\Library\DrvCAN.c                   0x00000000   Number         0  DrvCAN.o ABSOLUTE
    .\src\Library\DrvFlash.c                 0x00000000   Number         0  DrvFlash.o ABSOLUTE
    .\src\Library\DrvGPIO.c                  0x00000000   Number         0  DrvGPIO.o ABSOLUTE
    .\src\Library\DrvIOUART.c                0x00000000   Number         0  DrvIOUART.o ABSOLUTE
    .\src\Library\DrvSysClk.c                0x00000000   Number         0  DrvSysClk.o ABSOLUTE
    .\src\Library\DrvTimer.c                 0x00000000   Number         0  DrvTimer.o ABSOLUTE
    .\src\Library\DrvUART.c                  0x00000000   Number         0  DrvUART.o ABSOLUTE
    IOUART\iouart.c                          0x00000000   Number         0  iouart.o ABSOLUTE
    IOUART\queue.c                           0x00000000   Number         0  queue.o ABSOLUTE
    cdrcmple.s                               0x00000000   Number         0  cdrcmple.o ABSOLUTE
    dc.s                                     0x00000000   Number         0  dc.o ABSOLUTE
    handlers.s                               0x00000000   Number         0  handlers.o ABSOLUTE
    init.s                                   0x00000000   Number         0  init.o ABSOLUTE
    .ARM.Collect$$$$00000000                 0x000000c0   Section        0  entry.o(.ARM.Collect$$$$00000000)
    .ARM.Collect$$$$00000001                 0x000000c0   Section        4  entry2.o(.ARM.Collect$$$$00000001)
    .ARM.Collect$$$$00000004                 0x000000c4   Section        4  entry5.o(.ARM.Collect$$$$00000004)
    .ARM.Collect$$$$00000008                 0x000000c8   Section        0  entry7b.o(.ARM.Collect$$$$00000008)
    .ARM.Collect$$$$0000000A                 0x000000c8   Section        0  entry8b.o(.ARM.Collect$$$$0000000A)
    .ARM.Collect$$$$0000000B                 0x000000c8   Section        8  entry9a.o(.ARM.Collect$$$$0000000B)
    .ARM.Collect$$$$0000000D                 0x000000d0   Section        0  entry10a.o(.ARM.Collect$$$$0000000D)
    .ARM.Collect$$$$0000000F                 0x000000d0   Section        0  entry11a.o(.ARM.Collect$$$$0000000F)
    .ARM.Collect$$$$00002712                 0x000000d0   Section        4  entry2.o(.ARM.Collect$$$$00002712)
    __lit__00000000                          0x000000d0   Data           4  entry2.o(.ARM.Collect$$$$00002712)
    .text                                    0x000000d4   Section        0  DrvFlash.o(.text)
    .text                                    0x000001ac   Section        0  main.o(.text)
    .text                                    0x00000284   Section       28  startup_LPC11xx.o(.text)
    .text                                    0x000002a0   Section        0  uidiv.o(.text)
    .text                                    0x000002cc   Section        0  idiv.o(.text)
    i.__scatterload_null                     0x000002f4   Section        2  handlers.o(i.__scatterload_null)
    .ARM.__at_0x02FC                         0x000002fc   Section        4  startup_LPC11xx.o(.ARM.__at_0x02FC)
    .text                                    0x00000300   Section        0  DrvCAN.o(.text)
    NVIC_SetPriority                         0x00000759   Thumb Code   110  DrvCAN.o(.text)
    .text                                    0x000007d0   Section        0  DrvGPIO.o(.text)
    .text                                    0x000009b0   Section        0  DrvIOUART.o(.text)
    NVIC_SetPriority                         0x000009b1   Thumb Code   110  DrvIOUART.o(.text)
    NVIC_EnableIRQ                           0x00000beb   Thumb Code    14  DrvIOUART.o(.text)
    .text                                    0x00000c2c   Section        0  DrvSysClk.o(.text)
    NVIC_SetPriority                         0x00000d71   Thumb Code   110  DrvSysClk.o(.text)
    .text                                    0x00000e00   Section        0  DrvTimer.o(.text)
    NVIC_SetPriority                         0x00000e01   Thumb Code   110  DrvTimer.o(.text)
    NVIC_EnableIRQ                           0x00000f4d   Thumb Code    14  DrvTimer.o(.text)
    NVIC_DisableIRQ                          0x00000f5b   Thumb Code    16  DrvTimer.o(.text)
    .text                                    0x00000f88   Section        0  DrvUART.o(.text)
    NVIC_DisableIRQ                          0x00001141   Thumb Code    16  DrvUART.o(.text)
    NVIC_SetPriority                         0x00001151   Thumb Code   110  DrvUART.o(.text)
    .text                                    0x000011d8   Section        0  system_LPC11xx.o(.text)
    .text                                    0x00001394   Section        0  logic.o(.text)
    .text                                    0x000030f4   Section        0  user.o(.text)
    .text                                    0x00003bc0   Section        0  memcpya.o(.text)
    .text                                    0x00003be4   Section        0  memseta.o(.text)
    .text                                    0x00003c08   Section        0  strlen.o(.text)
    .text                                    0x00003c16   Section        0  memcmp.o(.text)
    .text                                    0x00003c30   Section       36  init.o(.text)
    .text                                    0x00003c54   Section        0  __dczerorl2.o(.text)
    i.IOEINT0_IRQHandler                     0x00003caa   Section        0  iouart.o(i.IOEINT0_IRQHandler)
    i.IOTimer_IRQHandler                     0x00003cb6   Section        0  iouart.o(i.IOTimer_IRQHandler)
    i.IOUARTCharGetNonBlocking               0x00003cc4   Section        0  iouart.o(i.IOUARTCharGetNonBlocking)
    i.IOUARTCharPut                          0x00003d3c   Section        0  iouart.o(i.IOUARTCharPut)
    i.IOUARTHandle                           0x00003da8   Section        0  iouart.o(i.IOUARTHandle)
    i.IOUARTInit                             0x00003edc   Section        0  iouart.o(i.IOUARTInit)
    i.IOUARTRxFifoLength                     0x00003f84   Section        0  iouart.o(i.IOUARTRxFifoLength)
    i.__0sprintf$1                           0x00003f9c   Section        0  printf1.o(i.__0sprintf$1)
    i.__ARM_common_switch8                   0x00003fc4   Section        0  logic.o(i.__ARM_common_switch8)
    i.__scatterload_copy                     0x00003fe0   Section       14  handlers.o(i.__scatterload_copy)
    i.__scatterload_zeroinit                 0x00003fee   Section       14  handlers.o(i.__scatterload_zeroinit)
    i._printf_core                           0x00003ffc   Section        0  printf1.o(i._printf_core)
    _printf_core                             0x00003ffd   Thumb Code   332  printf1.o(i._printf_core)
    i._sputc                                 0x0000414c   Section        0  printf1.o(i._sputc)
    _sputc                                   0x0000414d   Thumb Code    10  printf1.o(i._sputc)
    i.free                                   0x00004158   Section        0  malloc.o(i.free)
    i.malloc                                 0x000041ac   Section        0  malloc.o(i.malloc)
    i.queueCreate                            0x00004218   Section        0  queue.o(i.queueCreate)
    i.queueNData                             0x00004250   Section        0  queue.o(i.queueNData)
    i.queueRead                              0x00004258   Section        0  queue.o(i.queueRead)
    i.queueSize                              0x0000428e   Section        0  queue.o(i.queueSize)
    i.queueWrite                             0x00004296   Section        0  queue.o(i.queueWrite)
    .constdata                               0x000042cc   Section       16  DrvGPIO.o(.constdata)
    LPC_GPIO                                 0x000042cc   Data          16  DrvGPIO.o(.constdata)
    .constdata                               0x000042dc   Section     1744  logic.o(.constdata)
    LPC_GPIO                                 0x000042dc   Data          16  logic.o(.constdata)
    .constdata                               0x000049ac   Section      300  user.o(.constdata)
    LPC_GPIO                                 0x000049ac   Data          16  user.o(.constdata)
    .constdata                               0x00004ad8   Section      256  iouart.o(.constdata)
    .data                                    0x100000c0   Section       24  DrvCAN.o(.data)
    sCanMsgSize                              0x100000d4   Data           4  DrvCAN.o(.data)
    .data                                    0x100000d8   Section        4  DrvFlash.o(.data)
    .data                                    0x100000dc   Section       16  DrvGPIO.o(.data)
    ledFlag                                  0x100000e8   Data           4  DrvGPIO.o(.data)
    .data                                    0x100000ec   Section        2  DrvIOUART.o(.data)
    .data                                    0x100000f0   Section        8  DrvSysClk.o(.data)
    .data                                    0x100000f8   Section       12  system_LPC11xx.o(.data)
    .data                                    0x10000104   Section     1392  logic.o(.data)
    count                                    0x10000659   Data           1  logic.o(.data)
    recStatus                                0x1000065a   Data           1  logic.o(.data)
    busy                                     0x1000065b   Data           1  logic.o(.data)
    sCurRecvFrame                            0x1000065c   Data           4  logic.o(.data)
    count                                    0x10000660   Data           1  logic.o(.data)
    count                                    0x10000661   Data           1  logic.o(.data)
    tmpYearBuffer                            0x10000662   Data           4  logic.o(.data)
    tmpMonthBuffer                           0x10000666   Data           2  logic.o(.data)
    tmpDayBuffer                             0x10000668   Data           2  logic.o(.data)
    tmpHourBuffer                            0x1000066a   Data           2  logic.o(.data)
    tmpMinBuffer                             0x1000066c   Data           2  logic.o(.data)
    startkey                                 0x1000066e   Data           1  logic.o(.data)
    sFlrLen                                  0x10000670   Data           4  logic.o(.data)
    .data                                    0x10000674   Section      125  user.o(.data)
    tmpValue                                 0x100006e4   Data           8  user.o(.data)
    tmpData                                  0x100006ec   Data           5  user.o(.data)
    .data                                    0x100006f1   Section        1  iouart.o(.data)
    timer_out                                0x100006f1   Data           1  iouart.o(.data)
    .data                                    0x100006f4   Section        4  mvars.o(.data)
    .data                                    0x100006f8   Section        4  mvars.o(.data)
    .bss                                     0x100006fc   Section       20  DrvCAN.o(.bss)
    .bss                                     0x10000710   Section       40  DrvFlash.o(.bss)
    .bss                                     0x10000738   Section      584  DrvIOUART.o(.bss)
    .bss                                     0x10000980   Section     3636  logic.o(.bss)
    .bss                                     0x100017b4   Section       24  iouart.o(.bss)
    GtPar                                    0x100017b4   Data          24  iouart.o(.bss)
    HEAP                                     0x100017d0   Section        0  startup_LPC11xx.o(HEAP)
    STACK                                    0x100017d0   Section     2048  startup_LPC11xx.o(STACK)

    Global Symbols

    Symbol Name                              Value     Ov Type        Size  Object(Section)

    BuildAttributes$$THM_ISAv3M$S$PE$A:L22$X:L11$S22$IEEE1$IW$USESV6$~STKCKD$USESV7$~SHL$OTIME$ROPI$EBA8$MICROLIB$REQ8$PRES8$EABIv2 0x00000000   Number         0  anon$$obj.o ABSOLUTE
    __ARM_use_no_argv                        0x00000000   Number         0  main.o ABSOLUTE
    __Vectors                                0x00000000   Data           4  startup_LPC11xx.o(RESET)
    _printf_a                                0x00000000   Number         0  stubs.o ABSOLUTE
    _printf_c                                0x00000000   Number         0  stubs.o ABSOLUTE
    _printf_charcount                        0x00000000   Number         0  stubs.o ABSOLUTE
    _printf_d                                0x00000000   Number         0  stubs.o ABSOLUTE
    _printf_e                                0x00000000   Number         0  stubs.o ABSOLUTE
    _printf_f                                0x00000000   Number         0  stubs.o ABSOLUTE
    _printf_flags                            0x00000000   Number         0  stubs.o ABSOLUTE
    _printf_fp_dec                           0x00000000   Number         0  stubs.o ABSOLUTE
    _printf_fp_hex                           0x00000000   Number         0  stubs.o ABSOLUTE
    _printf_g                                0x00000000   Number         0  stubs.o ABSOLUTE
    _printf_i                                0x00000000   Number         0  stubs.o ABSOLUTE
    _printf_int_dec                          0x00000000   Number         0  stubs.o ABSOLUTE
    _printf_l                                0x00000000   Number         0  stubs.o ABSOLUTE
    _printf_lc                               0x00000000   Number         0  stubs.o ABSOLUTE
    _printf_ll                               0x00000000   Number         0  stubs.o ABSOLUTE
    _printf_lld                              0x00000000   Number         0  stubs.o ABSOLUTE
    _printf_lli                              0x00000000   Number         0  stubs.o ABSOLUTE
    _printf_llo                              0x00000000   Number         0  stubs.o ABSOLUTE
    _printf_llu                              0x00000000   Number         0  stubs.o ABSOLUTE
    _printf_llx                              0x00000000   Number         0  stubs.o ABSOLUTE
    _printf_longlong_dec                     0x00000000   Number         0  stubs.o ABSOLUTE
    _printf_longlong_hex                     0x00000000   Number         0  stubs.o ABSOLUTE
    _printf_longlong_oct                     0x00000000   Number         0  stubs.o ABSOLUTE
    _printf_ls                               0x00000000   Number         0  stubs.o ABSOLUTE
    _printf_mbtowc                           0x00000000   Number         0  stubs.o ABSOLUTE
    _printf_n                                0x00000000   Number         0  stubs.o ABSOLUTE
    _printf_o                                0x00000000   Number         0  stubs.o ABSOLUTE
    _printf_p                                0x00000000   Number         0  stubs.o ABSOLUTE
    _printf_percent                          0x00000000   Number         0  stubs.o ABSOLUTE
    _printf_pre_padding                      0x00000000   Number         0  stubs.o ABSOLUTE
    _printf_return_value                     0x00000000   Number         0  stubs.o ABSOLUTE
    _printf_s                                0x00000000   Number         0  stubs.o ABSOLUTE
    _printf_sizespec                         0x00000000   Number         0  stubs.o ABSOLUTE
    _printf_str                              0x00000000   Number         0  stubs.o ABSOLUTE
    _printf_truncate_signed                  0x00000000   Number         0  stubs.o ABSOLUTE
    _printf_truncate_unsigned                0x00000000   Number         0  stubs.o ABSOLUTE
    _printf_u                                0x00000000   Number         0  stubs.o ABSOLUTE
    _printf_wc                               0x00000000   Number         0  stubs.o ABSOLUTE
    _printf_wctomb                           0x00000000   Number         0  stubs.o ABSOLUTE
    _printf_widthprec                        0x00000000   Number         0  stubs.o ABSOLUTE
    _printf_x                                0x00000000   Number         0  stubs.o ABSOLUTE
    __cpp_initialize__aeabi_                  - Undefined Weak Reference
    __cxa_finalize                            - Undefined Weak Reference
    _clock_init                               - Undefined Weak Reference
    _microlib_exit                            - Undefined Weak Reference
    __main                                   0x000000c1   Thumb Code     0  entry.o(.ARM.Collect$$$$00000000)
    _main_stk                                0x000000c1   Thumb Code     0  entry2.o(.ARM.Collect$$$$00000001)
    _main_scatterload                        0x000000c5   Thumb Code     0  entry5.o(.ARM.Collect$$$$00000004)
    __main_after_scatterload                 0x000000c9   Thumb Code     0  entry5.o(.ARM.Collect$$$$00000004)
    _main_clock                              0x000000c9   Thumb Code     0  entry7b.o(.ARM.Collect$$$$00000008)
    _main_cpp_init                           0x000000c9   Thumb Code     0  entry8b.o(.ARM.Collect$$$$0000000A)
    _main_init                               0x000000c9   Thumb Code     0  entry9a.o(.ARM.Collect$$$$0000000B)
    __rt_final_cpp                           0x000000d1   Thumb Code     0  entry10a.o(.ARM.Collect$$$$0000000D)
    __rt_final_exit                          0x000000d1   Thumb Code     0  entry11a.o(.ARM.Collect$$$$0000000F)
    SectorPrepare                            0x000000d5   Thumb Code    30  DrvFlash.o(.text)
    RamToFalsh                               0x000000f3   Thumb Code    52  DrvFlash.o(.text)
    blankChk                                 0x00000127   Thumb Code    32  DrvFlash.o(.text)
    SectorErasure                            0x00000147   Thumb Code    48  DrvFlash.o(.text)
    ReAllocateNVIC                           0x00000177   Thumb Code    34  DrvFlash.o(.text)
    main                                     0x000001ad   Thumb Code   196  main.o(.text)
    Reset_Handler                            0x00000285   Thumb Code     4  startup_LPC11xx.o(.text)
    NMI_Handler                              0x00000289   Thumb Code     2  startup_LPC11xx.o(.text)
    HardFault_Handler                        0x0000028b   Thumb Code     2  startup_LPC11xx.o(.text)
    MemManage_Handler                        0x0000028d   Thumb Code     2  startup_LPC11xx.o(.text)
    BusFault_Handler                         0x0000028f   Thumb Code     2  startup_LPC11xx.o(.text)
    UsageFault_Handler                       0x00000291   Thumb Code     2  startup_LPC11xx.o(.text)
    SVC_Handler                              0x00000293   Thumb Code     2  startup_LPC11xx.o(.text)
    DebugMon_Handler                         0x00000295   Thumb Code     2  startup_LPC11xx.o(.text)
    PendSV_Handler                           0x00000297   Thumb Code     2  startup_LPC11xx.o(.text)
    SysTick_Handler                          0x00000299   Thumb Code     2  startup_LPC11xx.o(.text)
    ADC_IRQHandler                           0x0000029b   Thumb Code     0  startup_LPC11xx.o(.text)
    BOD_IRQHandler                           0x0000029b   Thumb Code     0  startup_LPC11xx.o(.text)
    FMC_IRQHandler                           0x0000029b   Thumb Code     0  startup_LPC11xx.o(.text)
    I2C_IRQHandler                           0x0000029b   Thumb Code     0  startup_LPC11xx.o(.text)
    PIOINT0_IRQHandler                       0x0000029b   Thumb Code     0  startup_LPC11xx.o(.text)
    PIOINT1_IRQHandler                       0x0000029b   Thumb Code     0  startup_LPC11xx.o(.text)
    PIOINT2_IRQHandler                       0x0000029b   Thumb Code     0  startup_LPC11xx.o(.text)
    SSP0_IRQHandler                          0x0000029b   Thumb Code     0  startup_LPC11xx.o(.text)
    SSP1_IRQHandler                          0x0000029b   Thumb Code     0  startup_LPC11xx.o(.text)
    USB_FIQHandler                           0x0000029b   Thumb Code     0  startup_LPC11xx.o(.text)
    USB_IRQHandler                           0x0000029b   Thumb Code     0  startup_LPC11xx.o(.text)
    WAKEUP_IRQHandler                        0x0000029b   Thumb Code     0  startup_LPC11xx.o(.text)
    WDT_IRQHandler                           0x0000029b   Thumb Code     0  startup_LPC11xx.o(.text)
    __aeabi_uidiv                            0x000002a1   Thumb Code     0  uidiv.o(.text)
    __aeabi_uidivmod                         0x000002a1   Thumb Code    44  uidiv.o(.text)
    __aeabi_idiv                             0x000002cd   Thumb Code     0  idiv.o(.text)
    __aeabi_idivmod                          0x000002cd   Thumb Code    40  idiv.o(.text)
    __scatterload_null                       0x000002f5   Thumb Code     2  handlers.o(i.__scatterload_null)
    InitRecvObject                           0x00000301   Thumb Code   108  DrvCAN.o(.text)
    CANOpen                                  0x0000036d   Thumb Code   434  DrvCAN.o(.text)
    CANClose                                 0x0000051f   Thumb Code    32  DrvCAN.o(.text)
    CANSend                                  0x0000053f   Thumb Code   150  DrvCAN.o(.text)
    Callback_CanReceived                     0x000005d5   Thumb Code    22  DrvCAN.o(.text)
    CAN_IRQHandler                           0x000005eb   Thumb Code   366  DrvCAN.o(.text)
    GPIOSetValue                             0x000007d1   Thumb Code    22  DrvGPIO.o(.text)
    GPIOGetValue                             0x000007e7   Thumb Code    28  DrvGPIO.o(.text)
    GPIOSetDir                               0x00000803   Thumb Code   256  DrvGPIO.o(.text)
    SetLedBinkFrequency                      0x00000903   Thumb Code     6  DrvGPIO.o(.text)
    LoopForLedBlink                          0x00000909   Thumb Code   130  DrvGPIO.o(.text)
    IOUART_Prepare                           0x00000a1f   Thumb Code    38  DrvIOUART.o(.text)
    IOUART_Open                              0x00000a45   Thumb Code    38  DrvIOUART.o(.text)
    IOUART_Send                              0x00000a6b   Thumb Code    30  DrvIOUART.o(.text)
    IOUART_Recv                              0x00000a89   Thumb Code    54  DrvIOUART.o(.text)
    IOTX0_OUT                                0x00000abf   Thumb Code    16  DrvIOUART.o(.text)
    IORX0_IN                                 0x00000acf   Thumb Code    16  DrvIOUART.o(.text)
    IORX0_OPEN                               0x00000adf   Thumb Code    26  DrvIOUART.o(.text)
    IORX0_CLOSE                              0x00000af9   Thumb Code    14  DrvIOUART.o(.text)
    IOPort0Init                              0x00000b07   Thumb Code    90  DrvIOUART.o(.text)
    PIOINT3_IRQHandler                       0x00000b61   Thumb Code     8  DrvIOUART.o(.text)
    IOTimer_INT_CLR                          0x00000b69   Thumb Code     8  DrvIOUART.o(.text)
    IOTimer_OPEN                             0x00000b71   Thumb Code     8  DrvIOUART.o(.text)
    IOTimer_CLOSE                            0x00000b79   Thumb Code    10  DrvIOUART.o(.text)
    IOTimerInit                              0x00000b83   Thumb Code    66  DrvIOUART.o(.text)
    TIMER16_1_IRQHandler                     0x00000bc5   Thumb Code     8  DrvIOUART.o(.text)
    IOUART_REC                               0x00000bcd   Thumb Code    30  DrvIOUART.o(.text)
    TIMER16_0_IRQHandler                     0x00000c2d   Thumb Code    36  DrvSysClk.o(.text)
    GetElapsedTime                           0x00000c51   Thumb Code    10  DrvSysClk.o(.text)
    StartSysTick                             0x00000c5b   Thumb Code    64  DrvSysClk.o(.text)
    StopSysTick                              0x00000c9b   Thumb Code    22  DrvSysClk.o(.text)
    Delay                                    0x00000cb1   Thumb Code    32  DrvSysClk.o(.text)
    SetTimeout                               0x00000cd1   Thumb Code   118  DrvSysClk.o(.text)
    IsTimeout                                0x00000d47   Thumb Code    42  DrvSysClk.o(.text)
    StartTimer                               0x00000e6f   Thumb Code   128  DrvTimer.o(.text)
    StopTimer                                0x00000eef   Thumb Code    40  DrvTimer.o(.text)
    TIMER32_0_IRQHandler                     0x00000f17   Thumb Code    28  DrvTimer.o(.text)
    TIMER32_1_IRQHandler                     0x00000f33   Thumb Code    26  DrvTimer.o(.text)
    UARTOpen                                 0x00000f89   Thumb Code   272  DrvUART.o(.text)
    UARTClose                                0x00001099   Thumb Code    16  DrvUART.o(.text)
    UARTReceive                              0x000010a9   Thumb Code    22  DrvUART.o(.text)
    UARTSend                                 0x000010bf   Thumb Code    32  DrvUART.o(.text)
    Callback_UartReceived                    0x000010df   Thumb Code    14  DrvUART.o(.text)
    UART_IRQHandler                          0x000010ed   Thumb Code    84  DrvUART.o(.text)
    Main_PLL_Setup                           0x000011d9   Thumb Code   158  system_LPC11xx.o(.text)
    SystemInit                               0x00001277   Thumb Code   244  system_LPC11xx.o(.text)
    LoopForFrameToMPU                        0x00001395   Thumb Code    84  logic.o(.text)
    SendFrameToMPU                           0x000013e9   Thumb Code   120  logic.o(.text)
    SetUiTextToMPU                           0x00001461   Thumb Code    46  logic.o(.text)
    ModifyMenuValue                          0x0000148f   Thumb Code  2666  logic.o(.text)
    SaveParameters                           0x00001ef9   Thumb Code    60  logic.o(.text)
    LoadParameters                           0x00001f35   Thumb Code    76  logic.o(.text)
    SendPageIndexToMPU                       0x00001f81   Thumb Code    38  logic.o(.text)
    SyncParameters                           0x00001fa7   Thumb Code    72  logic.o(.text)
    SetConnState                             0x00001fef   Thumb Code    74  logic.o(.text)
    PoweronMPU                               0x00002039   Thumb Code    16  logic.o(.text)
    RestartMPU                               0x00002049   Thumb Code     8  logic.o(.text)
    IsConnectedWithMPU                       0x00002051   Thumb Code   128  logic.o(.text)
    ReceivedFromMPU                          0x000020d1   Thumb Code    40  logic.o(.text)
    LoopForMPU                               0x000020f9   Thumb Code    68  logic.o(.text)
    RecvDataFromMPU                          0x0000213d   Thumb Code   262  logic.o(.text)
    LightButton                              0x00002243   Thumb Code    60  logic.o(.text)
    ParseFrameFromMPU                        0x0000227f   Thumb Code   910  logic.o(.text)
    GetEffectFromList                        0x0000260d   Thumb Code    36  logic.o(.text)
    AddEffectToList                          0x00002631   Thumb Code    48  logic.o(.text)
    ProcessButton                            0x00002661   Thumb Code    64  logic.o(.text)
    LoopForUILogicOfMPU                      0x000026a1   Thumb Code     2  logic.o(.text)
    LoopForFrameFromMPU                      0x000026a3   Thumb Code    66  logic.o(.text)
    Callback_LUMINARY_Changed                0x000026e5   Thumb Code     2  logic.o(.text)
    Callback_VOLUME_Changed                  0x000026e7   Thumb Code     2  logic.o(.text)
    Callback_FLOOR_Changed                   0x000026e9   Thumb Code   614  logic.o(.text)
    Callback_ARROW_Changed                   0x0000294f   Thumb Code   486  logic.o(.text)
    Callback_FUNCTION_Changed                0x00002b35   Thumb Code   124  logic.o(.text)
    Callback_FLOOR_2_Changed                 0x00002bb1   Thumb Code     2  logic.o(.text)
    Callback_ARROW_2_Changed                 0x00002bb3   Thumb Code     2  logic.o(.text)
    Callback_FUNCTION_2_Changed              0x00002bb5   Thumb Code     2  logic.o(.text)
    Callback_VIDEO_Changed                   0x00002bb7   Thumb Code     2  logic.o(.text)
    Callback_IMAGE_Changed                   0x00002bb9   Thumb Code     2  logic.o(.text)
    Callback_AUDIO_Changed                   0x00002bbb   Thumb Code     2  logic.o(.text)
    Callback_TEXT_Changed                    0x00002bbd   Thumb Code     2  logic.o(.text)
    Callback_PERSON_Changed                  0x00002bbf   Thumb Code     2  logic.o(.text)
    Callback_LOADCAPACITY_Changed            0x00002bc1   Thumb Code     2  logic.o(.text)
    Callback_LOGO_Changed                    0x00002bc3   Thumb Code     2  logic.o(.text)
    Callback_DATETIME_Changed                0x00002bc5   Thumb Code    62  logic.o(.text)
    Callback_BACKGROUND_Changed              0x00002c03   Thumb Code    58  logic.o(.text)
    Callback_WEATHER_Changed                 0x00002c3d   Thumb Code     2  logic.o(.text)
    Callback_TEMPERATURE_Changed             0x00002c3f   Thumb Code     2  logic.o(.text)
    Callback_FLRPAD_Changed                  0x00002c41   Thumb Code   156  logic.o(.text)
    Callback_LOPPAD_Changed                  0x00002cdd   Thumb Code   186  logic.o(.text)
    Callback_COPPAD_Changed                  0x00002d97   Thumb Code   126  logic.o(.text)
    WriteMPUData                             0x00002e15   Thumb Code    82  logic.o(.text)
    ReadMPUData                              0x00002e67   Thumb Code    12  logic.o(.text)
    SetFrameIntervalOfController             0x00002e73   Thumb Code    14  logic.o(.text)
    SetFrameHeaderOfController               0x00002e81   Thumb Code    44  logic.o(.text)
    SetFrameFooterOfController               0x00002ead   Thumb Code    44  logic.o(.text)
    RecvRawDataFromController                0x00002ed9   Thumb Code    84  logic.o(.text)
    RecvRawFrameFromController               0x00002f2d   Thumb Code    74  logic.o(.text)
    LoopForFrameFromController               0x00002f77   Thumb Code   328  logic.o(.text)
    SendFrameToController                    0x000030bf   Thumb Code    34  logic.o(.text)
    Callback_SysTick                         0x000030f5   Thumb Code    46  user.o(.text)
    CRC16_Modbus                             0x00003123   Thumb Code    52  user.o(.text)
    UserParameters                           0x00003157   Thumb Code    24  user.o(.text)
    TimerInit                                0x0000316f   Thumb Code    20  user.o(.text)
    Callback_Timer                           0x00003183   Thumb Code    42  user.o(.text)
    ConrtollerPortInit                       0x000031ad   Thumb Code    22  user.o(.text)
    IsAscii                                  0x000031c3   Thumb Code    30  user.o(.text)
    GetAsciiPic                              0x000031e1   Thumb Code    82  user.o(.text)
    yihuo_value                              0x00003233   Thumb Code    26  user.o(.text)
    SendCallToController                     0x0000324d   Thumb Code   288  user.o(.text)
    Flr_pro                                  0x0000336d   Thumb Code    84  user.o(.text)
    SetFuncPosition                          0x000033c1   Thumb Code   760  user.o(.text)
    DispalyUpdate                            0x000036b9   Thumb Code   536  user.o(.text)
    DispalyUpdate_CAN                        0x000038d1   Thumb Code   496  user.o(.text)
    ParseFrameFromController                 0x00003ac1   Thumb Code   200  user.o(.text)
    CallElevatorToController                 0x00003b89   Thumb Code    48  user.o(.text)
    __aeabi_memcpy                           0x00003bc1   Thumb Code    36  memcpya.o(.text)
    __aeabi_memcpy4                          0x00003bc1   Thumb Code     0  memcpya.o(.text)
    __aeabi_memcpy8                          0x00003bc1   Thumb Code     0  memcpya.o(.text)
    __aeabi_memset                           0x00003be5   Thumb Code    14  memseta.o(.text)
    __aeabi_memset4                          0x00003be5   Thumb Code     0  memseta.o(.text)
    __aeabi_memset8                          0x00003be5   Thumb Code     0  memseta.o(.text)
    __aeabi_memclr                           0x00003bf3   Thumb Code     4  memseta.o(.text)
    __aeabi_memclr4                          0x00003bf3   Thumb Code     0  memseta.o(.text)
    __aeabi_memclr8                          0x00003bf3   Thumb Code     0  memseta.o(.text)
    _memset$wrapper                          0x00003bf7   Thumb Code    18  memseta.o(.text)
    strlen                                   0x00003c09   Thumb Code    14  strlen.o(.text)
    memcmp                                   0x00003c17   Thumb Code    26  memcmp.o(.text)
    __scatterload                            0x00003c31   Thumb Code    28  init.o(.text)
    __scatterload_rt2                        0x00003c31   Thumb Code     0  init.o(.text)
    __decompress                             0x00003c55   Thumb Code     0  __dczerorl2.o(.text)
    __decompress1                            0x00003c55   Thumb Code    86  __dczerorl2.o(.text)
    IOEINT0_IRQHandler                       0x00003cab   Thumb Code    12  iouart.o(i.IOEINT0_IRQHandler)
    IOTimer_IRQHandler                       0x00003cb7   Thumb Code    12  iouart.o(i.IOTimer_IRQHandler)
    IOUARTCharGetNonBlocking                 0x00003cc5   Thumb Code   110  iouart.o(i.IOUARTCharGetNonBlocking)
    IOUARTCharPut                            0x00003d3d   Thumb Code    98  iouart.o(i.IOUARTCharPut)
    IOUARTHandle                             0x00003da9   Thumb Code   294  iouart.o(i.IOUARTHandle)
    IOUARTInit                               0x00003edd   Thumb Code   162  iouart.o(i.IOUARTInit)
    IOUARTRxFifoLength                       0x00003f85   Thumb Code    20  iouart.o(i.IOUARTRxFifoLength)
    __0sprintf$1                             0x00003f9d   Thumb Code    36  printf1.o(i.__0sprintf$1)
    __1sprintf$1                             0x00003f9d   Thumb Code     0  printf1.o(i.__0sprintf$1)
    __2sprintf                               0x00003f9d   Thumb Code     0  printf1.o(i.__0sprintf$1)
    __ARM_common_switch8                     0x00003fc5   Thumb Code    28  logic.o(i.__ARM_common_switch8)
    __scatterload_copy                       0x00003fe1   Thumb Code    14  handlers.o(i.__scatterload_copy)
    __scatterload_zeroinit                   0x00003fef   Thumb Code    14  handlers.o(i.__scatterload_zeroinit)
    free                                     0x00004159   Thumb Code    80  malloc.o(i.free)
    malloc                                   0x000041ad   Thumb Code    92  malloc.o(i.malloc)
    queueCreate                              0x00004219   Thumb Code    50  queue.o(i.queueCreate)
    queueNData                               0x00004251   Thumb Code     8  queue.o(i.queueNData)
    queueRead                                0x00004259   Thumb Code    54  queue.o(i.queueRead)
    queueSize                                0x0000428f   Thumb Code     8  queue.o(i.queueSize)
    queueWrite                               0x00004297   Thumb Code    54  queue.o(i.queueWrite)
    StageSigDefine                           0x000049bc   Data          88  user.o(.constdata)
    HextoASCII_Code                          0x00004a14   Data          44  user.o(.constdata)
    bit9_table                               0x00004ad8   Data         256  iouart.o(.constdata)
    Region$$Table$$Base                      0x00004bd8   Number         0  anon$$obj.o(Region$$Table)
    Region$$Table$$Limit                     0x00004bf8   Number         0  anon$$obj.o(Region$$Table)
    EWarnCnt                                 0x100000c0   Data           4  DrvCAN.o(.data)
    BOffCnt                                  0x100000c4   Data           4  DrvCAN.o(.data)
    gBaudRateBackUp                          0x100000c8   Data           4  DrvCAN.o(.data)
    gRecvIDs                                 0x100000cc   Data           4  DrvCAN.o(.data)
    gRecvIDNum                               0x100000d0   Data           4  DrvCAN.o(.data)
    Iap_Entry                                0x100000d8   Data           4  DrvFlash.o(.data)
    gLEDInited                               0x100000dc   Data           4  DrvGPIO.o(.data)
    gLEDInterval                             0x100000e0   Data           4  DrvGPIO.o(.data)
    gLEDTick                                 0x100000e4   Data           4  DrvGPIO.o(.data)
    g_RecvIn                                 0x100000ec   Data           1  DrvIOUART.o(.data)
    g_RecvOut                                0x100000ed   Data           1  DrvIOUART.o(.data)
    gSysTickCount                            0x100000f0   Data           4  DrvSysClk.o(.data)
    gTimeoutList                             0x100000f4   Data           4  DrvSysClk.o(.data)
    uClockSource                             0x100000f8   Data           4  system_LPC11xx.o(.data)
    uSystemFrequency                         0x100000fc   Data           4  system_LPC11xx.o(.data)
    uSystemAHBFrequency                      0x10000100   Data           4  system_LPC11xx.o(.data)
    ever_add_flr                             0x10000104   Data           1  logic.o(.data)
    RTC_NOW                                  0x10000105   Data           6  logic.o(.data)
    gLopPadButton                            0x1000010c   Data          16  logic.o(.data)
    gCopPadButton                            0x1000011c   Data          24  logic.o(.data)
    gFlrPadButton                            0x10000134   Data         512  logic.o(.data)
    gKeyPadButton                            0x10000334   Data         136  logic.o(.data)
    gSetMenuButton                           0x100003bc   Data          48  logic.o(.data)
    gSetKeyButton                            0x100003ec   Data         224  logic.o(.data)
    gPasswdButton                            0x100004cc   Data          96  logic.o(.data)
    gUiEffectList                            0x1000052c   Data           4  logic.o(.data)
    gSendRightNow                            0x10000530   Data           4  logic.o(.data)
    gMPUDataBuffer                           0x10000534   Data         288  logic.o(.data)
    Testarr                                  0x10000654   Data           5  logic.o(.data)
    RTCSET                                   0x10000674   Data          64  user.o(.data)
    gVersion                                 0x100006b4   Data          32  user.o(.data)
    Countnum                                 0x100006d4   Data           4  user.o(.data)
    CountnumFlag                             0x100006d8   Data           4  user.o(.data)
    gCallTask                                0x100006dc   Data           8  user.o(.data)
    __microlib_freelist                      0x100006f4   Data           4  mvars.o(.data)
    __microlib_freelist_initialised          0x100006f8   Data           4  mvars.o(.data)
    gCurCanFrame                             0x100006fc   Data          20  DrvCAN.o(.bss)
    gParamIn                                 0x10000710   Data          20  DrvFlash.o(.bss)
    gParamOut                                0x10000724   Data          20  DrvFlash.o(.bss)
    config                                   0x10000738   Data          24  DrvIOUART.o(.bss)
    iou0_tx_buf                              0x10000750   Data         152  DrvIOUART.o(.bss)
    iou0_rx_buf                              0x100007e8   Data         152  DrvIOUART.o(.bss)
    g_RecvBuff                               0x10000880   Data         256  DrvIOUART.o(.bss)
    gParameters                              0x10000980   Data        1024  logic.o(.bss)
    gMPU                                     0x10000d80   Data          12  logic.o(.bss)
    gRecvFrameBuffer                         0x10000d8c   Data        1024  logic.o(.bss)
    gSendFrameBuffer                         0x1000118c   Data        1024  logic.o(.bss)
    gRawBuffersOfController                  0x1000158c   Data         552  logic.o(.bss)
    __heap_base                              0x100017d0   Data           0  startup_LPC11xx.o(HEAP)
    __heap_limit                             0x100017d0   Data           0  startup_LPC11xx.o(HEAP)
    __initial_sp                             0x10001fd0   Data           0  startup_LPC11xx.o(STACK)



==============================================================================

Memory Map of the image

  Image Entry point : 0x000000c1

  Load Region LR_IROM1 (Base: 0x00000000, Size: 0x00005234, Max: 0x00008000, ABSOLUTE, COMPRESSED[0x00004cac])

    Execution Region ER_IROM1 (Base: 0x00000000, Size: 0x00004bf8, Max: 0x00008000, ABSOLUTE)

    Base Addr    Size         Type   Attr      Idx    E Section Name        Object

    0x00000000   0x000000c0   Data   RO          306    RESET               startup_LPC11xx.o
    0x000000c0   0x00000000   Code   RO          358  * .ARM.Collect$$$$00000000  mc_p.l(entry.o)
    0x000000c0   0x00000004   Code   RO          664    .ARM.Collect$$$$00000001  mc_p.l(entry2.o)
    0x000000c4   0x00000004   Code   RO          667    .ARM.Collect$$$$00000004  mc_p.l(entry5.o)
    0x000000c8   0x00000000   Code   RO          669    .ARM.Collect$$$$00000008  mc_p.l(entry7b.o)
    0x000000c8   0x00000000   Code   RO          671    .ARM.Collect$$$$0000000A  mc_p.l(entry8b.o)
    0x000000c8   0x00000008   Code   RO          672    .ARM.Collect$$$$0000000B  mc_p.l(entry9a.o)
    0x000000d0   0x00000000   Code   RO          674    .ARM.Collect$$$$0000000D  mc_p.l(entry10a.o)
    0x000000d0   0x00000000   Code   RO          676    .ARM.Collect$$$$0000000F  mc_p.l(entry11a.o)
    0x000000d0   0x00000004   Code   RO          665    .ARM.Collect$$$$00002712  mc_p.l(entry2.o)
    0x000000d4   0x000000d8   Code   RO           73    .text               DrvFlash.o
    0x000001ac   0x000000d8   Code   RO          270    .text               main.o
    0x00000284   0x0000001c   Code   RO          308    .text               startup_LPC11xx.o
    0x000002a0   0x0000002c   Code   RO          361    .text               mc_p.l(uidiv.o)
    0x000002cc   0x00000028   Code   RO          363    .text               mc_p.l(idiv.o)
    0x000002f4   0x00000002   Code   RO          713    i.__scatterload_null  mc_p.l(handlers.o)
    0x000002f6   0x00000006   PAD
    0x000002fc   0x00000004   Code   RO          307    .ARM.__at_0x02FC    startup_LPC11xx.o
    0x00000300   0x000004d0   Code   RO            1    .text               DrvCAN.o
    0x000007d0   0x000001e0   Code   RO           92    .text               DrvGPIO.o
    0x000009b0   0x0000027c   Code   RO          117    .text               DrvIOUART.o
    0x00000c2c   0x000001d4   Code   RO          149    .text               DrvSysClk.o
    0x00000e00   0x00000188   Code   RO          170    .text               DrvTimer.o
    0x00000f88   0x00000250   Code   RO          185    .text               DrvUART.o
    0x000011d8   0x000001bc   Code   RO          211    .text               system_LPC11xx.o
    0x00001394   0x00001d60   Code   RO          238    .text               logic.o
    0x000030f4   0x00000acc   Code   RO          284    .text               user.o
    0x00003bc0   0x00000024   Code   RO          365    .text               mc_p.l(memcpya.o)
    0x00003be4   0x00000024   Code   RO          367    .text               mc_p.l(memseta.o)
    0x00003c08   0x0000000e   Code   RO          369    .text               mc_p.l(strlen.o)
    0x00003c16   0x0000001a   Code   RO          371    .text               mc_p.l(memcmp.o)
    0x00003c30   0x00000024   Code   RO          696    .text               mc_p.l(init.o)
    0x00003c54   0x00000056   Code   RO          718    .text               mc_p.l(__dczerorl2.o)
    0x00003caa   0x0000000c   Code   RO          315    i.IOEINT0_IRQHandler  IOUART.lib(iouart.o)
    0x00003cb6   0x0000000c   Code   RO          316    i.IOTimer_IRQHandler  IOUART.lib(iouart.o)
    0x00003cc2   0x00000002   PAD
    0x00003cc4   0x00000078   Code   RO          318    i.IOUARTCharGetNonBlocking  IOUART.lib(iouart.o)
    0x00003d3c   0x0000006c   Code   RO          319    i.IOUARTCharPut     IOUART.lib(iouart.o)
    0x00003da8   0x00000134   Code   RO          322    i.IOUARTHandle      IOUART.lib(iouart.o)
    0x00003edc   0x000000a8   Code   RO          323    i.IOUARTInit        IOUART.lib(iouart.o)
    0x00003f84   0x00000018   Code   RO          324    i.IOUARTRxFifoLength  IOUART.lib(iouart.o)
    0x00003f9c   0x00000028   Code   RO          422    i.__0sprintf$1      mc_p.l(printf1.o)
    0x00003fc4   0x0000001c   Code   RO          252    i.__ARM_common_switch8  logic.o
    0x00003fe0   0x0000000e   Code   RO          712    i.__scatterload_copy  mc_p.l(handlers.o)
    0x00003fee   0x0000000e   Code   RO          714    i.__scatterload_zeroinit  mc_p.l(handlers.o)
    0x00003ffc   0x00000150   Code   RO          427    i._printf_core      mc_p.l(printf1.o)
    0x0000414c   0x0000000a   Code   RO          429    i._sputc            mc_p.l(printf1.o)
    0x00004156   0x00000002   PAD
    0x00004158   0x00000054   Code   RO          636    i.free              mc_p.l(malloc.o)
    0x000041ac   0x0000006c   Code   RO          637    i.malloc            mc_p.l(malloc.o)
    0x00004218   0x00000038   Code   RO          344    i.queueCreate       IOUART.lib(queue.o)
    0x00004250   0x00000008   Code   RO          346    i.queueNData        IOUART.lib(queue.o)
    0x00004258   0x00000036   Code   RO          347    i.queueRead         IOUART.lib(queue.o)
    0x0000428e   0x00000008   Code   RO          348    i.queueSize         IOUART.lib(queue.o)
    0x00004296   0x00000036   Code   RO          349    i.queueWrite        IOUART.lib(queue.o)
    0x000042cc   0x00000010   Data   RO           93    .constdata          DrvGPIO.o
    0x000042dc   0x000006d0   Data   RO          240    .constdata          logic.o
    0x000049ac   0x0000012c   Data   RO          285    .constdata          user.o
    0x00004ad8   0x00000100   Data   RO          329    .constdata          IOUART.lib(iouart.o)
    0x00004bd8   0x00000020   Data   RO          710    Region$$Table       anon$$obj.o


    Execution Region RW_IRAM1 (Base: 0x100000c0, Size: 0x00001f10, Max: 0x00001f40, ABSOLUTE, COMPRESSED[0x000000b4])

    Base Addr    Size         Type   Attr      Idx    E Section Name        Object

    0x100000c0   0x00000018   Data   RW            4    .data               DrvCAN.o
    0x100000d8   0x00000004   Data   RW           75    .data               DrvFlash.o
    0x100000dc   0x00000010   Data   RW           94    .data               DrvGPIO.o
    0x100000ec   0x00000002   Data   RW          119    .data               DrvIOUART.o
    0x100000ee   0x00000002   PAD
    0x100000f0   0x00000008   Data   RW          150    .data               DrvSysClk.o
    0x100000f8   0x0000000c   Data   RW          212    .data               system_LPC11xx.o
    0x10000104   0x00000570   Data   RW          241    .data               logic.o
    0x10000674   0x0000007d   Data   RW          286    .data               user.o
    0x100006f1   0x00000001   Data   RW          330    .data               IOUART.lib(iouart.o)
    0x100006f2   0x00000002   PAD
    0x100006f4   0x00000004   Data   RW          683    .data               mc_p.l(mvars.o)
    0x100006f8   0x00000004   Data   RW          684    .data               mc_p.l(mvars.o)
    0x100006fc   0x00000014   Zero   RW            2    .bss                DrvCAN.o
    0x10000710   0x00000028   Zero   RW           74    .bss                DrvFlash.o
    0x10000738   0x00000248   Zero   RW          118    .bss                DrvIOUART.o
    0x10000980   0x00000e34   Zero   RW          239    .bss                logic.o
    0x100017b4   0x00000018   Zero   RW          328    .bss                IOUART.lib(iouart.o)
    0x100017cc   0x00000004   PAD
    0x100017d0   0x00000000   Zero   RW          305    HEAP                startup_LPC11xx.o
    0x100017d0   0x00000800   Zero   RW          304    STACK               startup_LPC11xx.o


==============================================================================

Image component sizes


      Code (inc. data)   RO Data    RW Data    ZI Data      Debug   Object Name

      1232        102          0         24         20      32238   DrvCAN.o
       216         20          0          4         40       2684   DrvFlash.o
       480         38         16         16          0      10086   DrvGPIO.o
       636         52          0          2        584      15308   DrvIOUART.o
       468         34          0          8          0       5947   DrvSysClk.o
       392         30          0          0          0       4153   DrvTimer.o
       592         26          0          0          0       5168   DrvUART.o
         0          0          0          0          0       3056   core_cm0.o
      7548        508       1744       1392       3636      32914   logic.o
       216         20          0          0          0        587   main.o
        32          8        192          0       2048       1016   startup_LPC11xx.o
       444         42          0         12          0       2612   system_LPC11xx.o
      2764        112        300        125          0       7501   user.o

    ----------------------------------------------------------------------
     15020        992       2284       1585       6328     123270   Object Totals
         0          0         32          0          0          0   (incl. Generated)
         0          0          0          2          0          0   (incl. Padding)

    ----------------------------------------------------------------------

      Code (inc. data)   RO Data    RW Data    ZI Data      Debug   Library Member Name

       752         44        256          1         24        500   iouart.o
       180          6          0          0          0        300   queue.o
        86          0          0          0          0          0   __dczerorl2.o
         0          0          0          0          0          0   entry.o
         0          0          0          0          0          0   entry10a.o
         0          0          0          0          0          0   entry11a.o
         8          4          0          0          0          0   entry2.o
         4          0          0          0          0          0   entry5.o
         0          0          0          0          0          0   entry7b.o
         0          0          0          0          0          0   entry8b.o
         8          4          0          0          0          0   entry9a.o
        30          0          0          0          0          0   handlers.o
        40          0          0          0          0         72   idiv.o
        36          8          0          0          0         68   init.o
       192         20          0          0          0        144   malloc.o
        26          0          0          0          0         72   memcmp.o
        36          0          0          0          0         60   memcpya.o
        36          0          0          0          0        100   memseta.o
         0          0          0          8          0          0   mvars.o
       386          8          0          0          0        228   printf1.o
        14          0          0          0          0         60   strlen.o
        44          0          0          0          0         72   uidiv.o

    ----------------------------------------------------------------------
      1888         94        256         11         28       1676   Library Totals
        10          0          0          2          4          0   (incl. Padding)

    ----------------------------------------------------------------------

      Code (inc. data)   RO Data    RW Data    ZI Data      Debug   Library Name

       932         50        256          1         24        800   IOUART.lib
       946         44          0          8          0        876   mc_p.l

    ----------------------------------------------------------------------
      1888         94        256         11         28       1676   Library Totals

    ----------------------------------------------------------------------

==============================================================================


      Code (inc. data)   RO Data    RW Data    ZI Data      Debug   

     16908       1086       2540       1596       6356     123366   Grand Totals
     16908       1086       2540        180       6356     123366   ELF Image Totals (compressed)
     16908       1086       2540        180          0          0   ROM Totals

==============================================================================

    Total RO  Size (Code + RO Data)                19448 (  18.99kB)
    Total RW  Size (RW Data + ZI Data)              7952 (   7.77kB)
    Total ROM Size (Code + RO Data + RW Data)      19628 (  19.17kB)

==============================================================================

