<html>
<body>
<pre>
<h1>礦ision Build Log</h1>
<h2>Tool Versions:</h2>
IDE-Version: μVision V5.25.2.0
Copyright (C) 2018 ARM Ltd and ARM Germany GmbH. All rights reserved.
License Information: Ji Shunyi, BST, LIC=NQQMA-1M7D8-63UMB-2XL5I-IEFBZ-5WHWQ
 
Tool Versions:
Toolchain:       MDK-ARM Plus  Version: 5.25.2.0
Toolchain Path:  D:\MDK5\ARM\ARMCC\Bin
C Compiler:      Armcc.exe V5.06 update 6 (build 750)
Assembler:       Armasm.exe V5.06 update 6 (build 750)
Linker/Locator:  ArmLink.exe V5.06 update 6 (build 750)
Library Manager: ArmAr.exe V5.06 update 6 (build 750)
Hex Converter:   FromElf.exe V5.06 update 6 (build 750)
CPU DLL:         SARMCM3.DLL V5.25.2.0
Dialog DLL:      DARMCM1.DLL V1.19.1.0
Target DLL:      Segger\JL2CM3.dll V2.99.29.0
Dialog DLL:      TARMCM1.DLL V1.14.0.0
 
<h2>Project:</h2>
C:\Users\200422013\Desktop\海外蒂森\LPC11C14_APP\Keil\LPC11C14.uvprojx
Project File Date:  04/29/2020

<h2>Output:</h2>
*** Using Compiler 'V5.06 update 6 (build 750)', folder: 'D:\MDK5\ARM\ARMCC\Bin'
Rebuild target 'LPC11C14_APP'
compiling main.c...
compiling logic.c...
..\App\logic.c(172): warning:  #186-D: pointless comparison of unsigned integer with zero
                        if(gParameters.mDevType < E_DEV_LOPPAD)
..\App\logic.c(27): warning:  #177-D: variable "OrigmData"  was declared but never referenced
        uint8_t OrigmData=gParameters.mData[536];
..\App\logic.c(595): warning:  #550-D: variable "tmpData"  was set but never used
        unsigned int tmpData = 0;
..\App\logic.c(709): warning:  #177-D: variable "tmpCommPara"  was declared but never referenced
        T_COMMON_PARAMETRES *tmpCommPara = (T_COMMON_PARAMETRES *)gParameters.mData;
..\App\logic.c(1041): warning:  #177-D: variable "count"  was declared but never referenced
        static unsigned char count=0;
..\App\logic.c(1560): warning:  #177-D: variable "tmpOldDir"  was declared but never referenced
   unsigned char tmpOldDir        =  pOldValue[0]     & 0x01;
..\App\logic.c(1561): warning:  #177-D: variable "tmpOldDisContro"  was declared but never referenced
   unsigned char tmpOldDisContro  = (pOldValue[0]>>1) & 0x03;
..\App\logic.c: 7 warnings, 0 errors
compiling user.c...
..\Customer\Schindler\user.c(259): warning:  #177-D: variable "i"  was declared but never referenced
                int i;
..\Customer\Schindler\user.c(274): warning:  #188-D: enumerated type mixed with another type
  T_CALLTASK  gCallTask = {0};
..\Customer\Schindler\user.c(879): warning:  #550-D: variable "tmpID"  was set but never used
                unsigned char tmpID = 0; //1~48前门外呼ID，49~96后门外呼ID，97：前门操纵箱，98后门操纵箱，99残疾人操纵箱，100福操纵箱
..\Customer\Schindler\user.c: 3 warnings, 0 errors
compiling DrvIOUART.c...
compiling DrvGPIO.c...
compiling DrvTimer.c...
compiling DrvUART.c...
compiling DrvSysClk.c...
..\Library\DrvSysClk.c(69): warning:  #223-D: function "malloc" declared implicitly
                gTimeoutList = (TIMEOUT_PARA*)malloc((unsigned int)(sizeof(TIMEOUT_PARA)));
..\Library\DrvSysClk.c(91): warning:  #223-D: function "malloc" declared implicitly
                        tmpTimeoutNode = (TIMEOUT_PARA*)malloc(sizeof(TIMEOUT_PARA));
..\Library\DrvSysClk.c: 2 warnings, 0 errors
compiling DrvFlash.c...
compiling DrvCAN.c...
compiling core_cm0.c...
compiling system_LPC11xx.c...
assembling startup_LPC11xx.s...
linking...
Program Size: Code=16908 RO-data=2540 RW-data=1596 ZI-data=6356  
FromELF: creating hex file...
After Build - User command #1: fromelf.exe --bin --output "C:\Users\200422013\Desktop\海外蒂森\LPC11C14_APP\Keil\ProjectOutput\MCU_C14.bin" "C:\Users\200422013\Desktop\海外蒂森\LPC11C14_APP\Keil\ProjectOutput\MCU_C14.axf"
".\ProjectOutput\MCU_C14.axf" - 0 Error(s), 12 Warning(s).

<h2>Software Packages used:</h2>

Package Vendor: ARM
                http://www.keil.com/pack/ARM.CMSIS.5.3.0.pack
                ARM.CMSIS.5.3.0
                CMSIS (Cortex Microcontroller Software Interface Standard)
   * Component: CORE Version: 5.1.1

Package Vendor: Keil
                http://www.keil.com/pack/Keil.LPC1100_DFP.1.4.0.pack
                Keil.LPC1100_DFP.1.4.0
                NXP LPC1100 Series Device Support

<h2>Collection of Component include folders:</h2>
  .\RTE\_LPC11C14_APP
  D:\MDK5\ARM\PACK\ARM\CMSIS\5.3.0\CMSIS\Include
  D:\MDK5\ARM\PACK\Keil\LPC1100_DFP\1.4.0\Device\Include\LPC11xx

<h2>Collection of Component Files used:</h2>

   * Component: ARM::CMSIS:CORE:5.1.1
Build Time Elapsed:  00:00:09
</pre>
</body>
</html>
