Component: ARM Compiler 5.06 (build 20) Tool: armlink [4d35a3]

==============================================================================

Section Cross References

    acquisition.o(.text) refers to adc.o(.text) for ADCRead
    acquisition.o(.text) refers to aeabi_sdivfast.o(.text) for __aeabi_uidivmod
    acquisition.o(.text) refers to acquisition.o(.data) for lADVWsamplingNUM
    acquisition.o(.text) refers to acquisition.o(.bss) for lADVsampling
    acquisition.o(.text) refers to rs485.o(.data) for gADVValue
    logic.o(.text) refers to _printf_percent.o(.ARM.Collect$$_printf_percent$$00000000) for _printf_percent
    logic.o(.text) refers to _printf_s.o(.ARM.Collect$$_printf_percent$$00000014) for _printf_s
    logic.o(.text) refers to _printf_str.o(.text) for _printf_str
    logic.o(.text) refers to h1_alloc.o(.text) for malloc
    logic.o(.text) refers to uwrite4.o(.text) for __aeabi_uwrite4
    logic.o(.text) refers to uwrite8.o(.text) for __aeabi_uwrite8
    logic.o(.text) refers to uread4.o(.text) for __aeabi_uread4
    logic.o(.text) refers to uread8.o(.text) for __aeabi_uread8
    logic.o(.text) refers to iouart.o(i.IOUARTCharPut) for IOUARTCharPut
    logic.o(.text) refers to noretval__2sprintf.o(.text) for __2sprintf
    logic.o(.text) refers to strlen.o(.text) for strlen
    logic.o(.text) refers to logic.o(.data) for gTimeoutList
    logic.o(.text) refers to timer.o(.data) for g_1ms_cnt
    logic.o(.text) refers to logic.o(.bss) for gFlrMaps
    logic.o(.text) refers to rs485.o(.bss) for gButtonAllowLightTotal
    logic.o(.text) refers to rs485.o(.text) for SetCallFloor
    logic.o(.text) refers to memcmp.o(.text) for memcmp
    logic.o(.text) refers to rt_memcpy.o(.text) for __aeabi_memcpy
    logic.o(.text) refers to aeabi_memset.o(.text) for __aeabi_memset
    logic.o(.text) refers to drviouart.o(.text) for IOUART_REC
    logic.o(.text) refers to rt_memclr.o(.text) for __aeabi_memclr4
    logic.o(.text) refers to aeabi_sdivfast.o(.text) for __aeabi_uidivmod
    logic.o(.text) refers to strcmpv6m.o(.text) for strcmp
    logic.o(.text) refers to logic.o(i.__ARM_common_switch8) for __ARM_common_switch8
    main.o(.text) refers to system_lpc11xx.o(.text) for SystemInit
    main.o(.text) refers to gpio.o(.text) for GPIOInit
    main.o(.text) refers to adc.o(.text) for ADCInit
    main.o(.text) refers to timer.o(.text) for init_timer16
    main.o(.text) refers to drviouart.o(.text) for IOUART_Prepare
    main.o(.text) refers to uart.o(.text) for UARTInit
    main.o(.text) refers to systemio.o(.text) for IDaddress_scan
    main.o(.text) refers to logic.o(.text) for LogicInit
    main.o(.text) refers to rs485.o(.text) for RS485Loop
    rs485.o(.text) refers to systemio.o(.text) for key_value
    rs485.o(.text) refers to acquisition.o(.text) for UpdateADValue
    rs485.o(.text) refers to rs485.o(.data) for gTime1msFlag
    rs485.o(.text) refers to rs485.o(.bss) for gRS485
    rs485.o(.text) refers to logic.o(i.__ARM_common_switch8) for __ARM_common_switch8
    rs485.o(.text) refers to logic.o(.text) for SetRegFlrs
    rs485.o(.text) refers to aeabi_sdivfast.o(.text) for __aeabi_uidivmod
    systemio.o(.text) refers to gpio.o(.text) for readKeyValue
    systemio.o(.text) refers to systemio.o(.data) for oldKeyValue
    systemio.o(.text) refers to rs485.o(.data) for gKeyAndCOB
    systemio.o(.text) refers to logic.o(.text) for PressButton
    systemio.o(.text) refers to logic.o(.bss) for gEcho
    system_lpc11xx.o(.text) refers to aeabi_sdivfast.o(.text) for __aeabi_uidivmod
    system_lpc11xx.o(.text) refers to system_lpc11xx.o(.data) for uClockSource
    startup_lpc11xx.o(STACK) refers (Special) to heapauxi.o(.text) for __use_two_region_memory
    startup_lpc11xx.o(HEAP) refers (Special) to heapauxi.o(.text) for __use_two_region_memory
    startup_lpc11xx.o(RESET) refers (Special) to heapauxi.o(.text) for __use_two_region_memory
    startup_lpc11xx.o(RESET) refers to startup_lpc11xx.o(STACK) for __initial_sp
    startup_lpc11xx.o(RESET) refers to startup_lpc11xx.o(.text) for Reset_Handler
    startup_lpc11xx.o(RESET) refers to timer.o(.text) for TIMER16_0_IRQHandler
    startup_lpc11xx.o(RESET) refers to drviouart.o(.text) for TIMER16_1_IRQHandler
    startup_lpc11xx.o(RESET) refers to uart.o(.text) for UART_IRQHandler
    startup_lpc11xx.o(.ARM.__at_0x12FC) refers (Special) to heapauxi.o(.text) for __use_two_region_memory
    startup_lpc11xx.o(.text) refers (Special) to heapauxi.o(.text) for __use_two_region_memory
    startup_lpc11xx.o(.text) refers to __main.o(!!!main) for __main
    startup_lpc11xx.o(.text) refers to startup_lpc11xx.o(HEAP) for Heap_Mem
    startup_lpc11xx.o(.text) refers to startup_lpc11xx.o(STACK) for Stack_Mem
    adc.o(.text) refers to logic.o(i.__ARM_common_switch8) for __ARM_common_switch8
    adc.o(.text) refers to system_lpc11xx.o(.text) for GetSystemAHBFrequency
    adc.o(.text) refers to aeabi_sdivfast.o(.text) for __aeabi_uidivmod
[...]
    sys_stackheap_outer.o(.text) refers to startup_lpc11xx.o(.text) for __user_initial_stackheap
    sys_stackheap_outer.o(__vectab_stack_and_reset_area) refers to tempstk.o(.text) for __temporary_stack_top
    sys_stackheap_outer.o(__vectab_stack_and_reset_area) refers to __main.o(!!!main) for __main
    rt_raise.o(.text) refers to __raise.o(.text) for __raise
    rt_raise.o(.text) refers to sys_exit.o(.text) for _sys_exit
    term_alloc.o(.text) refers (Special) to libshutdown2.o(.ARM.Collect$$libshutdown$$0000000E) for __rt_lib_shutdown_heap_2
    term_alloc.o(.text) refers to rt_heap_descriptor_intlibspace.o(.text) for __rt_heap_descriptor
    exit.o(.text) refers to rtexit.o(.ARM.Collect$$rtexit$$00000000) for __rt_exit
    defsig_exit.o(.text) refers to sys_exit.o(.text) for _sys_exit
    defsig_fpe_outer.o(.text) refers to defsig_fpe_inner.o(.text) for __rt_SIGFPE_inner
    defsig_fpe_outer.o(.text) refers to defsig_exit.o(.text) for __sig_exit
    defsig_fpe_formal.o(.text) refers to rt_raise.o(.text) for __rt_raise
    defsig_rtmem_inner.o(.text) refers to defsig_general.o(.text) for __default_signal_display
    _get_argv_nomalloc.o(.text) refers (Special) to hrguard.o(.text) for __heap_region$guard
    _get_argv_nomalloc.o(.text) refers to defsig_rtmem_outer.o(.text) for __rt_SIGRTMEM
    _get_argv_nomalloc.o(.text) refers to sys_command.o(.text) for _sys_command_string
    libinit.o(.ARM.Collect$$libinit$$00000000) refers (Special) to libinit2.o(.ARM.Collect$$libinit$$0000002E) for __rt_lib_init_alloca_1
    libinit.o(.ARM.Collect$$libinit$$00000000) refers (Special) to libinit2.o(.ARM.Collect$$libinit$$0000002C) for __rt_lib_init_argv_1
    libinit.o(.ARM.Collect$$libinit$$00000000) refers (Special) to libinit2.o(.ARM.Collect$$libinit$$0000001B) for __rt_lib_init_atexit_1
    libinit.o(.ARM.Collect$$libinit$$00000000) refers (Special) to libinit2.o(.ARM.Collect$$libinit$$00000021) for __rt_lib_init_clock_1
    libinit.o(.ARM.Collect$$libinit$$00000000) refers (Special) to libinit2.o(.ARM.Collect$$libinit$$00000032) for __rt_lib_init_cpp_1
    libinit.o(.ARM.Collect$$libinit$$00000000) refers (Special) to libinit2.o(.ARM.Collect$$libinit$$00000030) for __rt_lib_init_exceptions_1
    libinit.o(.ARM.Collect$$libinit$$00000000) refers (Special) to libinit2.o(.ARM.Collect$$libinit$$00000002) for __rt_lib_init_fp_1
    libinit.o(.ARM.Collect$$libinit$$00000000) refers (Special) to libinit2.o(.ARM.Collect$$libinit$$0000001F) for __rt_lib_init_fp_trap_1
    libinit.o(.ARM.Collect$$libinit$$00000000) refers (Special) to libinit2.o(.ARM.Collect$$libinit$$00000023) for __rt_lib_init_getenv_1
    libinit.o(.ARM.Collect$$libinit$$00000000) refers (Special) to libinit2.o(.ARM.Collect$$libinit$$0000000A) for __rt_lib_init_heap_1
    libinit.o(.ARM.Collect$$libinit$$00000000) refers (Special) to libinit2.o(.ARM.Collect$$libinit$$00000011) for __rt_lib_init_lc_collate_1
    libinit.o(.ARM.Collect$$libinit$$00000000) refers (Special) to libinit2.o(.ARM.Collect$$libinit$$00000013) for __rt_lib_init_lc_ctype_1
    libinit.o(.ARM.Collect$$libinit$$00000000) refers (Special) to libinit2.o(.ARM.Collect$$libinit$$00000015) for __rt_lib_init_lc_monetary_1
    libinit.o(.ARM.Collect$$libinit$$00000000) refers (Special) to libinit2.o(.ARM.Collect$$libinit$$00000017) for __rt_lib_init_lc_numeric_1
    libinit.o(.ARM.Collect$$libinit$$00000000) refers (Special) to libinit2.o(.ARM.Collect$$libinit$$00000019) for __rt_lib_init_lc_time_1
    libinit.o(.ARM.Collect$$libinit$$00000000) refers (Special) to libinit2.o(.ARM.Collect$$libinit$$00000004) for __rt_lib_init_preinit_1
    libinit.o(.ARM.Collect$$libinit$$00000000) refers (Special) to libinit2.o(.ARM.Collect$$libinit$$0000000E) for __rt_lib_init_rand_1
    libinit.o(.ARM.Collect$$libinit$$00000000) refers (Special) to libinit2.o(.ARM.Collect$$libinit$$00000033) for __rt_lib_init_return
    libinit.o(.ARM.Collect$$libinit$$00000000) refers (Special) to libinit2.o(.ARM.Collect$$libinit$$0000001D) for __rt_lib_init_signal_1
    libinit.o(.ARM.Collect$$libinit$$00000000) refers (Special) to libinit2.o(.ARM.Collect$$libinit$$00000025) for __rt_lib_init_stdio_1
    libinit.o(.ARM.Collect$$libinit$$00000000) refers (Special) to libinit2.o(.ARM.Collect$$libinit$$0000000C) for __rt_lib_init_user_alloc_1
    sys_exit.o(.text) refers (Special) to use_no_semi.o(.text) for __I$use$semihosting
    sys_exit.o(.text) refers (Special) to indicate_semi.o(.text) for __semihosting_library_function
    rtexit.o(.ARM.Collect$$rtexit$$00000000) refers (Special) to rtexit2.o(.ARM.Collect$$rtexit$$00000004) for __rt_exit_exit
    rtexit.o(.ARM.Collect$$rtexit$$00000000) refers (Special) to rtexit2.o(.ARM.Collect$$rtexit$$00000003) for __rt_exit_ls
    rtexit.o(.ARM.Collect$$rtexit$$00000000) refers (Special) to rtexit2.o(.ARM.Collect$$rtexit$$00000002) for __rt_exit_prels_1
    rtexit.o(.ARM.exidx) refers (Special) to rtexit2.o(.ARM.Collect$$rtexit$$00000004) for __rt_exit_exit
    rtexit.o(.ARM.exidx) refers (Special) to rtexit2.o(.ARM.Collect$$rtexit$$00000003) for __rt_exit_ls
    rtexit.o(.ARM.exidx) refers (Special) to rtexit2.o(.ARM.Collect$$rtexit$$00000002) for __rt_exit_prels_1
    rtexit.o(.ARM.exidx) refers to rtexit.o(.ARM.Collect$$rtexit$$00000000) for .ARM.Collect$$rtexit$$00000000
    __raise.o(.text) refers to defsig.o(CL$$defsig) for __default_signal_handler
    defsig_general.o(.text) refers to sys_wrch.o(.text) for _ttywrch
    defsig_fpe_inner.o(.text) refers to defsig_general.o(.text) for __default_signal_display
    libshutdown2.o(.ARM.Collect$$libshutdown$$0000000D) refers (Weak) to term_alloc.o(.text) for _terminate_alloc
    sys_wrch.o(.text) refers (Special) to use_no_semi.o(.text) for __I$use$semihosting
    sys_wrch.o(.text) refers (Special) to indicate_semi.o(.text) for __semihosting_library_function
    rtexit2.o(.ARM.Collect$$rtexit$$00000003) refers to libshutdown.o(.ARM.Collect$$libshutdown$$00000000) for __rt_lib_shutdown
    rtexit2.o(.ARM.Collect$$rtexit$$00000004) refers to sys_exit.o(.text) for _sys_exit
    rtexit2.o(.ARM.exidx) refers to rtexit2.o(.ARM.Collect$$rtexit$$00000001) for .ARM.Collect$$rtexit$$00000001
    rtexit2.o(.ARM.exidx) refers to rtexit2.o(.ARM.Collect$$rtexit$$00000003) for .ARM.Collect$$rtexit$$00000003
    rtexit2.o(.ARM.exidx) refers to rtexit2.o(.ARM.Collect$$rtexit$$00000004) for .ARM.Collect$$rtexit$$00000004
    defsig.o(CL$$defsig) refers to defsig_fpe_inner.o(.text) for __rt_SIGFPE_inner
    defsig.o(CL$$defsig) refers to defsig_rtmem_inner.o(.text) for __rt_SIGRTMEM_inner
    defsig_abrt_inner.o(.text) refers to defsig_general.o(.text) for __default_signal_display
    defsig_rtred_inner.o(.text) refers to defsig_general.o(.text) for __default_signal_display
    defsig_stak_inner.o(.text) refers to defsig_general.o(.text) for __default_signal_display
    defsig_pvfn_inner.o(.text) refers to defsig_general.o(.text) for __default_signal_display
    defsig_cppl_inner.o(.text) refers to defsig_general.o(.text) for __default_signal_display
    defsig_segv_inner.o(.text) refers to defsig_general.o(.text) for __default_signal_display
    defsig_other.o(.text) refers to defsig_general.o(.text) for __default_signal_display
    libshutdown.o(.ARM.Collect$$libshutdown$$00000000) refers (Special) to libshutdown2.o(.ARM.Collect$$libshutdown$$00000002) for __rt_lib_shutdown_cpp_1
    libshutdown.o(.ARM.Collect$$libshutdown$$00000000) refers (Special) to libshutdown2.o(.ARM.Collect$$libshutdown$$00000007) for __rt_lib_shutdown_fp_trap_1
    libshutdown.o(.ARM.Collect$$libshutdown$$00000000) refers (Special) to libshutdown2.o(.ARM.Collect$$libshutdown$$0000000F) for __rt_lib_shutdown_heap_1
    libshutdown.o(.ARM.Collect$$libshutdown$$00000000) refers (Special) to libshutdown2.o(.ARM.Collect$$libshutdown$$00000010) for __rt_lib_shutdown_return
    libshutdown.o(.ARM.Collect$$libshutdown$$00000000) refers (Special) to libshutdown2.o(.ARM.Collect$$libshutdown$$0000000A) for __rt_lib_shutdown_signal_1
    libshutdown.o(.ARM.Collect$$libshutdown$$00000000) refers (Special) to libshutdown2.o(.ARM.Collect$$libshutdown$$00000004) for __rt_lib_shutdown_stdio_1
    libshutdown.o(.ARM.Collect$$libshutdown$$00000000) refers (Special) to libshutdown2.o(.ARM.Collect$$libshutdown$$0000000C) for __rt_lib_shutdown_user_alloc_1


==============================================================================

Removing Unused input sections from the image.

    Removing main.o(.constdata), (16 bytes).
    Removing systemio.o(.bss), (100 bytes).
    Removing systemio.o(.constdata), (24 bytes).
    Removing drviouart.o(.constdata), (16 bytes).
    Removing iouart.o(i.IOUARTCharGet), (120 bytes).
    Removing iouart.o(i.IOUARTCharPutNonBlocking), (104 bytes).
    Removing iouart.o(i.IOUARTCharsAvail), (32 bytes).
    Removing iouart.o(i.IOUARTSpaceAvail), (40 bytes).
    Removing iouart.o(i.IOUARTTxFifoLength), (24 bytes).
    Removing iouart.o(i.IOUARTTxState), (36 bytes).
    Removing queue.o(i.queueFlush), (22 bytes).
    Removing queue.o(i.queueWriteFront), (52 bytes).

12 unused section(s) (total 586 bytes) removed from the image.

==============================================================================

Image Symbol Table

    Local Symbols

    Symbol Name                              Value     Ov Type        Size  Object(Section)

    ../clib/../cmprslib/zerorunl2.c          0x00000000   Number         0  __dczerorl2.o ABSOLUTE
    ../clib/angel/boardlib.s                 0x00000000   Number         0  boardinit3.o ABSOLUTE
    ../clib/angel/boardlib.s                 0x00000000   Number         0  boardshut.o ABSOLUTE
    ../clib/angel/boardlib.s                 0x00000000   Number         0  boardinit1.o ABSOLUTE
    ../clib/angel/boardlib.s                 0x00000000   Number         0  boardinit2.o ABSOLUTE
    ../clib/angel/handlers.s                 0x00000000   Number         0  __scatter_zi.o ABSOLUTE
    ../clib/angel/kernel.s                   0x00000000   Number         0  __rtentry.o ABSOLUTE
    ../clib/angel/kernel.s                   0x00000000   Number         0  __rtentry2.o ABSOLUTE
    ../clib/angel/kernel.s                   0x00000000   Number         0  rtexit.o ABSOLUTE
    ../clib/angel/kernel.s                   0x00000000   Number         0  rtexit2.o ABSOLUTE
    ../clib/angel/kernel.s                   0x00000000   Number         0  __rtentry4.o ABSOLUTE
    ../clib/angel/rt.s                       0x00000000   Number         0  rt_div0.o ABSOLUTE
    ../clib/angel/rt.s                       0x00000000   Number         0  rt_heap_descriptor_intlibspace.o ABSOLUTE
    ../clib/angel/rt.s                       0x00000000   Number         0  rt_heap_descriptor.o ABSOLUTE
    ../clib/angel/rt.s                       0x00000000   Number         0  aeabi_idiv0.o ABSOLUTE
    ../clib/angel/rt.s                       0x00000000   Number         0  aeabi_idiv0_sigfpe.o ABSOLUTE
    ../clib/angel/rt.s                       0x00000000   Number         0  rt_raise.o ABSOLUTE
    ../clib/angel/scatterp.s                 0x00000000   Number         0  __scatter.o ABSOLUTE
    ../clib/angel/startup.s                  0x00000000   Number         0  __main.o ABSOLUTE
    ../clib/angel/sys.s                      0x00000000   Number         0  mutex_dummy.o ABSOLUTE
    ../clib/angel/sys.s                      0x00000000   Number         0  sys_stackheap_outer.o ABSOLUTE
    ../clib/angel/sys.s                      0x00000000   Number         0  tempstk.o ABSOLUTE
    ../clib/angel/sys.s                      0x00000000   Number         0  use_no_semi.o ABSOLUTE
    ../clib/angel/sys.s                      0x00000000   Number         0  indicate_semi.o ABSOLUTE
    ../clib/angel/sys.s                      0x00000000   Number         0  libspace.o ABSOLUTE
    ../clib/angel/sysapp.c                   0x00000000   Number         0  sys_exit.o ABSOLUTE
    ../clib/angel/sysapp.c                   0x00000000   Number         0  sys_command.o ABSOLUTE
    ../clib/angel/sysapp.c                   0x00000000   Number         0  sys_wrch.o ABSOLUTE
    ../clib/armsys.c                         0x00000000   Number         0  no_argv.o ABSOLUTE
    ../clib/armsys.c                         0x00000000   Number         0  _get_argv_nomalloc.o ABSOLUTE
    ../clib/armsys.c                         0x00000000   Number         0  argv_veneer.o ABSOLUTE
    ../clib/armsys.c                         0x00000000   Number         0  _get_argv.o ABSOLUTE
    ../clib/division.s                       0x00000000   Number         0  aeabi_sdivfast_div0.o ABSOLUTE
    ../clib/division.s                       0x00000000   Number         0  aeabi_sdivfast.o ABSOLUTE
    ../clib/heap1.c                          0x00000000   Number         0  h1_free.o ABSOLUTE
    ../clib/heap1.c                          0x00000000   Number         0  h1_final.o ABSOLUTE
    ../clib/heap1.c                          0x00000000   Number         0  h1_final_mt.o ABSOLUTE
    ../clib/heap1.c                          0x00000000   Number         0  h1_extend.o ABSOLUTE
    ../clib/heap1.c                          0x00000000   Number         0  h1_extend_mt.o ABSOLUTE
    ../clib/heap1.c                          0x00000000   Number         0  h1_alloc_mt.o ABSOLUTE
    ../clib/heap1.c                          0x00000000   Number         0  h1_alloc.o ABSOLUTE
    ../clib/heap1.c                          0x00000000   Number         0  h1_init.o ABSOLUTE
    ../clib/heap1.c                          0x00000000   Number         0  h1_free_mt.o ABSOLUTE
    ../clib/heap1.c                          0x00000000   Number         0  h1_init_mt.o ABSOLUTE
    ../clib/heap2.c                          0x00000000   Number         0  heap2mt.o ABSOLUTE
    ../clib/heap2.c                          0x00000000   Number         0  heap2.o ABSOLUTE
    ../clib/heap2.c                          0x00000000   Number         0  fdtree.o ABSOLUTE
    ../clib/heapalloc.c                      0x00000000   Number         0  malloc.o ABSOLUTE
    ../clib/heapalloc.c                      0x00000000   Number         0  hrguard.o ABSOLUTE
    ../clib/heapalloc.c                      0x00000000   Number         0  heapstubs.o ABSOLUTE
    ../clib/heapalloc.c                      0x00000000   Number         0  hguard.o ABSOLUTE
    ../clib/heapalloc.c                      0x00000000   Number         0  term_alloc.o ABSOLUTE
    ../clib/heapalloc.c                      0x00000000   Number         0  maybetermalloc2.o ABSOLUTE
    ../clib/heapalloc.c                      0x00000000   Number         0  init_alloc.o ABSOLUTE
    ../clib/heapalloc.c                      0x00000000   Number         0  maybetermalloc2.o ABSOLUTE
    ../clib/heapalloc.c                      0x00000000   Number         0  maybetermalloc1.o ABSOLUTE
    ../clib/heapalloc.c                      0x00000000   Number         0  maybetermalloc1.o ABSOLUTE
    ../clib/heapalloc.c                      0x00000000   Number         0  free.o ABSOLUTE
    ../clib/heapaux.c                        0x00000000   Number         0  heapauxi.o ABSOLUTE
    ../clib/heapaux.c                        0x00000000   Number         0  heapauxa.o ABSOLUTE
    ../clib/libinit.s                        0x00000000   Number         0  libinit.o ABSOLUTE
    ../clib/libinit.s                        0x00000000   Number         0  libshutdown2.o ABSOLUTE
    ../clib/libinit.s                        0x00000000   Number         0  libinit2.o ABSOLUTE
    ../clib/libinit.s                        0x00000000   Number         0  libshutdown.o ABSOLUTE
    ../clib/memcpset.c                       0x00000000   Number         0  aeabi_memset.o ABSOLUTE
    ../clib/memcpset.c                       0x00000000   Number         0  rt_memclr.o ABSOLUTE
    ../clib/memcpset.c                       0x00000000   Number         0  rt_memcpy.o ABSOLUTE
    ../clib/memcpset.c                       0x00000000   Number         0  rt_memcpy.o ABSOLUTE
    ../clib/memcpset.s                       0x00000000   Number         0  strcmpv6m.o ABSOLUTE
    ../clib/printf.c                         0x00000000   Number         0  __printf_flags_ss.o ABSOLUTE
    ../clib/printf.c                         0x00000000   Number         0  __printf_ss.o ABSOLUTE
    ../clib/printf.c                         0x00000000   Number         0  __printf_wp.o ABSOLUTE
    ../clib/printf.c                         0x00000000   Number         0  __printf_flags_wp.o ABSOLUTE
    ../clib/printf.c                         0x00000000   Number         0  _printf_char.o ABSOLUTE
    ../clib/printf.c                         0x00000000   Number         0  __printf_flags.o ABSOLUTE
    ../clib/printf.c                         0x00000000   Number         0  _sputc.o ABSOLUTE
    ../clib/printf.c                         0x00000000   Number         0  _printf_char_common.o ABSOLUTE
    ../clib/printf.c                         0x00000000   Number         0  __printf_ss_wp.o ABSOLUTE
    ../clib/printf.c                         0x00000000   Number         0  _printf_str.o ABSOLUTE
    ../clib/printf.c                         0x00000000   Number         0  __printf_flags_ss_wp.o ABSOLUTE
    ../clib/printf.c                         0x00000000   Number         0  __printf.o ABSOLUTE
    ../clib/printf.c                         0x00000000   Number         0  noretval__2sprintf.o ABSOLUTE
    ../clib/printf.c                         0x00000000   Number         0  __2sprintf.o ABSOLUTE
    ../clib/printf.c                         0x00000000   Number         0  __printf_nopercent.o ABSOLUTE
    ../clib/printf_percent.s                 0x00000000   Number         0  _printf_percent.o ABSOLUTE
    ../clib/printf_percent.s                 0x00000000   Number         0  _printf_percent_end.o ABSOLUTE
    ../clib/printf_percent.s                 0x00000000   Number         0  _printf_s.o ABSOLUTE
    ../clib/signal.c                         0x00000000   Number         0  defsig_rtmem_formal.o ABSOLUTE
    ../clib/signal.c                         0x00000000   Number         0  defsig_segv_inner.o ABSOLUTE
    ../clib/signal.c                         0x00000000   Number         0  defsig_cppl_inner.o ABSOLUTE
    ../clib/signal.c                         0x00000000   Number         0  defsig_rtred_inner.o ABSOLUTE
    ../clib/signal.c                         0x00000000   Number         0  defsig_pvfn_inner.o ABSOLUTE
    ../clib/signal.c                         0x00000000   Number         0  defsig_stak_inner.o ABSOLUTE
    ../clib/signal.c                         0x00000000   Number         0  defsig_exit.o ABSOLUTE
    ../clib/signal.c                         0x00000000   Number         0  defsig_fpe_outer.o ABSOLUTE
    ../clib/signal.c                         0x00000000   Number         0  defsig_abrt_inner.o ABSOLUTE
    ../clib/signal.c                         0x00000000   Number         0  defsig_fpe_formal.o ABSOLUTE
    ../clib/signal.c                         0x00000000   Number         0  defsig_general.o ABSOLUTE
    ../clib/signal.c                         0x00000000   Number         0  defsig_fpe_inner.o ABSOLUTE
    ../clib/signal.c                         0x00000000   Number         0  defsig_rtmem_outer.o ABSOLUTE
    ../clib/signal.c                         0x00000000   Number         0  defsig_other.o ABSOLUTE
    ../clib/signal.c                         0x00000000   Number         0  defsig_rtmem_inner.o ABSOLUTE
    ../clib/signal.c                         0x00000000   Number         0  __raise.o ABSOLUTE
    ../clib/signal.s                         0x00000000   Number         0  defsig.o ABSOLUTE
    ../clib/stdlib.c                         0x00000000   Number         0  exit.o ABSOLUTE
    ../clib/string.c                         0x00000000   Number         0  memcmp.o ABSOLUTE
    ../clib/string.c                         0x00000000   Number         0  strlen.o ABSOLUTE
    ../clib/unhosted.c                       0x00000000   Number         0  uwrite8.o ABSOLUTE
    ../clib/unhosted.c                       0x00000000   Number         0  uread4.o ABSOLUTE
    ../clib/unhosted.c                       0x00000000   Number         0  uwrite4.o ABSOLUTE
    ../clib/unhosted.c                       0x00000000   Number         0  uread8.o ABSOLUTE
    ../fplib/cfplib/fpinit.c                 0x00000000   Number         0  fpinit.o ABSOLUTE
    ..\App\acquisition.c                     0x00000000   Number         0  acquisition.o ABSOLUTE
    ..\App\logic.c                           0x00000000   Number         0  logic.o ABSOLUTE
    ..\App\main.c                            0x00000000   Number         0  main.o ABSOLUTE
    ..\App\rs485.c                           0x00000000   Number         0  rs485.o ABSOLUTE
    ..\App\systemio.c                        0x00000000   Number         0  systemio.o ABSOLUTE
    ..\Core\core_cm0.c                       0x00000000   Number         0  core_cm0.o ABSOLUTE
    ..\Core\startup_LPC11xx.s                0x00000000   Number         0  startup_lpc11xx.o ABSOLUTE
    ..\Core\system_LPC11xx.c                 0x00000000   Number         0  system_lpc11xx.o ABSOLUTE
    ..\Library\DrvIOUART.c                   0x00000000   Number         0  drviouart.o ABSOLUTE
    ..\Library\adc.c                         0x00000000   Number         0  adc.o ABSOLUTE
    ..\Library\gpio.c                        0x00000000   Number         0  gpio.o ABSOLUTE
    ..\Library\timer.c                       0x00000000   Number         0  timer.o ABSOLUTE
    ..\Library\uart.c                        0x00000000   Number         0  uart.o ABSOLUTE
    IOUART\iouart.c                          0x00000000   Number         0  iouart.o ABSOLUTE
    IOUART\queue.c                           0x00000000   Number         0  queue.o ABSOLUTE
    dc.s                                     0x00000000   Number         0  dc.o ABSOLUTE
    RESET                                    0x00001000   Section      192  startup_lpc11xx.o(RESET)
    !!!main                                  0x000010c0   Section        8  __main.o(!!!main)
    !!!scatter                               0x000010c8   Section       60  __scatter.o(!!!scatter)
    !!handler_zi                             0x00001104   Section       28  __scatter_zi.o(!!handler_zi)
    .ARM.Collect$$_printf_percent$$00000000  0x00001120   Section        2  _printf_percent.o(.ARM.Collect$$_printf_percent$$00000000)
    .ARM.Collect$$_printf_percent$$00000014  0x00001122   Section       10  _printf_s.o(.ARM.Collect$$_printf_percent$$00000014)
    .ARM.Collect$$_printf_percent$$00000017  0x0000112c   Section        4  _printf_percent_end.o(.ARM.Collect$$_printf_percent$$00000017)
    .ARM.Collect$$libinit$$00000000          0x00001130   Section        2  libinit.o(.ARM.Collect$$libinit$$00000000)
    .ARM.Collect$$libinit$$00000002          0x00001132   Section        0  libinit2.o(.ARM.Collect$$libinit$$00000002)
    .ARM.Collect$$libinit$$00000004          0x00001132   Section        0  libinit2.o(.ARM.Collect$$libinit$$00000004)
    .ARM.Collect$$libinit$$00000005          0x00001132   Section        8  libinit2.o(.ARM.Collect$$libinit$$00000005)
    .ARM.Collect$$libinit$$0000000A          0x0000113a   Section        0  libinit2.o(.ARM.Collect$$libinit$$0000000A)
    .ARM.Collect$$libinit$$0000000C          0x0000113a   Section        0  libinit2.o(.ARM.Collect$$libinit$$0000000C)
    .ARM.Collect$$libinit$$0000000E          0x0000113a   Section        0  libinit2.o(.ARM.Collect$$libinit$$0000000E)
    .ARM.Collect$$libinit$$00000011          0x0000113a   Section        0  libinit2.o(.ARM.Collect$$libinit$$00000011)
    .ARM.Collect$$libinit$$00000013          0x0000113a   Section        0  libinit2.o(.ARM.Collect$$libinit$$00000013)
    .ARM.Collect$$libinit$$00000015          0x0000113a   Section        0  libinit2.o(.ARM.Collect$$libinit$$00000015)
    .ARM.Collect$$libinit$$00000017          0x0000113a   Section        0  libinit2.o(.ARM.Collect$$libinit$$00000017)
    .ARM.Collect$$libinit$$00000019          0x0000113a   Section        0  libinit2.o(.ARM.Collect$$libinit$$00000019)
    .ARM.Collect$$libinit$$0000001B          0x0000113a   Section        0  libinit2.o(.ARM.Collect$$libinit$$0000001B)
    .ARM.Collect$$libinit$$0000001D          0x0000113a   Section        0  libinit2.o(.ARM.Collect$$libinit$$0000001D)
    .ARM.Collect$$libinit$$0000001F          0x0000113a   Section        0  libinit2.o(.ARM.Collect$$libinit$$0000001F)
    .ARM.Collect$$libinit$$00000021          0x0000113a   Section        0  libinit2.o(.ARM.Collect$$libinit$$00000021)
    .ARM.Collect$$libinit$$00000023          0x0000113a   Section        0  libinit2.o(.ARM.Collect$$libinit$$00000023)
    .ARM.Collect$$libinit$$00000025          0x0000113a   Section        0  libinit2.o(.ARM.Collect$$libinit$$00000025)
    .ARM.Collect$$libinit$$0000002C          0x0000113a   Section        0  libinit2.o(.ARM.Collect$$libinit$$0000002C)
    .ARM.Collect$$libinit$$0000002E          0x0000113a   Section        0  libinit2.o(.ARM.Collect$$libinit$$0000002E)
    .ARM.Collect$$libinit$$00000030          0x0000113a   Section        0  libinit2.o(.ARM.Collect$$libinit$$00000030)
    .ARM.Collect$$libinit$$00000032          0x0000113a   Section        0  libinit2.o(.ARM.Collect$$libinit$$00000032)
    .ARM.Collect$$libinit$$00000033          0x0000113a   Section        2  libinit2.o(.ARM.Collect$$libinit$$00000033)
    .ARM.Collect$$libshutdown$$00000000      0x0000113c   Section        2  libshutdown.o(.ARM.Collect$$libshutdown$$00000000)
    .ARM.Collect$$libshutdown$$00000002      0x0000113e   Section        0  libshutdown2.o(.ARM.Collect$$libshutdown$$00000002)
    .ARM.Collect$$libshutdown$$00000004      0x0000113e   Section        0  libshutdown2.o(.ARM.Collect$$libshutdown$$00000004)
    .ARM.Collect$$libshutdown$$00000007      0x0000113e   Section        0  libshutdown2.o(.ARM.Collect$$libshutdown$$00000007)
    .ARM.Collect$$libshutdown$$0000000A      0x0000113e   Section        0  libshutdown2.o(.ARM.Collect$$libshutdown$$0000000A)
    .ARM.Collect$$libshutdown$$0000000C      0x0000113e   Section        0  libshutdown2.o(.ARM.Collect$$libshutdown$$0000000C)
    .ARM.Collect$$libshutdown$$0000000F      0x0000113e   Section        0  libshutdown2.o(.ARM.Collect$$libshutdown$$0000000F)
    .ARM.Collect$$libshutdown$$00000010      0x0000113e   Section        2  libshutdown2.o(.ARM.Collect$$libshutdown$$00000010)
    .ARM.Collect$$rtentry$$00000000          0x00001140   Section        0  __rtentry.o(.ARM.Collect$$rtentry$$00000000)
    .ARM.Collect$$rtentry$$00000002          0x00001140   Section        0  __rtentry2.o(.ARM.Collect$$rtentry$$00000002)
    .ARM.Collect$$rtentry$$00000004          0x00001140   Section        6  __rtentry4.o(.ARM.Collect$$rtentry$$00000004)
    .ARM.Collect$$rtentry$$00000009          0x00001146   Section        0  __rtentry2.o(.ARM.Collect$$rtentry$$00000009)
    .ARM.Collect$$rtentry$$0000000A          0x00001146   Section        4  __rtentry2.o(.ARM.Collect$$rtentry$$0000000A)
    .ARM.Collect$$rtentry$$0000000C          0x0000114a   Section        0  __rtentry2.o(.ARM.Collect$$rtentry$$0000000C)
    .ARM.Collect$$rtentry$$0000000D          0x0000114a   Section        8  __rtentry2.o(.ARM.Collect$$rtentry$$0000000D)
    .ARM.Collect$$rtexit$$00000000           0x00001152   Section        2  rtexit.o(.ARM.Collect$$rtexit$$00000000)
    .ARM.Collect$$rtexit$$00000002           0x00001154   Section        0  rtexit2.o(.ARM.Collect$$rtexit$$00000002)
    .ARM.Collect$$rtexit$$00000003           0x00001154   Section        4  rtexit2.o(.ARM.Collect$$rtexit$$00000003)
    .ARM.Collect$$rtexit$$00000004           0x00001158   Section        6  rtexit2.o(.ARM.Collect$$rtexit$$00000004)
    .emb_text                                0x00001160   Section       56  rt_memcpy.o(.emb_text)
    .emb_text                                0x00001198   Section        0  maybetermalloc1.o(.emb_text)
    .text                                    0x00001198   Section        0  acquisition.o(.text)
    .text                                    0x000012c8   Section       48  startup_lpc11xx.o(.text)
    .text                                    0x000012f8   Section        0  hguard.o(.text)
    .ARM.__at_0x12FC                         0x000012fc   Section        4  startup_lpc11xx.o(.ARM.__at_0x12FC)
    .text                                    0x00001300   Section        0  logic.o(.text)
    .text                                    0x00002620   Section        0  main.o(.text)
    .text                                    0x000026e4   Section        0  rs485.o(.text)
    .text                                    0x00003320   Section        0  systemio.o(.text)
    .text                                    0x00003ac0   Section        0  system_lpc11xx.o(.text)
    .text                                    0x00003cb4   Section        0  adc.o(.text)
    .text                                    0x00003e94   Section        0  drviouart.o(.text)
    NVIC_SetPriority                         0x00003e95   Thumb Code   110  drviouart.o(.text)
    NVIC_EnableIRQ                           0x000040a7   Thumb Code    14  drviouart.o(.text)
    .text                                    0x000040e8   Section        0  gpio.o(.text)
    .text                                    0x000044e8   Section        0  timer.o(.text)
    NVIC_EnableIRQ                           0x00004621   Thumb Code    14  timer.o(.text)
    .text                                    0x00004654   Section        0  uart.o(.text)
    .text                                    0x0000483c   Section        0  h1_alloc.o(.text)
    .text                                    0x000048a0   Section        0  noretval__2sprintf.o(.text)
    .text                                    0x000048c8   Section        0  __printf.o(.text)
    .text                                    0x00004934   Section        0  _printf_str.o(.text)
    .text                                    0x00004986   Section        0  memcmp.o(.text)
    .text                                    0x000049e0   Section        0  strlen.o(.text)
    .text                                    0x00004a24   Section        0  rt_memcpy.o(.text)
    .text                                    0x00004aa6   Section        0  aeabi_memset.o(.text)
    .text                                    0x00004ab8   Section        0  rt_memclr.o(.text)
    .text                                    0x00004af8   Section      160  strcmpv6m.o(.text)
    .text                                    0x00004b98   Section        0  uread4.o(.text)
    .text                                    0x00004bba   Section        0  uwrite4.o(.text)
    .text                                    0x00004bca   Section        0  uread8.o(.text)
    .text                                    0x00004c04   Section        0  uwrite8.o(.text)
    .text                                    0x00004c30   Section      488  aeabi_sdivfast.o(.text)
    .text                                    0x00004e18   Section        0  heapauxi.o(.text)
    .text                                    0x00004e20   Section        8  rt_heap_descriptor_intlibspace.o(.text)
    .text                                    0x00004e28   Section        0  init_alloc.o(.text)
    .text                                    0x00004eb0   Section        0  h1_init.o(.text)
    .text                                    0x00004ebe   Section        0  h1_free.o(.text)
    .text                                    0x00004f0c   Section        0  _printf_char_common.o(.text)
    _printf_input_char                       0x00004f0d   Thumb Code    10  _printf_char_common.o(.text)
    .text                                    0x00004f3c   Section        0  _sputc.o(.text)
    .text                                    0x00004f46   Section        0  _printf_char.o(.text)
    .text                                    0x00004f74   Section        8  libspace.o(.text)
    .text                                    0x00004f7c   Section        0  h1_extend.o(.text)
    .text                                    0x00004fb0   Section        0  defsig_rtmem_outer.o(.text)
    .text                                    0x00004fbc   Section        2  use_no_semi.o(.text)
    .text                                    0x00004fbe   Section       62  sys_stackheap_outer.o(.text)
    .text                                    0x00004fbe   Section        0  indicate_semi.o(.text)
    .text                                    0x00004ffc   Section        0  exit.o(.text)
    .text                                    0x0000500c   Section        0  defsig_exit.o(.text)
    .text                                    0x00005018   Section        0  defsig_rtmem_inner.o(.text)
    .text                                    0x00005068   Section        0  sys_exit.o(.text)
    .text                                    0x00005074   Section        0  defsig_general.o(.text)
    .text                                    0x000050a8   Section        0  sys_wrch.o(.text)
    .text                                    0x000050b4   Section        0  __dczerorl2.o(.text)
    i.IOEINT0_IRQHandler                     0x0000510a   Section        0  iouart.o(i.IOEINT0_IRQHandler)
    i.IOTimer_IRQHandler                     0x00005116   Section        0  iouart.o(i.IOTimer_IRQHandler)
    i.IOUARTCharGetNonBlocking               0x00005124   Section        0  iouart.o(i.IOUARTCharGetNonBlocking)
    i.IOUARTCharPut                          0x0000519c   Section        0  iouart.o(i.IOUARTCharPut)
    i.IOUARTHandle                           0x00005208   Section        0  iouart.o(i.IOUARTHandle)
    i.IOUARTInit                             0x0000533c   Section        0  iouart.o(i.IOUARTInit)
    i.IOUARTRxFifoLength                     0x000053e4   Section        0  iouart.o(i.IOUARTRxFifoLength)
    i.__ARM_common_switch8                   0x000053fc   Section        0  logic.o(i.__ARM_common_switch8)
    i.queueCreate                            0x00005418   Section        0  queue.o(i.queueCreate)
    i.queueNData                             0x00005450   Section        0  queue.o(i.queueNData)
    i.queueRead                              0x00005458   Section        0  queue.o(i.queueRead)
    i.queueSize                              0x0000548e   Section        0  queue.o(i.queueSize)
    i.queueWrite                             0x00005496   Section        0  queue.o(i.queueWrite)
    .constdata                               0x000054cc   Section       16  gpio.o(.constdata)
    LPC_GPIO                                 0x000054cc   Data          16  gpio.o(.constdata)
    .constdata                               0x000054dc   Section      256  iouart.o(.constdata)
    .data                                    0x100000c0   Section        1  acquisition.o(.data)
    .data                                    0x100000c8   Section      108  logic.o(.data)
    recStatus                                0x1000012c   Data           1  logic.o(.data)
    busy                                     0x1000012d   Data           1  logic.o(.data)
    sStartFlag                               0x10000130   Data           4  logic.o(.data)
    .data                                    0x10000134   Section       84  rs485.o(.data)
    .data                                    0x10000188   Section      217  systemio.o(.data)
    oldKeyValue                              0x1000025c   Data           4  systemio.o(.data)
    oldInputKeyValue                         0x10000260   Data           1  systemio.o(.data)
    .data                                    0x10000264   Section       12  system_lpc11xx.o(.data)
    .data                                    0x10000270   Section        2  drviouart.o(.data)
    .data                                    0x10000274   Section       20  gpio.o(.data)
    .data                                    0x10000288   Section       20  timer.o(.data)
    count                                    0x10000298   Data           4  timer.o(.data)
    .data                                    0x1000029c   Section       12  uart.o(.data)
    .data                                    0x100002a8   Section        1  iouart.o(.data)
    timer_out                                0x100002a8   Data           1  iouart.o(.data)
    .bss                                     0x100002ac   Section      120  acquisition.o(.bss)
    .bss                                     0x10000324   Section     1997  logic.o(.bss)
    .bss                                     0x10000af2   Section       60  rs485.o(.bss)
    .bss                                     0x10000b30   Section      584  drviouart.o(.bss)
    .bss                                     0x10000d78   Section       13  uart.o(.bss)
    .bss                                     0x10000d88   Section       24  iouart.o(.bss)
    GtPar                                    0x10000d88   Data          24  iouart.o(.bss)
    .bss                                     0x10000da0   Section       96  libspace.o(.bss)
    HEAP                                     0x10000e00   Section      592  startup_lpc11xx.o(HEAP)
    Heap_Mem                                 0x10000e00   Data         592  startup_lpc11xx.o(HEAP)
    STACK                                    0x10001050   Section      592  startup_lpc11xx.o(STACK)
    Stack_Mem                                0x10001050   Data         592  startup_lpc11xx.o(STACK)
    __initial_sp                             0x100012a0   Data           0  startup_lpc11xx.o(STACK)

    Global Symbols

    Symbol Name                              Value     Ov Type        Size  Object(Section)

    BuildAttributes$$THM_ISAv3M$S$PE$A:L22$X:L11$S22$IEEE1$IW$USESV6$~STKCKD$USESV7$~SHL$OTIME$ROPI$EBA8$UX$STANDARDLIB$REQ8$PRES8$EABIv2 0x00000000   Number         0  anon$$obj.o ABSOLUTE
    __ARM_use_no_argv                        0x00000000   Number         0  main.o ABSOLUTE
    __ARM_exceptions_init                     - Undefined Weak Reference
    __alloca_initialize                       - Undefined Weak Reference
    __arm_preinit_                            - Undefined Weak Reference
    __cpp_initialize__aeabi_                  - Undefined Weak Reference
    __cxa_finalize                            - Undefined Weak Reference
    __rt_locale                               - Undefined Weak Reference
    __sigvec_lookup                           - Undefined Weak Reference
    __user_heap_extent                        - Undefined Weak Reference
    _atexit_init                              - Undefined Weak Reference
    _call_atexit_fns                          - Undefined Weak Reference
    _clock_init                               - Undefined Weak Reference
    _fp_trap_init                             - Undefined Weak Reference
    _fp_trap_shutdown                         - Undefined Weak Reference
    _get_lc_collate                           - Undefined Weak Reference
    _get_lc_ctype                             - Undefined Weak Reference
    _get_lc_monetary                          - Undefined Weak Reference
    _get_lc_numeric                           - Undefined Weak Reference
    _get_lc_time                              - Undefined Weak Reference
    _getenv_init                              - Undefined Weak Reference
    _handle_redirection                       - Undefined Weak Reference
    _initio                                   - Undefined Weak Reference
    _mutex_acquire                            - Undefined Weak Reference
    _mutex_free                               - Undefined Weak Reference
    _mutex_release                            - Undefined Weak Reference
    _printf_mbtowc                            - Undefined Weak Reference
    _printf_post_padding                      - Undefined Weak Reference
    _printf_pre_padding                       - Undefined Weak Reference
    _rand_init                                - Undefined Weak Reference
    _signal_finish                            - Undefined Weak Reference
    _signal_init                              - Undefined Weak Reference
    _terminateio                              - Undefined Weak Reference
    __Vectors                                0x00001000   Data           4  startup_lpc11xx.o(RESET)
    __main                                   0x000010c1   Thumb Code     8  __main.o(!!!main)
    __scatterload                            0x000010c9   Thumb Code     0  __scatter.o(!!!scatter)
    __scatterload_rt2                        0x000010c9   Thumb Code    52  __scatter.o(!!!scatter)
    __scatterload_rt2_thumb_only             0x000010c9   Thumb Code     0  __scatter.o(!!!scatter)
    __scatterload_null                       0x000010d9   Thumb Code     0  __scatter.o(!!!scatter)
    __scatterload_zeroinit                   0x00001105   Thumb Code    28  __scatter_zi.o(!!handler_zi)
    _printf_percent                          0x00001121   Thumb Code     0  _printf_percent.o(.ARM.Collect$$_printf_percent$$00000000)
    _printf_s                                0x00001123   Thumb Code     0  _printf_s.o(.ARM.Collect$$_printf_percent$$00000014)
    _printf_percent_end                      0x0000112d   Thumb Code     0  _printf_percent_end.o(.ARM.Collect$$_printf_percent$$00000017)
    __rt_lib_init                            0x00001131   Thumb Code     0  libinit.o(.ARM.Collect$$libinit$$00000000)
    __rt_lib_init_fp_1                       0x00001133   Thumb Code     0  libinit2.o(.ARM.Collect$$libinit$$00000002)
    __rt_lib_init_heap_2                     0x00001133   Thumb Code     0  libinit2.o(.ARM.Collect$$libinit$$00000005)
    __rt_lib_init_preinit_1                  0x00001133   Thumb Code     0  libinit2.o(.ARM.Collect$$libinit$$00000004)
    __rt_lib_init_alloca_1                   0x0000113b   Thumb Code     0  libinit2.o(.ARM.Collect$$libinit$$0000002E)
    __rt_lib_init_argv_1                     0x0000113b   Thumb Code     0  libinit2.o(.ARM.Collect$$libinit$$0000002C)
    __rt_lib_init_atexit_1                   0x0000113b   Thumb Code     0  libinit2.o(.ARM.Collect$$libinit$$0000001B)
    __rt_lib_init_clock_1                    0x0000113b   Thumb Code     0  libinit2.o(.ARM.Collect$$libinit$$00000021)
    __rt_lib_init_cpp_1                      0x0000113b   Thumb Code     0  libinit2.o(.ARM.Collect$$libinit$$00000032)
    __rt_lib_init_exceptions_1               0x0000113b   Thumb Code     0  libinit2.o(.ARM.Collect$$libinit$$00000030)
    __rt_lib_init_fp_trap_1                  0x0000113b   Thumb Code     0  libinit2.o(.ARM.Collect$$libinit$$0000001F)
    __rt_lib_init_getenv_1                   0x0000113b   Thumb Code     0  libinit2.o(.ARM.Collect$$libinit$$00000023)
    __rt_lib_init_heap_1                     0x0000113b   Thumb Code     0  libinit2.o(.ARM.Collect$$libinit$$0000000A)
    __rt_lib_init_lc_collate_1               0x0000113b   Thumb Code     0  libinit2.o(.ARM.Collect$$libinit$$00000011)
    __rt_lib_init_lc_ctype_1                 0x0000113b   Thumb Code     0  libinit2.o(.ARM.Collect$$libinit$$00000013)
    __rt_lib_init_lc_monetary_1              0x0000113b   Thumb Code     0  libinit2.o(.ARM.Collect$$libinit$$00000015)
    __rt_lib_init_lc_numeric_1               0x0000113b   Thumb Code     0  libinit2.o(.ARM.Collect$$libinit$$00000017)
    __rt_lib_init_lc_time_1                  0x0000113b   Thumb Code     0  libinit2.o(.ARM.Collect$$libinit$$00000019)
    __rt_lib_init_rand_1                     0x0000113b   Thumb Code     0  libinit2.o(.ARM.Collect$$libinit$$0000000E)
    __rt_lib_init_return                     0x0000113b   Thumb Code     0  libinit2.o(.ARM.Collect$$libinit$$00000033)
    __rt_lib_init_signal_1                   0x0000113b   Thumb Code     0  libinit2.o(.ARM.Collect$$libinit$$0000001D)
    __rt_lib_init_stdio_1                    0x0000113b   Thumb Code     0  libinit2.o(.ARM.Collect$$libinit$$00000025)
    __rt_lib_init_user_alloc_1               0x0000113b   Thumb Code     0  libinit2.o(.ARM.Collect$$libinit$$0000000C)
    __rt_lib_shutdown                        0x0000113d   Thumb Code     0  libshutdown.o(.ARM.Collect$$libshutdown$$00000000)
    __rt_lib_shutdown_cpp_1                  0x0000113f   Thumb Code     0  libshutdown2.o(.ARM.Collect$$libshutdown$$00000002)
    __rt_lib_shutdown_fp_trap_1              0x0000113f   Thumb Code     0  libshutdown2.o(.ARM.Collect$$libshutdown$$00000007)
    __rt_lib_shutdown_heap_1                 0x0000113f   Thumb Code     0  libshutdown2.o(.ARM.Collect$$libshutdown$$0000000F)
    __rt_lib_shutdown_return                 0x0000113f   Thumb Code     0  libshutdown2.o(.ARM.Collect$$libshutdown$$00000010)
    __rt_lib_shutdown_signal_1               0x0000113f   Thumb Code     0  libshutdown2.o(.ARM.Collect$$libshutdown$$0000000A)
    __rt_lib_shutdown_stdio_1                0x0000113f   Thumb Code     0  libshutdown2.o(.ARM.Collect$$libshutdown$$00000004)
    __rt_lib_shutdown_user_alloc_1           0x0000113f   Thumb Code     0  libshutdown2.o(.ARM.Collect$$libshutdown$$0000000C)
    __rt_entry                               0x00001141   Thumb Code     0  __rtentry.o(.ARM.Collect$$rtentry$$00000000)
    __rt_entry_presh_1                       0x00001141   Thumb Code     0  __rtentry2.o(.ARM.Collect$$rtentry$$00000002)
    __rt_entry_sh                            0x00001141   Thumb Code     0  __rtentry4.o(.ARM.Collect$$rtentry$$00000004)
    __rt_entry_li                            0x00001147   Thumb Code     0  __rtentry2.o(.ARM.Collect$$rtentry$$0000000A)
    __rt_entry_postsh_1                      0x00001147   Thumb Code     0  __rtentry2.o(.ARM.Collect$$rtentry$$00000009)
    __rt_entry_main                          0x0000114b   Thumb Code     0  __rtentry2.o(.ARM.Collect$$rtentry$$0000000D)
    __rt_entry_postli_1                      0x0000114b   Thumb Code     0  __rtentry2.o(.ARM.Collect$$rtentry$$0000000C)
    __rt_exit                                0x00001153   Thumb Code     0  rtexit.o(.ARM.Collect$$rtexit$$00000000)
    __rt_exit_ls                             0x00001155   Thumb Code     0  rtexit2.o(.ARM.Collect$$rtexit$$00000003)
    __rt_exit_prels_1                        0x00001155   Thumb Code     0  rtexit2.o(.ARM.Collect$$rtexit$$00000002)
    __rt_exit_exit                           0x00001159   Thumb Code     0  rtexit2.o(.ARM.Collect$$rtexit$$00000004)
    __aeabi_memcpy4                          0x00001161   Thumb Code    56  rt_memcpy.o(.emb_text)
    __aeabi_memcpy8                          0x00001161   Thumb Code     0  rt_memcpy.o(.emb_text)
    DataSort                                 0x00001199   Thumb Code    62  acquisition.o(.text)
    _maybe_terminate_alloc                   0x00001199   Thumb Code     0  maybetermalloc1.o(.emb_text)
    UpdateADValue                            0x000011d7   Thumb Code   214  acquisition.o(.text)
    Reset_Handler                            0x000012c9   Thumb Code     4  startup_lpc11xx.o(.text)
    NMI_Handler                              0x000012cd   Thumb Code     2  startup_lpc11xx.o(.text)
    HardFault_Handler                        0x000012cf   Thumb Code     2  startup_lpc11xx.o(.text)
    SVC_Handler                              0x000012d1   Thumb Code     2  startup_lpc11xx.o(.text)
    PendSV_Handler                           0x000012d3   Thumb Code     2  startup_lpc11xx.o(.text)
    SysTick_Handler                          0x000012d5   Thumb Code     2  startup_lpc11xx.o(.text)
    ADC_IRQHandler                           0x000012d7   Thumb Code     0  startup_lpc11xx.o(.text)
    BOD_IRQHandler                           0x000012d7   Thumb Code     0  startup_lpc11xx.o(.text)
    CAN_IRQHandler                           0x000012d7   Thumb Code     0  startup_lpc11xx.o(.text)
    FMC_IRQHandler                           0x000012d7   Thumb Code     0  startup_lpc11xx.o(.text)
    I2C_IRQHandler                           0x000012d7   Thumb Code     0  startup_lpc11xx.o(.text)
    PIOINT0_IRQHandler                       0x000012d7   Thumb Code     0  startup_lpc11xx.o(.text)
    PIOINT1_IRQHandler                       0x000012d7   Thumb Code     0  startup_lpc11xx.o(.text)
    PIOINT2_IRQHandler                       0x000012d7   Thumb Code     0  startup_lpc11xx.o(.text)
    SSP0_IRQHandler                          0x000012d7   Thumb Code     0  startup_lpc11xx.o(.text)
    SSP1_IRQHandler                          0x000012d7   Thumb Code     0  startup_lpc11xx.o(.text)
    USB_FIQHandler                           0x000012d7   Thumb Code     0  startup_lpc11xx.o(.text)
    USB_IRQHandler                           0x000012d7   Thumb Code     0  startup_lpc11xx.o(.text)
    WAKEUP_IRQHandler                        0x000012d7   Thumb Code     0  startup_lpc11xx.o(.text)
    WDT_IRQHandler                           0x000012d7   Thumb Code     0  startup_lpc11xx.o(.text)
    __user_initial_stackheap                 0x000012d9   Thumb Code     0  startup_lpc11xx.o(.text)
    __use_no_heap                            0x000012f9   Thumb Code     2  hguard.o(.text)
    __heap$guard                             0x000012fb   Thumb Code     2  hguard.o(.text)
    Str2Val                                  0x00001301   Thumb Code    52  logic.o(.text)
    SetTimeout                               0x00001335   Thumb Code   210  logic.o(.text)
    IsTimeout                                0x00001407   Thumb Code    64  logic.o(.text)
    Delay                                    0x00001447   Thumb Code    24  logic.o(.text)
    InitMPU                                  0x0000145f   Thumb Code    40  logic.o(.text)
    RestartMPU                               0x00001487   Thumb Code    40  logic.o(.text)
    IsConnectedWithMPU                       0x000014af   Thumb Code    10  logic.o(.text)
    SetLEDFreq                               0x000014b9   Thumb Code     2  logic.o(.text)
    LogicInit                                0x000014bb   Thumb Code   290  logic.o(.text)
    SendProtocolHeader                       0x000015dd   Thumb Code    52  logic.o(.text)
    SendFrame                                0x00001611   Thumb Code   170  logic.o(.text)
    SendSetRegFrame                          0x000016bb   Thumb Code    56  logic.o(.text)
    CallFloorAfterPasswd                     0x000016f3   Thumb Code   126  logic.o(.text)
    GetFlrNum                                0x00001771   Thumb Code    56  logic.o(.text)
    BlinkChar                                0x000017a9   Thumb Code   126  logic.o(.text)
    DelChar                                  0x00001827   Thumb Code    54  logic.o(.text)
    ClearChar                                0x0000185d   Thumb Code    38  logic.o(.text)
    CallFloor                                0x00001883   Thumb Code    82  logic.o(.text)
    ComfirmChar                              0x000018d5   Thumb Code   208  logic.o(.text)
    AddChar                                  0x000019a5   Thumb Code    52  logic.o(.text)
    PressButton                              0x000019d9   Thumb Code   918  logic.o(.text)
    LogicLoop                                0x00001d6f   Thumb Code  1198  logic.o(.text)
    ParseFrameFromMPU                        0x0000221d   Thumb Code   454  logic.o(.text)
    RecvDataFromMPU                          0x000023e3   Thumb Code   472  logic.o(.text)
    SetRegFlrs                               0x000025bb   Thumb Code    80  logic.o(.text)
    ReleaseButton                            0x0000260b   Thumb Code     2  logic.o(.text)
    ReAllocateNVIC                           0x00002621   Thumb Code    34  main.o(.text)
    DeviceInit                               0x00002643   Thumb Code   122  main.o(.text)
    main                                     0x000026bd   Thumb Code    24  main.o(.text)
    Tick_1ms                                 0x000026e5   Thumb Code   342  rs485.o(.text)
    Tick_26us                                0x0000283b   Thumb Code   168  rs485.o(.text)
    RS485Loop                                0x000028e3   Thumb Code   224  rs485.o(.text)
    RS485SendAck                             0x000029c3   Thumb Code     6  rs485.o(.text)
    SetCallFloor                             0x000029c9   Thumb Code     6  rs485.o(.text)
    RS485Receive                             0x000029cf   Thumb Code  2304  rs485.o(.text)
    key_value                                0x00003321   Thumb Code  1760  systemio.o(.text)
    IDaddress_scan                           0x00003a01   Thumb Code   124  systemio.o(.text)
    Main_PLL_Setup                           0x00003ac1   Thumb Code   158  system_lpc11xx.o(.text)
    SystemInit                               0x00003b5f   Thumb Code   236  system_lpc11xx.o(.text)
    GetSystemFrequency                       0x00003c4b   Thumb Code     6  system_lpc11xx.o(.text)
    GetSystemAHBFrequency                    0x00003c51   Thumb Code     6  system_lpc11xx.o(.text)
    SetClockOut                              0x00003c57   Thumb Code    50  system_lpc11xx.o(.text)
    ADChannelSelection                       0x00003cb5   Thumb Code   254  adc.o(.text)
    ADCInit                                  0x00003db3   Thumb Code    54  adc.o(.text)
    ADCRead                                  0x00003de9   Thumb Code   150  adc.o(.text)
    IOUART_Prepare                           0x00003f03   Thumb Code    38  drviouart.o(.text)
    IOUART_Send                              0x00003f29   Thumb Code    28  drviouart.o(.text)
    IOUART_Recv                              0x00003f45   Thumb Code    54  drviouart.o(.text)
    IOTX0_OUT                                0x00003f7b   Thumb Code    16  drviouart.o(.text)
    IORX0_IN                                 0x00003f8b   Thumb Code    16  drviouart.o(.text)
    IORX0_OPEN                               0x00003f9b   Thumb Code    26  drviouart.o(.text)
    IORX0_CLOSE                              0x00003fb5   Thumb Code    14  drviouart.o(.text)
    IOPort0Init                              0x00003fc3   Thumb Code    90  drviouart.o(.text)
    PIOINT3_IRQHandler                       0x0000401d   Thumb Code     8  drviouart.o(.text)
    IOTimer_INT_CLR                          0x00004025   Thumb Code     8  drviouart.o(.text)
    IOTimer_OPEN                             0x0000402d   Thumb Code     8  drviouart.o(.text)
    IOTimer_CLOSE                            0x00004035   Thumb Code    10  drviouart.o(.text)
    IOTimerInit                              0x0000403f   Thumb Code    66  drviouart.o(.text)
    TIMER16_1_IRQHandler                     0x00004081   Thumb Code     8  drviouart.o(.text)
    IOUART_REC                               0x00004089   Thumb Code    30  drviouart.o(.text)
    SetJTAGToGPIODir                         0x000040e9   Thumb Code   148  gpio.o(.text)
    GPIOSetDir                               0x0000417d   Thumb Code   124  gpio.o(.text)
    GPIOInit                                 0x000041f9   Thumb Code   186  gpio.o(.text)
    GPIOSetValue                             0x000042b3   Thumb Code    22  gpio.o(.text)
    GPIOGetValue                             0x000042c9   Thumb Code    28  gpio.o(.text)
    Read_Key_Input                           0x000042e5   Thumb Code    88  gpio.o(.text)
    delay                                    0x0000433d   Thumb Code    16  gpio.o(.text)
    readKeyValue                             0x0000434d   Thumb Code   220  gpio.o(.text)
    ic595_out_enable                         0x00004429   Thumb Code    30  gpio.o(.text)
    ic595_write_char                         0x00004447   Thumb Code    80  gpio.o(.text)
    ic595_write_bytes                        0x00004497   Thumb Code    38  gpio.o(.text)
    init_timer16                             0x000044e9   Thumb Code    90  timer.o(.text)
    init_timer32                             0x00004543   Thumb Code    92  timer.o(.text)
    TIMER16_0_IRQHandler                     0x0000459f   Thumb Code    26  timer.o(.text)
    TIMER32_0_IRQHandler                     0x000045b9   Thumb Code    26  timer.o(.text)
    TIMER32_1_IRQHandler                     0x000045d3   Thumb Code    78  timer.o(.text)
    UART_IRQHandler                          0x00004655   Thumb Code   190  uart.o(.text)
    UARTInit                                 0x00004713   Thumb Code   202  uart.o(.text)
    UARTReceive                              0x000047dd   Thumb Code    22  uart.o(.text)
    UARTSend                                 0x000047f3   Thumb Code    32  uart.o(.text)
    malloc                                   0x0000483d   Thumb Code    98  h1_alloc.o(.text)
    __2sprintf                               0x000048a1   Thumb Code    36  noretval__2sprintf.o(.text)
    __printf                                 0x000048c9   Thumb Code   108  __printf.o(.text)
    _printf_str                              0x00004935   Thumb Code    82  _printf_str.o(.text)
    memcmp                                   0x00004987   Thumb Code    90  memcmp.o(.text)
    strlen                                   0x000049e1   Thumb Code    62  strlen.o(.text)
    __aeabi_memcpy                           0x00004a25   Thumb Code   130  rt_memcpy.o(.text)
    __rt_memcpy                              0x00004a25   Thumb Code     0  rt_memcpy.o(.text)
    __aeabi_memset                           0x00004aa7   Thumb Code    18  aeabi_memset.o(.text)
    _memset_w                                0x00004ab9   Thumb Code    26  rt_memclr.o(.text)
    _memset                                  0x00004ad3   Thumb Code    30  rt_memclr.o(.text)
    __aeabi_memclr                           0x00004af1   Thumb Code     4  rt_memclr.o(.text)
    __rt_memclr                              0x00004af1   Thumb Code     0  rt_memclr.o(.text)
    __aeabi_memclr4                          0x00004af5   Thumb Code     0  rt_memclr.o(.text)
    __aeabi_memclr8                          0x00004af5   Thumb Code     0  rt_memclr.o(.text)
    __rt_memclr_w                            0x00004af5   Thumb Code     4  rt_memclr.o(.text)
    strcmp                                   0x00004af9   Thumb Code   160  strcmpv6m.o(.text)
    __aeabi_uread4                           0x00004b99   Thumb Code    34  uread4.o(.text)
    __rt_uread4                              0x00004b99   Thumb Code     0  uread4.o(.text)
    __aeabi_uwrite4                          0x00004bbb   Thumb Code    16  uwrite4.o(.text)
    __rt_uwrite4                             0x00004bbb   Thumb Code     0  uwrite4.o(.text)
    __aeabi_uread8                           0x00004bcb   Thumb Code    58  uread8.o(.text)
    __rt_uread8                              0x00004bcb   Thumb Code     0  uread8.o(.text)
    __aeabi_uwrite8                          0x00004c05   Thumb Code    44  uwrite8.o(.text)
    __rt_uwrite8                             0x00004c05   Thumb Code     0  uwrite8.o(.text)
    __aeabi_uidiv                            0x00004c31   Thumb Code     0  aeabi_sdivfast.o(.text)
    __aeabi_uidivmod                         0x00004c31   Thumb Code    28  aeabi_sdivfast.o(.text)
    __aeabi_idiv                             0x00004c4d   Thumb Code     0  aeabi_sdivfast.o(.text)
    __aeabi_idivmod                          0x00004c4d   Thumb Code   460  aeabi_sdivfast.o(.text)
    __use_two_region_memory                  0x00004e19   Thumb Code     2  heapauxi.o(.text)
    __rt_heap_escrow                         0x00004e1b   Thumb Code     2  heapauxi.o(.text)
    __rt_heap_expand                         0x00004e1d   Thumb Code     2  heapauxi.o(.text)
    __rt_heap_descriptor                     0x00004e21   Thumb Code     8  rt_heap_descriptor_intlibspace.o(.text)
    _terminate_user_alloc                    0x00004e29   Thumb Code     2  init_alloc.o(.text)
    _init_user_alloc                         0x00004e2b   Thumb Code     2  init_alloc.o(.text)
    __Heap_Full                              0x00004e2d   Thumb Code    32  init_alloc.o(.text)
    __Heap_Broken                            0x00004e4d   Thumb Code    10  init_alloc.o(.text)
    _init_alloc                              0x00004e57   Thumb Code    90  init_alloc.o(.text)
    __Heap_Initialize                        0x00004eb1   Thumb Code    10  h1_init.o(.text)
    __Heap_DescSize                          0x00004ebb   Thumb Code     4  h1_init.o(.text)
    free                                     0x00004ebf   Thumb Code    76  h1_free.o(.text)
    _printf_char_common                      0x00004f17   Thumb Code    32  _printf_char_common.o(.text)
    _sputc                                   0x00004f3d   Thumb Code    10  _sputc.o(.text)
    _printf_cs_common                        0x00004f47   Thumb Code    22  _printf_char.o(.text)
    _printf_char                             0x00004f5d   Thumb Code    16  _printf_char.o(.text)
    _printf_string                           0x00004f6d   Thumb Code     8  _printf_char.o(.text)
    __user_libspace                          0x00004f75   Thumb Code     8  libspace.o(.text)
    __user_perproc_libspace                  0x00004f75   Thumb Code     0  libspace.o(.text)
    __user_perthread_libspace                0x00004f75   Thumb Code     0  libspace.o(.text)
    __Heap_ProvideMemory                     0x00004f7d   Thumb Code    52  h1_extend.o(.text)
    __rt_SIGRTMEM                            0x00004fb1   Thumb Code    12  defsig_rtmem_outer.o(.text)
    __I$use$semihosting                      0x00004fbd   Thumb Code     0  use_no_semi.o(.text)
    __use_no_semihosting_swi                 0x00004fbd   Thumb Code     2  use_no_semi.o(.text)
    __semihosting_library_function           0x00004fbf   Thumb Code     0  indicate_semi.o(.text)
    __user_setup_stackheap                   0x00004fbf   Thumb Code    62  sys_stackheap_outer.o(.text)
    exit                                     0x00004ffd   Thumb Code    16  exit.o(.text)
    __sig_exit                               0x0000500d   Thumb Code    12  defsig_exit.o(.text)
    __rt_SIGRTMEM_inner                      0x00005019   Thumb Code    22  defsig_rtmem_inner.o(.text)
    _sys_exit                                0x00005069   Thumb Code     8  sys_exit.o(.text)
    __default_signal_display                 0x00005075   Thumb Code    52  defsig_general.o(.text)
    _ttywrch                                 0x000050a9   Thumb Code    12  sys_wrch.o(.text)
    __decompress                             0x000050b5   Thumb Code     0  __dczerorl2.o(.text)
    __decompress1                            0x000050b5   Thumb Code    86  __dczerorl2.o(.text)
    IOEINT0_IRQHandler                       0x0000510b   Thumb Code    12  iouart.o(i.IOEINT0_IRQHandler)
    IOTimer_IRQHandler                       0x00005117   Thumb Code    12  iouart.o(i.IOTimer_IRQHandler)
    IOUARTCharGetNonBlocking                 0x00005125   Thumb Code   110  iouart.o(i.IOUARTCharGetNonBlocking)
    IOUARTCharPut                            0x0000519d   Thumb Code    98  iouart.o(i.IOUARTCharPut)
    IOUARTHandle                             0x00005209   Thumb Code   294  iouart.o(i.IOUARTHandle)
    IOUARTInit                               0x0000533d   Thumb Code   162  iouart.o(i.IOUARTInit)
    IOUARTRxFifoLength                       0x000053e5   Thumb Code    20  iouart.o(i.IOUARTRxFifoLength)
    __ARM_common_switch8                     0x000053fd   Thumb Code    28  logic.o(i.__ARM_common_switch8)
    queueCreate                              0x00005419   Thumb Code    50  queue.o(i.queueCreate)
    queueNData                               0x00005451   Thumb Code     8  queue.o(i.queueNData)
    queueRead                                0x00005459   Thumb Code    54  queue.o(i.queueRead)
    queueSize                                0x0000548f   Thumb Code     8  queue.o(i.queueSize)
    queueWrite                               0x00005497   Thumb Code    54  queue.o(i.queueWrite)
    bit9_table                               0x000054dc   Data         256  iouart.o(.constdata)
    Region$$Table$$Base                      0x000055dc   Number         0  anon$$obj.o(Region$$Table)
    Region$$Table$$Limit                     0x000055fc   Number         0  anon$$obj.o(Region$$Table)
    lADVWsamplingNUM                         0x100000c0   Data           1  acquisition.o(.data)
    gTimeoutList                             0x100000c8   Data           4  logic.o(.data)
    gHeartBeat                               0x100000cc   Data           8  logic.o(.data)
    gBaseFlr                                 0x100000d4   Data           3  logic.o(.data)
    gSnToMPU                                 0x100000d8   Data           2  logic.o(.data)
    gLogicInited                             0x100000dc   Data           4  logic.o(.data)
    gTimerAlarm                              0x100000e0   Data          72  logic.o(.data)
    gRegFlrsPageIndex                        0x10000128   Data           4  logic.o(.data)
    lRS485_RxLength                          0x10000134   Data           1  rs485.o(.data)
    lRS485_TxLength                          0x10000135   Data           1  rs485.o(.data)
    adtemp                                   0x10000138   Data           4  rs485.o(.data)
    lTime1msCnt                              0x1000013c   Data           4  rs485.o(.data)
    lLedCnt_t                                0x10000140   Data           1  rs485.o(.data)
    gSendFloor2Con                           0x10000144   Data           4  rs485.o(.data)
    gLongOpenCnt                             0x10000148   Data           4  rs485.o(.data)
    gBtnLightState                           0x1000014c   Data           1  rs485.o(.data)
    gTime1msFlag                             0x1000014d   Data           1  rs485.o(.data)
    gTime500usFlag                           0x1000014e   Data           1  rs485.o(.data)
    gComState                                0x1000014f   Data           1  rs485.o(.data)
    gBuzzerOnTime                            0x10000150   Data           4  rs485.o(.data)
    gBuzzerFlag                              0x10000154   Data           1  rs485.o(.data)
    gBuzzerDoor                              0x10000155   Data           1  rs485.o(.data)
    gBuzzerDoorUp                            0x10000156   Data           1  rs485.o(.data)
    gRepeatSendFlag                          0x10000157   Data           1  rs485.o(.data)
    gOldRepeatSendFlag                       0x10000158   Data           1  rs485.o(.data)
    gRepeatSendData                          0x10000159   Data           1  rs485.o(.data)
    gTimeRS485RecCnt                         0x1000015a   Data           1  rs485.o(.data)
    gVNormal                                 0x1000015b   Data           1  rs485.o(.data)
    gLedBlinkCnt                             0x1000015c   Data           1  rs485.o(.data)
    gOutputLight                             0x10000160   Data           4  rs485.o(.data)
    gOldOutputLight                          0x10000164   Data           4  rs485.o(.data)
    gButtonLight                             0x10000168   Data           1  rs485.o(.data)
    gButtonAllowLight                        0x10000169   Data           1  rs485.o(.data)
    gDoorLight                               0x1000016a   Data           1  rs485.o(.data)
    gDoorAllowLight                          0x1000016b   Data           1  rs485.o(.data)
    gDoorAllowLightUpper                     0x1000016c   Data           1  rs485.o(.data)
    gIDAddress                               0x1000016d   Data           1  rs485.o(.data)
    gCallButton                              0x1000016e   Data           1  rs485.o(.data)
    gDoorButton                              0x1000016f   Data           1  rs485.o(.data)
    gKeyAndCOB                               0x10000170   Data           1  rs485.o(.data)
    gATTInput                                0x10000171   Data           1  rs485.o(.data)
    gADBuffer                                0x10000172   Data           4  rs485.o(.data)
    gADVValue                                0x10000176   Data           2  rs485.o(.data)
    lSendCnt                                 0x10000178   Data           1  rs485.o(.data)
    lTimer_100us_Cnt                         0x10000179   Data           1  rs485.o(.data)
    lTimer50usCnt                            0x1000017a   Data           1  rs485.o(.data)
    lLedCnt                                  0x1000017c   Data           4  rs485.o(.data)
    lBuzzerCnt                               0x10000180   Data           1  rs485.o(.data)
    StartFloorCnt                            0x10000184   Data           4  rs485.o(.data)
    gKeyValueTemp                            0x10000188   Data         150  systemio.o(.data)
    gKeyValue                                0x1000021e   Data          25  systemio.o(.data)
    gOldKeyValue                             0x10000237   Data          25  systemio.o(.data)
    gKeyIndex                                0x10000250   Data           1  systemio.o(.data)
    lIDTemp                                  0x10000251   Data           3  systemio.o(.data)
    lIDIndex                                 0x10000254   Data           1  systemio.o(.data)
    Clr_Data                                 0x10000255   Data           4  systemio.o(.data)
    uClockSource                             0x10000264   Data           4  system_lpc11xx.o(.data)
    uSystemFrequency                         0x10000268   Data           4  system_lpc11xx.o(.data)
    uSystemAHBFrequency                      0x1000026c   Data           4  system_lpc11xx.o(.data)
    g_RecvIn                                 0x10000270   Data           1  drviouart.o(.data)
    g_RecvOut                                0x10000271   Data           1  drviouart.o(.data)
    gKeyInputBufferOld                       0x10000274   Data           1  gpio.o(.data)
    gKeyInputBuffer                          0x10000275   Data           3  gpio.o(.data)
    gKeyValueBufferOld                       0x10000278   Data           4  gpio.o(.data)
    gKeyValueBuffer                          0x1000027c   Data          12  gpio.o(.data)
    g_100us_cnt                              0x10000288   Data           8  timer.o(.data)
    g_1ms_cnt                                0x10000290   Data           8  timer.o(.data)
    UARTStatus                               0x1000029c   Data           4  uart.o(.data)
    UARTTxEmpty                              0x100002a0   Data           1  uart.o(.data)
    nUARTCount                               0x100002a4   Data           4  uart.o(.data)
    lADVsampling                             0x100002ac   Data          40  acquisition.o(.bss)
    lADW1sampling                            0x100002d4   Data          40  acquisition.o(.bss)
    lADW2sampling                            0x100002fc   Data          40  acquisition.o(.bss)
    gEcho                                    0x10000324   Data          36  logic.o(.bss)
    gFlrMaps                                 0x10000348   Data        1536  logic.o(.bss)
    gBtnMaps                                 0x10000948   Data          16  logic.o(.bss)
    gRecvProtocol                            0x10000958   Data          72  logic.o(.bss)
    gRecvProtocolTemp                        0x100009a0   Data          72  logic.o(.bss)
    gSendBuffer                              0x100009e8   Data         265  logic.o(.bss)
    gRS485                                   0x10000af2   Data          11  rs485.o(.bss)
    lTimeRepeatSend                          0x10000afe   Data          16  rs485.o(.bss)
    lTime10sSend                             0x10000b0e   Data          16  rs485.o(.bss)
    gButtonAllowLightTotal                   0x10000b1e   Data          16  rs485.o(.bss)
    config                                   0x10000b30   Data          24  drviouart.o(.bss)
    iou0_tx_buf                              0x10000b48   Data         152  drviouart.o(.bss)
    iou0_rx_buf                              0x10000be0   Data         152  drviouart.o(.bss)
    g_RecvBuff                               0x10000c78   Data         256  drviouart.o(.bss)
    nUARTBuffer                              0x10000d78   Data          13  uart.o(.bss)
    __libspace_start                         0x10000da0   Data          96  libspace.o(.bss)
    __temporary_stack_top$libspace           0x10000e00   Data           0  libspace.o(.bss)



==============================================================================

Memory Map of the image

  Image Entry point : 0x000010c1

  Load Region LR_IROM1 (Base: 0x00001000, Size: 0x000047e8, Max: 0x00007000, ABSOLUTE, COMPRESSED[0x00004634])

    Execution Region ER_IROM1 (Base: 0x00001000, Size: 0x000045fc, Max: 0x00007000, ABSOLUTE)

    Base Addr    Size         Type   Attr      Idx    E Section Name        Object

    0x00001000   0x000000c0   Data   RO          215    RESET               startup_lpc11xx.o
    0x000010c0   0x00000008   Code   RO          484  * !!!main             c_p.l(__main.o)
    0x000010c8   0x0000003c   Code   RO          714    !!!scatter          c_p.l(__scatter.o)
    0x00001104   0x0000001c   Code   RO          716    !!handler_zi        c_p.l(__scatter_zi.o)
    0x00001120   0x00000002   Code   RO          455    .ARM.Collect$$_printf_percent$$00000000  c_p.l(_printf_percent.o)
    0x00001122   0x0000000a   Code   RO          454    .ARM.Collect$$_printf_percent$$00000014  c_p.l(_printf_s.o)
    0x0000112c   0x00000004   Code   RO          530    .ARM.Collect$$_printf_percent$$00000017  c_p.l(_printf_percent_end.o)
    0x00001130   0x00000002   Code   RO          650    .ARM.Collect$$libinit$$00000000  c_p.l(libinit.o)
    0x00001132   0x00000000   Code   RO          534    .ARM.Collect$$libinit$$00000002  c_p.l(libinit2.o)
    0x00001132   0x00000000   Code   RO          536    .ARM.Collect$$libinit$$00000004  c_p.l(libinit2.o)
    0x00001132   0x00000008   Code   RO          537    .ARM.Collect$$libinit$$00000005  c_p.l(libinit2.o)
    0x0000113a   0x00000000   Code   RO          539    .ARM.Collect$$libinit$$0000000A  c_p.l(libinit2.o)
    0x0000113a   0x00000000   Code   RO          541    .ARM.Collect$$libinit$$0000000C  c_p.l(libinit2.o)
    0x0000113a   0x00000000   Code   RO          543    .ARM.Collect$$libinit$$0000000E  c_p.l(libinit2.o)
    0x0000113a   0x00000000   Code   RO          546    .ARM.Collect$$libinit$$00000011  c_p.l(libinit2.o)
    0x0000113a   0x00000000   Code   RO          548    .ARM.Collect$$libinit$$00000013  c_p.l(libinit2.o)
    0x0000113a   0x00000000   Code   RO          550    .ARM.Collect$$libinit$$00000015  c_p.l(libinit2.o)
    0x0000113a   0x00000000   Code   RO          552    .ARM.Collect$$libinit$$00000017  c_p.l(libinit2.o)
    0x0000113a   0x00000000   Code   RO          554    .ARM.Collect$$libinit$$00000019  c_p.l(libinit2.o)
    0x0000113a   0x00000000   Code   RO          556    .ARM.Collect$$libinit$$0000001B  c_p.l(libinit2.o)
    0x0000113a   0x00000000   Code   RO          558    .ARM.Collect$$libinit$$0000001D  c_p.l(libinit2.o)
    0x0000113a   0x00000000   Code   RO          560    .ARM.Collect$$libinit$$0000001F  c_p.l(libinit2.o)
    0x0000113a   0x00000000   Code   RO          562    .ARM.Collect$$libinit$$00000021  c_p.l(libinit2.o)
    0x0000113a   0x00000000   Code   RO          564    .ARM.Collect$$libinit$$00000023  c_p.l(libinit2.o)
    0x0000113a   0x00000000   Code   RO          566    .ARM.Collect$$libinit$$00000025  c_p.l(libinit2.o)
    0x0000113a   0x00000000   Code   RO          570    .ARM.Collect$$libinit$$0000002C  c_p.l(libinit2.o)
    0x0000113a   0x00000000   Code   RO          572    .ARM.Collect$$libinit$$0000002E  c_p.l(libinit2.o)
    0x0000113a   0x00000000   Code   RO          574    .ARM.Collect$$libinit$$00000030  c_p.l(libinit2.o)
    0x0000113a   0x00000000   Code   RO          576    .ARM.Collect$$libinit$$00000032  c_p.l(libinit2.o)
    0x0000113a   0x00000002   Code   RO          577    .ARM.Collect$$libinit$$00000033  c_p.l(libinit2.o)
    0x0000113c   0x00000002   Code   RO          709    .ARM.Collect$$libshutdown$$00000000  c_p.l(libshutdown.o)
    0x0000113e   0x00000000   Code   RO          667    .ARM.Collect$$libshutdown$$00000002  c_p.l(libshutdown2.o)
    0x0000113e   0x00000000   Code   RO          669    .ARM.Collect$$libshutdown$$00000004  c_p.l(libshutdown2.o)
    0x0000113e   0x00000000   Code   RO          672    .ARM.Collect$$libshutdown$$00000007  c_p.l(libshutdown2.o)
    0x0000113e   0x00000000   Code   RO          675    .ARM.Collect$$libshutdown$$0000000A  c_p.l(libshutdown2.o)
    0x0000113e   0x00000000   Code   RO          677    .ARM.Collect$$libshutdown$$0000000C  c_p.l(libshutdown2.o)
    0x0000113e   0x00000000   Code   RO          680    .ARM.Collect$$libshutdown$$0000000F  c_p.l(libshutdown2.o)
    0x0000113e   0x00000002   Code   RO          681    .ARM.Collect$$libshutdown$$00000010  c_p.l(libshutdown2.o)
    0x00001140   0x00000000   Code   RO          488    .ARM.Collect$$rtentry$$00000000  c_p.l(__rtentry.o)
    0x00001140   0x00000000   Code   RO          584    .ARM.Collect$$rtentry$$00000002  c_p.l(__rtentry2.o)
    0x00001140   0x00000006   Code   RO          596    .ARM.Collect$$rtentry$$00000004  c_p.l(__rtentry4.o)
    0x00001146   0x00000000   Code   RO          586    .ARM.Collect$$rtentry$$00000009  c_p.l(__rtentry2.o)
    0x00001146   0x00000004   Code   RO          587    .ARM.Collect$$rtentry$$0000000A  c_p.l(__rtentry2.o)
    0x0000114a   0x00000000   Code   RO          589    .ARM.Collect$$rtentry$$0000000C  c_p.l(__rtentry2.o)
    0x0000114a   0x00000008   Code   RO          590    .ARM.Collect$$rtentry$$0000000D  c_p.l(__rtentry2.o)
    0x00001152   0x00000002   Code   RO          654    .ARM.Collect$$rtexit$$00000000  c_p.l(rtexit.o)
    0x00001154   0x00000000   Code   RO          685    .ARM.Collect$$rtexit$$00000002  c_p.l(rtexit2.o)
    0x00001154   0x00000004   Code   RO          686    .ARM.Collect$$rtexit$$00000003  c_p.l(rtexit2.o)
    0x00001158   0x00000006   Code   RO          687    .ARM.Collect$$rtexit$$00000004  c_p.l(rtexit2.o)
    0x0000115e   0x00000002   PAD
    0x00001160   0x00000038   Code   RO          460    .emb_text           c_p.l(rt_memcpy.o)
    0x00001198   0x00000000   Code   RO          602    .emb_text           c_p.l(maybetermalloc1.o)
    0x00001198   0x00000130   Code   RO            1    .text               acquisition.o
    0x000012c8   0x00000030   Code   RO          217    .text               startup_lpc11xx.o
    0x000012f8   0x00000004   Code   RO          498    .text               c_p.l(hguard.o)
    0x000012fc   0x00000004   Code   RO          216    .ARM.__at_0x12FC    startup_lpc11xx.o
    0x00001300   0x00001320   Code   RO           32    .text               logic.o
    0x00002620   0x000000c4   Code   RO           84    .text               main.o
    0x000026e4   0x00000c3c   Code   RO          116    .text               rs485.o
    0x00003320   0x000007a0   Code   RO          135    .text               systemio.o
    0x00003ac0   0x000001f4   Code   RO          186    .text               system_lpc11xx.o
    0x00003cb4   0x000001e0   Code   RO          224    .text               adc.o
    0x00003e94   0x00000254   Code   RO          242    .text               drviouart.o
    0x000040e8   0x00000400   Code   RO          266    .text               gpio.o
    0x000044e8   0x0000016c   Code   RO          285    .text               timer.o
    0x00004654   0x000001e8   Code   RO          306    .text               uart.o
    0x0000483c   0x00000062   Code   RO          372    .text               c_p.l(h1_alloc.o)
    0x0000489e   0x00000002   PAD
    0x000048a0   0x00000028   Code   RO          428    .text               c_p.l(noretval__2sprintf.o)
    0x000048c8   0x0000006c   Code   RO          430    .text               c_p.l(__printf.o)
    0x00004934   0x00000052   Code   RO          432    .text               c_p.l(_printf_str.o)
    0x00004986   0x0000005a   Code   RO          456    .text               c_p.l(memcmp.o)
    0x000049e0   0x00000044   Code   RO          458    .text               c_p.l(strlen.o)
    0x00004a24   0x00000082   Code   RO          461    .text               c_p.l(rt_memcpy.o)
    0x00004aa6   0x00000012   Code   RO          464    .text               c_p.l(aeabi_memset.o)
    0x00004ab8   0x00000040   Code   RO          466    .text               c_p.l(rt_memclr.o)
    0x00004af8   0x000000a0   Code   RO          468    .text               c_p.l(strcmpv6m.o)
    0x00004b98   0x00000022   Code   RO          470    .text               c_p.l(uread4.o)
    0x00004bba   0x00000010   Code   RO          472    .text               c_p.l(uwrite4.o)
    0x00004bca   0x0000003a   Code   RO          474    .text               c_p.l(uread8.o)
    0x00004c04   0x0000002c   Code   RO          476    .text               c_p.l(uwrite8.o)
    0x00004c30   0x000001e8   Code   RO          478    .text               c_p.l(aeabi_sdivfast.o)
    0x00004e18   0x00000006   Code   RO          482    .text               c_p.l(heapauxi.o)
    0x00004e1e   0x00000002   PAD
    0x00004e20   0x00000008   Code   RO          496    .text               c_p.l(rt_heap_descriptor_intlibspace.o)
    0x00004e28   0x00000088   Code   RO          500    .text               c_p.l(init_alloc.o)
    0x00004eb0   0x0000000e   Code   RO          506    .text               c_p.l(h1_init.o)
    0x00004ebe   0x0000004c   Code   RO          508    .text               c_p.l(h1_free.o)
    0x00004f0a   0x00000002   PAD
    0x00004f0c   0x00000030   Code   RO          524    .text               c_p.l(_printf_char_common.o)
    0x00004f3c   0x0000000a   Code   RO          526    .text               c_p.l(_sputc.o)
    0x00004f46   0x0000002e   Code   RO          528    .text               c_p.l(_printf_char.o)
    0x00004f74   0x00000008   Code   RO          580    .text               c_p.l(libspace.o)
    0x00004f7c   0x00000034   Code   RO          604    .text               c_p.l(h1_extend.o)
    0x00004fb0   0x0000000c   Code   RO          610    .text               c_p.l(defsig_rtmem_outer.o)
    0x00004fbc   0x00000002   Code   RO          621    .text               c_p.l(use_no_semi.o)
    0x00004fbe   0x00000000   Code   RO          623    .text               c_p.l(indicate_semi.o)
    0x00004fbe   0x0000003e   Code   RO          624    .text               c_p.l(sys_stackheap_outer.o)
    0x00004ffc   0x00000010   Code   RO          631    .text               c_p.l(exit.o)
    0x0000500c   0x0000000c   Code   RO          633    .text               c_p.l(defsig_exit.o)
    0x00005018   0x00000050   Code   RO          639    .text               c_p.l(defsig_rtmem_inner.o)
    0x00005068   0x0000000c   Code   RO          651    .text               c_p.l(sys_exit.o)
    0x00005074   0x00000034   Code   RO          662    .text               c_p.l(defsig_general.o)
    0x000050a8   0x0000000c   Code   RO          682    .text               c_p.l(sys_wrch.o)
    0x000050b4   0x00000056   Code   RO          712    .text               c_p.l(__dczerorl2.o)
    0x0000510a   0x0000000c   Code   RO          325    i.IOEINT0_IRQHandler  IOUART.lib(iouart.o)
    0x00005116   0x0000000c   Code   RO          326    i.IOTimer_IRQHandler  IOUART.lib(iouart.o)
    0x00005122   0x00000002   PAD
    0x00005124   0x00000078   Code   RO          328    i.IOUARTCharGetNonBlocking  IOUART.lib(iouart.o)
    0x0000519c   0x0000006c   Code   RO          329    i.IOUARTCharPut     IOUART.lib(iouart.o)
    0x00005208   0x00000134   Code   RO          332    i.IOUARTHandle      IOUART.lib(iouart.o)
    0x0000533c   0x000000a8   Code   RO          333    i.IOUARTInit        IOUART.lib(iouart.o)
    0x000053e4   0x00000018   Code   RO          334    i.IOUARTRxFifoLength  IOUART.lib(iouart.o)
    0x000053fc   0x0000001c   Code   RO           45    i.__ARM_common_switch8  logic.o
    0x00005418   0x00000038   Code   RO          354    i.queueCreate       IOUART.lib(queue.o)
    0x00005450   0x00000008   Code   RO          356    i.queueNData        IOUART.lib(queue.o)
    0x00005458   0x00000036   Code   RO          357    i.queueRead         IOUART.lib(queue.o)
    0x0000548e   0x00000008   Code   RO          358    i.queueSize         IOUART.lib(queue.o)
    0x00005496   0x00000036   Code   RO          359    i.queueWrite        IOUART.lib(queue.o)
    0x000054cc   0x00000010   Data   RO          267    .constdata          gpio.o
    0x000054dc   0x00000100   Data   RO          339    .constdata          IOUART.lib(iouart.o)
    0x000055dc   0x00000020   Data   RO          710    Region$$Table       anon$$obj.o


    Execution Region RW_IRAM1 (Base: 0x100000c0, Size: 0x000011e0, Max: 0x00001f40, ABSOLUTE, COMPRESSED[0x00000038])

    Base Addr    Size         Type   Attr      Idx    E Section Name        Object

    0x100000c0   0x00000001   Data   RW            3    .data               acquisition.o
    0x100000c1   0x00000007   PAD
    0x100000c8   0x0000006c   Data   RW           34    .data               logic.o
    0x10000134   0x00000054   Data   RW          118    .data               rs485.o
    0x10000188   0x000000d9   Data   RW          138    .data               systemio.o
    0x10000261   0x00000003   PAD
    0x10000264   0x0000000c   Data   RW          187    .data               system_lpc11xx.o
    0x10000270   0x00000002   Data   RW          245    .data               drviouart.o
    0x10000272   0x00000002   PAD
    0x10000274   0x00000014   Data   RW          268    .data               gpio.o
    0x10000288   0x00000014   Data   RW          286    .data               timer.o
    0x1000029c   0x0000000c   Data   RW          308    .data               uart.o
    0x100002a8   0x00000001   Data   RW          340    .data               IOUART.lib(iouart.o)
    0x100002a9   0x00000003   PAD
    0x100002ac   0x00000078   Zero   RW            2    .bss                acquisition.o
    0x10000324   0x000007cd   Zero   RW           33    .bss                logic.o
    0x10000af1   0x00000001   PAD
    0x10000af2   0x0000003c   Zero   RW          117    .bss                rs485.o
    0x10000b2e   0x00000002   PAD
    0x10000b30   0x00000248   Zero   RW          243    .bss                drviouart.o
    0x10000d78   0x0000000d   Zero   RW          307    .bss                uart.o
    0x10000d85   0x00000003   PAD
    0x10000d88   0x00000018   Zero   RW          338    .bss                IOUART.lib(iouart.o)
    0x10000da0   0x00000060   Zero   RW          581    .bss                c_p.l(libspace.o)
    0x10000e00   0x00000250   Zero   RW          214    HEAP                startup_lpc11xx.o
    0x10001050   0x00000250   Zero   RW          213    STACK               startup_lpc11xx.o


==============================================================================

Image component sizes


      Code (inc. data)   RO Data    RW Data    ZI Data      Debug   Object Name

       304         28          0          1        120       3813   acquisition.o
       480         32          0          0          0       8333   adc.o
         0          0          0          0          0       3048   core_cm0.o
       596         52          0          2        584       7541   drviouart.o
      1024         44         16         20          0       4331   gpio.o
      4924        398          0        108       1997      23755   logic.o
       196         16          0          0          0       1689   main.o
      3132        262          0         84         60       6872   rs485.o
        52         26        192          0       1184        860   startup_lpc11xx.o
       500         44          0         12          0       2797   system_lpc11xx.o
      1952        146          0        217          0      10968   systemio.o
       364         38          0         20          0       4827   timer.o
       488         42          0         12         13       4952   uart.o

    ----------------------------------------------------------------------
     14012       1128        240        488       3964      83786   Object Totals
         0          0         32          0          0          0   (incl. Generated)
         0          0          0         12          6          0   (incl. Padding)

    ----------------------------------------------------------------------

      Code (inc. data)   RO Data    RW Data    ZI Data      Debug   Library Member Name

       752         44        256          1         24        500   iouart.o
       180          6          0          0          0        300   queue.o
        86          0          0          0          0          0   __dczerorl2.o
         8          0          0          0          0         68   __main.o
       108          0          0          0          0         76   __printf.o
         0          0          0          0          0          0   __rtentry.o
        12          0          0          0          0          0   __rtentry2.o
         6          0          0          0          0          0   __rtentry4.o
        60          8          0          0          0          0   __scatter.o
        28          0          0          0          0          0   __scatter_zi.o
        46          0          0          0          0        100   _printf_char.o
        48          6          0          0          0         88   _printf_char_common.o
         2          0          0          0          0          0   _printf_percent.o
         4          0          0          0          0          0   _printf_percent_end.o
        10          0          0          0          0          0   _printf_s.o
        82          0          0          0          0         72   _printf_str.o
        10          0          0          0          0         60   _sputc.o
        18          0          0          0          0         68   aeabi_memset.o
       488          0          0          0          0         92   aeabi_sdivfast.o
        12          0          0          0          0         68   defsig_exit.o
        52          0          0          0          0         72   defsig_general.o
        80         58          0          0          0         68   defsig_rtmem_inner.o
        12          0          0          0          0         68   defsig_rtmem_outer.o
        16          0          0          0          0         68   exit.o
        98          0          0          0          0         72   h1_alloc.o
        52          0          0          0          0         68   h1_extend.o
        76          0          0          0          0         72   h1_free.o
        14          0          0          0          0         76   h1_init.o
         6          0          0          0          0        136   heapauxi.o
         4          0          0          0          0        120   hguard.o
         0          0          0          0          0          0   indicate_semi.o
       136          0          0          0          0        160   init_alloc.o
         2          0          0          0          0          0   libinit.o
        10          0          0          0          0          0   libinit2.o
         2          0          0          0          0          0   libshutdown.o
         2          0          0          0          0          0   libshutdown2.o
         8          4          0          0         96         68   libspace.o
         0          0          0          0          0          0   maybetermalloc1.o
        90          0          0          0          0         68   memcmp.o
        40          4          0          0          0         84   noretval__2sprintf.o
         8          4          0          0          0         68   rt_heap_descriptor_intlibspace.o
        64          0          0          0          0        108   rt_memclr.o
       186          0          0          0          0        144   rt_memcpy.o
         2          0          0          0          0          0   rtexit.o
        10          0          0          0          0          0   rtexit2.o
       160          4          0          0          0         80   strcmpv6m.o
        68          6          0          0          0         72   strlen.o
        12          4          0          0          0         60   sys_exit.o
        62          0          0          0          0         80   sys_stackheap_outer.o
        12          0          0          0          0         68   sys_wrch.o
        34          0          0          0          0         60   uread4.o
        58          0          0          0          0         68   uread8.o
         2          0          0          0          0         68   use_no_semi.o
        16          0          0          0          0         60   uwrite4.o
        44          0          0          0          0         76   uwrite8.o

    ----------------------------------------------------------------------
      3408        148        256          4        120       3704   Library Totals
        10          0          0          3          0          0   (incl. Padding)

    ----------------------------------------------------------------------

      Code (inc. data)   RO Data    RW Data    ZI Data      Debug   Library Name

       932         50        256          1         24        800   IOUART.lib
      2466         98          0          0         96       2904   c_p.l

    ----------------------------------------------------------------------
      3408        148        256          4        120       3704   Library Totals

    ----------------------------------------------------------------------

==============================================================================


      Code (inc. data)   RO Data    RW Data    ZI Data      Debug   

     17420       1276        496        492       4084      84686   Grand Totals
     17420       1276        496         56       4084      84686   ELF Image Totals (compressed)
     17420       1276        496         56          0          0   ROM Totals

==============================================================================

    Total RO  Size (Code + RO Data)                17916 (  17.50kB)
    Total RW  Size (RW Data + ZI Data)              4576 (   4.47kB)
    Total ROM Size (Code + RO Data + RW Data)      17972 (  17.55kB)

==============================================================================

