Component: ARM Compiler 5.06 update 6 (build 750) Tool: armlink [4d35ed]

==============================================================================

Section Cross References

    main.o(.text) refers to system_lpc11xx.o(.text) for SystemInit
    main.o(.text) refers to drvsysclk.o(.text) for StartSysTick
    main.o(.text) refers to drviouart.o(.text) for IOUART_Open
    main.o(.text) refers to user.o(.text) for TimerInit
    main.o(.text) refers to logic.o(.text) for SetConnState
    main.o(.text) refers to uidiv.o(.text) for __aeabi_uidivmod
    main.o(.text) refers to strlen.o(.text) for strlen
    main.o(.text) refers to memcpya.o(.text) for __aeabi_memcpy
    main.o(.text) refers to drvgpio.o(.text) for LoopForLedBlink
    main.o(.text) refers to drvsysclk.o(.data) for gSysTickCount
    main.o(.text) refers to user.o(.data) for gVersion
    main.o(.text) refers to logic.o(.data) for gSendRightNow
    logic.o(.text) refers to iouart.o(i.IOUARTCharPut) for IOUARTCharPut
    logic.o(.text) refers to drviouart.o(.text) for IOUART_Send
    logic.o(.text) refers to memcpya.o(.text) for __aeabi_memcpy
    logic.o(.text) refers to memseta.o(.text) for __aeabi_memclr4
    logic.o(.text) refers to printf1.o(i.__0sprintf$1) for __2sprintf
    logic.o(.text) refers to strlen.o(.text) for strlen
    logic.o(.text) refers to logic.o(.bss) for gSendFrameBuffer
    logic.o(.text) refers to logic.o(.data) for gSendRightNow
    logic.o(.text) refers to drvflash.o(.text) for SectorPrepare
    logic.o(.text) refers to drvsysclk.o(.text) for Delay
    logic.o(.text) refers to drvgpio.o(.text) for LoopForLedBlink
    logic.o(.text) refers to logic.o(.constdata) for .constdata
    logic.o(.text) refers to logic.o(i.__ARM_common_switch8) for __ARM_common_switch8
    logic.o(.text) refers to uidiv.o(.text) for __aeabi_uidivmod
    logic.o(.text) refers to idiv.o(.text) for __aeabi_idivmod
    logic.o(.text) refers to drvsysclk.o(.data) for gSysTickCount
    logic.o(.text) refers to user.o(.text) for IsAscii
    logic.o(.text) refers to malloc.o(i.malloc) for malloc
    logic.o(.text) refers to memcmp.o(.text) for memcmp
    logic.o(.text) refers to drvuart.o(.text) for UARTSend
    logic.o(.text) refers to drvcan.o(.text) for CANSend
    logic.o(.data) refers to logic.o(.text) for Callback_LUMINARY_Changed
    user.o(.text) refers to uidiv.o(.text) for __aeabi_uidivmod
    user.o(.text) refers to logic.o(.text) for SendFrameToMPU
    user.o(.text) refers to drvtimer.o(.text) for StartTimer
    user.o(.text) refers to drvcan.o(.text) for CANOpen
    user.o(.text) refers to drvuart.o(.text) for UARTSend
    user.o(.text) refers to drvsysclk.o(.data) for gSysTickCount
    user.o(.text) refers to logic.o(.data) for gSendRightNow
    user.o(.text) refers to logic.o(.bss) for gParameters
    user.o(.text) refers to user.o(.data) for Countnum
    user.o(.text) refers to user.o(.constdata) for .constdata
    user.o(.text) refers to logic.o(i.__ARM_common_switch8) for __ARM_common_switch8
    user.o(.text) refers to memcpya.o(.text) for __aeabi_memcpy4
    drviouart.o(.text) refers to iouart.o(i.IOUARTInit) for IOUARTInit
    drviouart.o(.text) refers to iouart.o(i.IOUARTCharPut) for IOUARTCharPut
    drviouart.o(.text) refers to iouart.o(i.IOUARTRxFifoLength) for IOUARTRxFifoLength
    drviouart.o(.text) refers to iouart.o(i.IOUARTCharGetNonBlocking) for IOUARTCharGetNonBlocking
    drviouart.o(.text) refers to iouart.o(i.IOEINT0_IRQHandler) for IOEINT0_IRQHandler
    drviouart.o(.text) refers to uidiv.o(.text) for __aeabi_uidivmod
    drviouart.o(.text) refers to iouart.o(i.IOTimer_IRQHandler) for IOTimer_IRQHandler
    drviouart.o(.text) refers to logic.o(.text) for RecvDataFromMPU
    drviouart.o(.text) refers to drviouart.o(.bss) for config
    drviouart.o(.text) refers to system_lpc11xx.o(.data) for uSystemFrequency
    drviouart.o(.text) refers to drviouart.o(.data) for g_RecvIn
    drvgpio.o(.text) refers to drvgpio.o(.constdata) for LPC_GPIO
    drvgpio.o(.text) refers to drvgpio.o(.data) for gLEDInterval
    drvgpio.o(.text) refers to drvsysclk.o(.data) for gSysTickCount
    drvtimer.o(.text) refers to uidiv.o(.text) for __aeabi_uidivmod
    drvtimer.o(.text) refers to user.o(.text) for Callback_Timer
    drvtimer.o(.text) refers to system_lpc11xx.o(.data) for uSystemFrequency
    drvuart.o(.text) refers to uidiv.o(.text) for __aeabi_uidivmod
    drvuart.o(.text) refers to logic.o(.text) for RecvRawDataFromController
    drvuart.o(.text) refers to system_lpc11xx.o(.data) for uSystemAHBFrequency
    drvsysclk.o(.text) refers to user.o(.text) for Callback_SysTick
    drvsysclk.o(.text) refers to uidiv.o(.text) for __aeabi_uidivmod
    drvsysclk.o(.text) refers to malloc.o(i.malloc) for malloc
    drvsysclk.o(.text) refers to drvsysclk.o(.data) for gSysTickCount
    drvsysclk.o(.text) refers to system_lpc11xx.o(.data) for uSystemFrequency
    drvflash.o(.text) refers to uidiv.o(.text) for __aeabi_uidivmod
    drvflash.o(.text) refers to drvflash.o(.bss) for gParamIn
    drvflash.o(.text) refers to drvflash.o(.data) for Iap_Entry
    drvflash.o(.text) refers to system_lpc11xx.o(.data) for uSystemFrequency
    drvcan.o(.text) refers to malloc.o(i.free) for free
    drvcan.o(.text) refers to malloc.o(i.malloc) for malloc
    drvcan.o(.text) refers to memcpya.o(.text) for __aeabi_memcpy4
    drvcan.o(.text) refers to logic.o(.text) for RecvRawFrameFromController
    drvcan.o(.text) refers to drvcan.o(.data) for gBaudRateBackUp
    drvcan.o(.text) refers to drvcan.o(.bss) for gCurCanFrame
    system_lpc11xx.o(.text) refers to uidiv.o(.text) for __aeabi_uidivmod
    system_lpc11xx.o(.text) refers to system_lpc11xx.o(.data) for uClockSource
    startup_lpc11xx.o(RESET) refers to startup_lpc11xx.o(STACK) for __initial_sp
    startup_lpc11xx.o(RESET) refers to startup_lpc11xx.o(.text) for Reset_Handler
    startup_lpc11xx.o(RESET) refers to drvcan.o(.text) for CAN_IRQHandler
    startup_lpc11xx.o(RESET) refers to drvsysclk.o(.text) for TIMER16_0_IRQHandler
    startup_lpc11xx.o(RESET) refers to drviouart.o(.text) for TIMER16_1_IRQHandler
    startup_lpc11xx.o(RESET) refers to drvtimer.o(.text) for TIMER32_0_IRQHandler
    startup_lpc11xx.o(RESET) refers to drvuart.o(.text) for UART_IRQHandler
    startup_lpc11xx.o(.text) refers to entry.o(.ARM.Collect$$$$00000000) for __main
    iouart.o(i.IOEINT0_IRQHandler) refers to drviouart.o(.text) for IOTimer_OPEN
    iouart.o(i.IOTimer_IRQHandler) refers to drviouart.o(.text) for IOTimer_INT_CLR
    iouart.o(i.IOTimer_IRQHandler) refers to iouart.o(i.IOUARTHandle) for IOUARTHandle
    iouart.o(i.IOUARTCharGet) refers to queue.o(i.queueNData) for queueNData
    iouart.o(i.IOUARTCharGet) refers to queue.o(i.queueRead) for queueRead
    iouart.o(i.IOUARTCharGet) refers to iouart.o(.bss) for .bss
    iouart.o(i.IOUARTCharGet) refers to iouart.o(.constdata) for .constdata
    iouart.o(i.IOUARTCharGetNonBlocking) refers to queue.o(i.queueNData) for queueNData
    iouart.o(i.IOUARTCharGetNonBlocking) refers to queue.o(i.queueRead) for queueRead
    iouart.o(i.IOUARTCharGetNonBlocking) refers to iouart.o(.bss) for .bss
    iouart.o(i.IOUARTCharGetNonBlocking) refers to iouart.o(.constdata) for .constdata
    iouart.o(i.IOUARTCharPut) refers to queue.o(i.queueNData) for queueNData
    iouart.o(i.IOUARTCharPut) refers to queue.o(i.queueSize) for queueSize
    iouart.o(i.IOUARTCharPut) refers to queue.o(i.queueWrite) for queueWrite
    iouart.o(i.IOUARTCharPut) refers to drviouart.o(.text) for IOTimer_OPEN
    iouart.o(i.IOUARTCharPut) refers to iouart.o(.bss) for .bss
    iouart.o(i.IOUARTCharPut) refers to iouart.o(.constdata) for .constdata
    iouart.o(i.IOUARTCharPutNonBlocking) refers to queue.o(i.queueNData) for queueNData
    iouart.o(i.IOUARTCharPutNonBlocking) refers to queue.o(i.queueSize) for queueSize
    iouart.o(i.IOUARTCharPutNonBlocking) refers to queue.o(i.queueWrite) for queueWrite
    iouart.o(i.IOUARTCharPutNonBlocking) refers to drviouart.o(.text) for IOTimer_OPEN
    iouart.o(i.IOUARTCharPutNonBlocking) refers to iouart.o(.bss) for .bss
    iouart.o(i.IOUARTCharPutNonBlocking) refers to iouart.o(.constdata) for .constdata
    iouart.o(i.IOUARTCharsAvail) refers to queue.o(i.queueNData) for queueNData
    iouart.o(i.IOUARTCharsAvail) refers to iouart.o(.bss) for .bss
    iouart.o(i.IOUARTHandle) refers to drviouart.o(.text) for IORX0_IN
    iouart.o(i.IOUARTHandle) refers to queue.o(i.queueWrite) for queueWrite
    iouart.o(i.IOUARTHandle) refers to queue.o(i.queueRead) for queueRead
    iouart.o(i.IOUARTHandle) refers to queue.o(i.queueNData) for queueNData
    iouart.o(i.IOUARTHandle) refers to iouart.o(.bss) for .bss
    iouart.o(i.IOUARTHandle) refers to iouart.o(.data) for .data
    iouart.o(i.IOUARTInit) refers to uidiv.o(.text) for __aeabi_uidivmod
    iouart.o(i.IOUARTInit) refers to drviouart.o(.text) for IOTimerInit
    iouart.o(i.IOUARTInit) refers to queue.o(i.queueCreate) for queueCreate
    iouart.o(i.IOUARTInit) refers to iouart.o(.bss) for .bss
    iouart.o(i.IOUARTRxFifoLength) refers to queue.o(i.queueNData) for queueNData
    iouart.o(i.IOUARTRxFifoLength) refers to iouart.o(.bss) for .bss
    iouart.o(i.IOUARTSpaceAvail) refers to queue.o(i.queueNData) for queueNData
    iouart.o(i.IOUARTSpaceAvail) refers to queue.o(i.queueSize) for queueSize
    iouart.o(i.IOUARTSpaceAvail) refers to iouart.o(.bss) for .bss
    iouart.o(i.IOUARTTxFifoLength) refers to queue.o(i.queueNData) for queueNData
    iouart.o(i.IOUARTTxFifoLength) refers to iouart.o(.bss) for .bss
    iouart.o(i.IOUARTTxState) refers to queue.o(i.queueNData) for queueNData
    iouart.o(i.IOUARTTxState) refers to iouart.o(.bss) for .bss
    entry.o(.ARM.Collect$$$$00000000) refers (Special) to entry10a.o(.ARM.Collect$$$$0000000D) for __rt_final_cpp
    entry.o(.ARM.Collect$$$$00000000) refers (Special) to entry11a.o(.ARM.Collect$$$$0000000F) for __rt_final_exit
    entry.o(.ARM.Collect$$$$00000000) refers (Special) to entry7b.o(.ARM.Collect$$$$00000008) for _main_clock
    entry.o(.ARM.Collect$$$$00000000) refers (Special) to entry8b.o(.ARM.Collect$$$$0000000A) for _main_cpp_init
    entry.o(.ARM.Collect$$$$00000000) refers (Special) to entry9a.o(.ARM.Collect$$$$0000000B) for _main_init
    entry.o(.ARM.Collect$$$$00000000) refers (Special) to entry5.o(.ARM.Collect$$$$00000004) for _main_scatterload
    entry.o(.ARM.Collect$$$$00000000) refers (Special) to entry2.o(.ARM.Collect$$$$00000001) for _main_stk
    idiv.o(.text) refers to uidiv.o(.text) for __aeabi_uidivmod
    printfb.o(i.__0fprintf$bare) refers to printfb.o(i._printf_core) for _printf_core
    printfb.o(i.__0fprintf$bare) refers to fputc.o(i.fputc) for fputc
    printfb.o(i.__0printf$bare) refers to printfb.o(i._printf_core) for _printf_core
    printfb.o(i.__0printf$bare) refers to fputc.o(i.fputc) for fputc
    printfb.o(i.__0printf$bare) refers to stdout.o(.data) for __stdout
    printfb.o(i.__0snprintf$bare) refers to printfb.o(i._printf_core) for _printf_core
    printfb.o(i.__0snprintf$bare) refers to printfb.o(i._snputc) for _snputc
    printfb.o(i.__0sprintf$bare) refers to printfb.o(i._printf_core) for _printf_core
    printfb.o(i.__0sprintf$bare) refers to printfb.o(i._sputc) for _sputc
    printfb.o(i.__0vfprintf$bare) refers to printfb.o(i._printf_core) for _printf_core
    printfb.o(i.__0vfprintf$bare) refers to fputc.o(i.fputc) for fputc
    printfb.o(i.__0vprintf$bare) refers to printfb.o(i._printf_core) for _printf_core
    printfb.o(i.__0vprintf$bare) refers to fputc.o(i.fputc) for fputc
    printfb.o(i.__0vprintf$bare) refers to stdout.o(.data) for __stdout
    printfb.o(i.__0vsnprintf$bare) refers to printfb.o(i._printf_core) for _printf_core
    printfb.o(i.__0vsnprintf$bare) refers to printfb.o(i._snputc) for _snputc
    printfb.o(i.__0vsprintf$bare) refers to printfb.o(i._printf_core) for _printf_core
    printfb.o(i.__0vsprintf$bare) refers to printfb.o(i._sputc) for _sputc
    printf0.o(i.__0fprintf$0) refers to printf0.o(i._printf_core) for _printf_core
    printf0.o(i.__0fprintf$0) refers to fputc.o(i.fputc) for fputc
    printf0.o(i.__0printf$0) refers to printf0.o(i._printf_core) for _printf_core
    printf0.o(i.__0printf$0) refers to fputc.o(i.fputc) for fputc
    printf0.o(i.__0printf$0) refers to stdout.o(.data) for __stdout
    printf0.o(i.__0snprintf$0) refers to printf0.o(i._printf_core) for _printf_core
    printf0.o(i.__0snprintf$0) refers to printf0.o(i._snputc) for _snputc
    printf0.o(i.__0sprintf$0) refers to printf0.o(i._printf_core) for _printf_core
    printf0.o(i.__0sprintf$0) refers to printf0.o(i._sputc) for _sputc
    printf0.o(i.__0vfprintf$0) refers to printf0.o(i._printf_core) for _printf_core
    printf0.o(i.__0vfprintf$0) refers to fputc.o(i.fputc) for fputc
    printf0.o(i.__0vprintf$0) refers to printf0.o(i._printf_core) for _printf_core
    printf0.o(i.__0vprintf$0) refers to fputc.o(i.fputc) for fputc
    printf0.o(i.__0vprintf$0) refers to stdout.o(.data) for __stdout
    printf0.o(i.__0vsnprintf$0) refers to printf0.o(i._printf_core) for _printf_core
    printf0.o(i.__0vsnprintf$0) refers to printf0.o(i._snputc) for _snputc
    printf0.o(i.__0vsprintf$0) refers to printf0.o(i._printf_core) for _printf_core
    printf0.o(i.__0vsprintf$0) refers to printf0.o(i._sputc) for _sputc
    printf1.o(i.__0fprintf$1) refers to printf1.o(i._printf_core) for _printf_core
    printf1.o(i.__0fprintf$1) refers to fputc.o(i.fputc) for fputc
    printf1.o(i.__0printf$1) refers to printf1.o(i._printf_core) for _printf_core
    printf1.o(i.__0printf$1) refers to fputc.o(i.fputc) for fputc
    printf1.o(i.__0printf$1) refers to stdout.o(.data) for __stdout
    printf1.o(i.__0snprintf$1) refers to printf1.o(i._printf_core) for _printf_core
    printf1.o(i.__0snprintf$1) refers to printf1.o(i._snputc) for _snputc
    printf1.o(i.__0sprintf$1) refers to printf1.o(i._printf_core) for _printf_core
    printf1.o(i.__0sprintf$1) refers to printf1.o(i._sputc) for _sputc
    printf1.o(i.__0vfprintf$1) refers to printf1.o(i._printf_core) for _printf_core
    printf1.o(i.__0vfprintf$1) refers to fputc.o(i.fputc) for fputc
    printf1.o(i.__0vprintf$1) refers to printf1.o(i._printf_core) for _printf_core
    printf1.o(i.__0vprintf$1) refers to fputc.o(i.fputc) for fputc
    printf1.o(i.__0vprintf$1) refers to stdout.o(.data) for __stdout
    printf1.o(i.__0vsnprintf$1) refers to printf1.o(i._printf_core) for _printf_core
    printf1.o(i.__0vsnprintf$1) refers to printf1.o(i._snputc) for _snputc
    printf1.o(i.__0vsprintf$1) refers to printf1.o(i._printf_core) for _printf_core
    printf1.o(i.__0vsprintf$1) refers to printf1.o(i._sputc) for _sputc
    printf1.o(i._printf_core) refers to uidiv.o(.text) for __aeabi_uidivmod
    printf2.o(i.__0fprintf$2) refers to printf2.o(i._printf_core) for _printf_core
    printf2.o(i.__0fprintf$2) refers to fputc.o(i.fputc) for fputc
    printf2.o(i.__0printf$2) refers to printf2.o(i._printf_core) for _printf_core
    printf2.o(i.__0printf$2) refers to fputc.o(i.fputc) for fputc
    printf2.o(i.__0printf$2) refers to stdout.o(.data) for __stdout
    printf2.o(i.__0snprintf$2) refers to printf2.o(i._printf_core) for _printf_core
    printf2.o(i.__0snprintf$2) refers to printf2.o(i._snputc) for _snputc
    printf2.o(i.__0sprintf$2) refers to printf2.o(i._printf_core) for _printf_core
    printf2.o(i.__0sprintf$2) refers to printf2.o(i._sputc) for _sputc
    printf2.o(i.__0vfprintf$2) refers to printf2.o(i._printf_core) for _printf_core
    printf2.o(i.__0vfprintf$2) refers to fputc.o(i.fputc) for fputc
    printf2.o(i.__0vprintf$2) refers to printf2.o(i._printf_core) for _printf_core
    printf2.o(i.__0vprintf$2) refers to fputc.o(i.fputc) for fputc
    printf2.o(i.__0vprintf$2) refers to stdout.o(.data) for __stdout
    printf2.o(i.__0vsnprintf$2) refers to printf2.o(i._printf_core) for _printf_core
    printf2.o(i.__0vsnprintf$2) refers to printf2.o(i._snputc) for _snputc
    printf2.o(i.__0vsprintf$2) refers to printf2.o(i._printf_core) for _printf_core
    printf2.o(i.__0vsprintf$2) refers to printf2.o(i._sputc) for _sputc
    printf3.o(i.__0fprintf$3) refers to printf3.o(i._printf_core) for _printf_core
    printf3.o(i.__0fprintf$3) refers to fputc.o(i.fputc) for fputc
    printf3.o(i.__0printf$3) refers to printf3.o(i._printf_core) for _printf_core
    printf3.o(i.__0printf$3) refers to fputc.o(i.fputc) for fputc
    printf3.o(i.__0printf$3) refers to stdout.o(.data) for __stdout
    printf3.o(i.__0snprintf$3) refers to printf3.o(i._printf_core) for _printf_core
    printf3.o(i.__0snprintf$3) refers to printf3.o(i._snputc) for _snputc
    printf3.o(i.__0sprintf$3) refers to printf3.o(i._printf_core) for _printf_core
    printf3.o(i.__0sprintf$3) refers to printf3.o(i._sputc) for _sputc
    printf3.o(i.__0vfprintf$3) refers to printf3.o(i._printf_core) for _printf_core
    printf3.o(i.__0vfprintf$3) refers to fputc.o(i.fputc) for fputc
    printf3.o(i.__0vprintf$3) refers to printf3.o(i._printf_core) for _printf_core
    printf3.o(i.__0vprintf$3) refers to fputc.o(i.fputc) for fputc
    printf3.o(i.__0vprintf$3) refers to stdout.o(.data) for __stdout
    printf3.o(i.__0vsnprintf$3) refers to printf3.o(i._printf_core) for _printf_core
    printf3.o(i.__0vsnprintf$3) refers to printf3.o(i._snputc) for _snputc
    printf3.o(i.__0vsprintf$3) refers to printf3.o(i._printf_core) for _printf_core
    printf3.o(i.__0vsprintf$3) refers to printf3.o(i._sputc) for _sputc
    printf3.o(i._printf_core) refers to uidiv.o(.text) for __aeabi_uidivmod
    printf4.o(i.__0fprintf$4) refers to printf4.o(i._printf_core) for _printf_core
    printf4.o(i.__0fprintf$4) refers to fputc.o(i.fputc) for fputc
    printf4.o(i.__0printf$4) refers to printf4.o(i._printf_core) for _printf_core
    printf4.o(i.__0printf$4) refers to fputc.o(i.fputc) for fputc
    printf4.o(i.__0printf$4) refers to stdout.o(.data) for __stdout
    printf4.o(i.__0snprintf$4) refers to printf4.o(i._printf_core) for _printf_core
    printf4.o(i.__0snprintf$4) refers to printf4.o(i._snputc) for _snputc
    printf4.o(i.__0sprintf$4) refers to printf4.o(i._printf_core) for _printf_core
    printf4.o(i.__0sprintf$4) refers to printf4.o(i._sputc) for _sputc
    printf4.o(i.__0vfprintf$4) refers to printf4.o(i._printf_core) for _printf_core
    printf4.o(i.__0vfprintf$4) refers to fputc.o(i.fputc) for fputc
    printf4.o(i.__0vprintf$4) refers to printf4.o(i._printf_core) for _printf_core
    printf4.o(i.__0vprintf$4) refers to fputc.o(i.fputc) for fputc
    printf4.o(i.__0vprintf$4) refers to stdout.o(.data) for __stdout
    printf4.o(i.__0vsnprintf$4) refers to printf4.o(i._printf_core) for _printf_core
    printf4.o(i.__0vsnprintf$4) refers to printf4.o(i._snputc) for _snputc
    printf4.o(i.__0vsprintf$4) refers to printf4.o(i._printf_core) for _printf_core
    printf4.o(i.__0vsprintf$4) refers to printf4.o(i._sputc) for _sputc
    printf4.o(i._printf_core) refers to uldiv.o(.text) for __aeabi_uldivmod
    printf5.o(i.__0fprintf$5) refers to printf5.o(i._printf_core) for _printf_core
    printf5.o(i.__0fprintf$5) refers to fputc.o(i.fputc) for fputc
    printf5.o(i.__0printf$5) refers to printf5.o(i._printf_core) for _printf_core
    printf5.o(i.__0printf$5) refers to fputc.o(i.fputc) for fputc
    printf5.o(i.__0printf$5) refers to stdout.o(.data) for __stdout
    printf5.o(i.__0snprintf$5) refers to printf5.o(i._printf_core) for _printf_core
    printf5.o(i.__0snprintf$5) refers to printf5.o(i._snputc) for _snputc
    printf5.o(i.__0sprintf$5) refers to printf5.o(i._printf_core) for _printf_core
    printf5.o(i.__0sprintf$5) refers to printf5.o(i._sputc) for _sputc
    printf5.o(i.__0vfprintf$5) refers to printf5.o(i._printf_core) for _printf_core
    printf5.o(i.__0vfprintf$5) refers to fputc.o(i.fputc) for fputc
    printf5.o(i.__0vprintf$5) refers to printf5.o(i._printf_core) for _printf_core
    printf5.o(i.__0vprintf$5) refers to fputc.o(i.fputc) for fputc
    printf5.o(i.__0vprintf$5) refers to stdout.o(.data) for __stdout
    printf5.o(i.__0vsnprintf$5) refers to printf5.o(i._printf_core) for _printf_core
    printf5.o(i.__0vsnprintf$5) refers to printf5.o(i._snputc) for _snputc
    printf5.o(i.__0vsprintf$5) refers to printf5.o(i._printf_core) for _printf_core
    printf5.o(i.__0vsprintf$5) refers to printf5.o(i._sputc) for _sputc
    printf5.o(i._printf_core) refers to uldiv.o(.text) for __aeabi_uldivmod
    printf6.o(i.__0fprintf$6) refers to printf6.o(i._printf_core) for _printf_core
    printf6.o(i.__0fprintf$6) refers to fputc.o(i.fputc) for fputc
    printf6.o(i.__0printf$6) refers to printf6.o(i._printf_core) for _printf_core
    printf6.o(i.__0printf$6) refers to fputc.o(i.fputc) for fputc
    printf6.o(i.__0printf$6) refers to stdout.o(.data) for __stdout
    printf6.o(i.__0snprintf$6) refers to printf6.o(i._printf_core) for _printf_core
    printf6.o(i.__0snprintf$6) refers to printf6.o(i._snputc) for _snputc
    printf6.o(i.__0sprintf$6) refers to printf6.o(i._printf_core) for _printf_core
    printf6.o(i.__0sprintf$6) refers to printf6.o(i._sputc) for _sputc
    printf6.o(i.__0vfprintf$6) refers to printf6.o(i._printf_core) for _printf_core
    printf6.o(i.__0vfprintf$6) refers to fputc.o(i.fputc) for fputc
    printf6.o(i.__0vprintf$6) refers to printf6.o(i._printf_core) for _printf_core
    printf6.o(i.__0vprintf$6) refers to fputc.o(i.fputc) for fputc
    printf6.o(i.__0vprintf$6) refers to stdout.o(.data) for __stdout
    printf6.o(i.__0vsnprintf$6) refers to printf6.o(i._printf_core) for _printf_core
    printf6.o(i.__0vsnprintf$6) refers to printf6.o(i._snputc) for _snputc
    printf6.o(i.__0vsprintf$6) refers to printf6.o(i._printf_core) for _printf_core
    printf6.o(i.__0vsprintf$6) refers to printf6.o(i._sputc) for _sputc
    printf6.o(i._printf_core) refers to printf6.o(i._printf_pre_padding) for _printf_pre_padding
    printf6.o(i._printf_core) refers to printf6.o(i._printf_post_padding) for _printf_post_padding
    printf6.o(i._printf_core) refers to uidiv.o(.text) for __aeabi_uidivmod
    printf7.o(i.__0fprintf$7) refers to printf7.o(i._printf_core) for _printf_core
    printf7.o(i.__0fprintf$7) refers to fputc.o(i.fputc) for fputc
    printf7.o(i.__0printf$7) refers to printf7.o(i._printf_core) for _printf_core
    printf7.o(i.__0printf$7) refers to fputc.o(i.fputc) for fputc
    printf7.o(i.__0printf$7) refers to stdout.o(.data) for __stdout
    printf7.o(i.__0snprintf$7) refers to printf7.o(i._printf_core) for _printf_core
    printf7.o(i.__0snprintf$7) refers to printf7.o(i._snputc) for _snputc
    printf7.o(i.__0sprintf$7) refers to printf7.o(i._printf_core) for _printf_core
    printf7.o(i.__0sprintf$7) refers to printf7.o(i._sputc) for _sputc
    printf7.o(i.__0vfprintf$7) refers to printf7.o(i._printf_core) for _printf_core
    printf7.o(i.__0vfprintf$7) refers to fputc.o(i.fputc) for fputc
    printf7.o(i.__0vprintf$7) refers to printf7.o(i._printf_core) for _printf_core
    printf7.o(i.__0vprintf$7) refers to fputc.o(i.fputc) for fputc
    printf7.o(i.__0vprintf$7) refers to stdout.o(.data) for __stdout
    printf7.o(i.__0vsnprintf$7) refers to printf7.o(i._printf_core) for _printf_core
    printf7.o(i.__0vsnprintf$7) refers to printf7.o(i._snputc) for _snputc
    printf7.o(i.__0vsprintf$7) refers to printf7.o(i._printf_core) for _printf_core
    printf7.o(i.__0vsprintf$7) refers to printf7.o(i._sputc) for _sputc
    printf7.o(i._printf_core) refers to printf7.o(i._printf_pre_padding) for _printf_pre_padding
    printf7.o(i._printf_core) refers to printf7.o(i._printf_post_padding) for _printf_post_padding
    printf7.o(i._printf_core) refers to uldiv.o(.text) for __aeabi_uldivmod
    printf8.o(i.__0fprintf$8) refers to printf8.o(i._printf_core) for _printf_core
    printf8.o(i.__0fprintf$8) refers to fputc.o(i.fputc) for fputc
    printf8.o(i.__0printf$8) refers to printf8.o(i._printf_core) for _printf_core
    printf8.o(i.__0printf$8) refers to fputc.o(i.fputc) for fputc
    printf8.o(i.__0printf$8) refers to stdout.o(.data) for __stdout
    printf8.o(i.__0snprintf$8) refers to printf8.o(i._printf_core) for _printf_core
    printf8.o(i.__0snprintf$8) refers to printf8.o(i._snputc) for _snputc
    printf8.o(i.__0sprintf$8) refers to printf8.o(i._printf_core) for _printf_core
    printf8.o(i.__0sprintf$8) refers to printf8.o(i._sputc) for _sputc
    printf8.o(i.__0vfprintf$8) refers to printf8.o(i._printf_core) for _printf_core
    printf8.o(i.__0vfprintf$8) refers to fputc.o(i.fputc) for fputc
    printf8.o(i.__0vprintf$8) refers to printf8.o(i._printf_core) for _printf_core
    printf8.o(i.__0vprintf$8) refers to fputc.o(i.fputc) for fputc
    printf8.o(i.__0vprintf$8) refers to stdout.o(.data) for __stdout
    printf8.o(i.__0vsnprintf$8) refers to printf8.o(i._printf_core) for _printf_core
    printf8.o(i.__0vsnprintf$8) refers to printf8.o(i._snputc) for _snputc
    printf8.o(i.__0vsprintf$8) refers to printf8.o(i._printf_core) for _printf_core
    printf8.o(i.__0vsprintf$8) refers to printf8.o(i._sputc) for _sputc
    printf8.o(i._printf_core) refers to printf8.o(i._printf_pre_padding) for _printf_pre_padding
    printf8.o(i._printf_core) refers to printf8.o(i._printf_post_padding) for _printf_post_padding
    printf8.o(i._printf_core) refers to uldiv.o(.text) for __aeabi_uldivmod
    printfa.o(i.__0fprintf) refers (Special) to iusefp.o(.text) for __I$use$fp
    printfa.o(i.__0fprintf) refers to printfa.o(i._printf_core) for _printf_core
    printfa.o(i.__0fprintf) refers to fputc.o(i.fputc) for fputc
    printfa.o(i.__0printf) refers (Special) to iusefp.o(.text) for __I$use$fp
    printfa.o(i.__0printf) refers to printfa.o(i._printf_core) for _printf_core
    printfa.o(i.__0printf) refers to fputc.o(i.fputc) for fputc
    printfa.o(i.__0printf) refers to stdout.o(.data) for __stdout
    printfa.o(i.__0snprintf) refers (Special) to iusefp.o(.text) for __I$use$fp
    printfa.o(i.__0snprintf) refers to printfa.o(i._printf_core) for _printf_core
    printfa.o(i.__0snprintf) refers to printfa.o(i._snputc) for _snputc
    printfa.o(i.__0sprintf) refers (Special) to iusefp.o(.text) for __I$use$fp
    printfa.o(i.__0sprintf) refers to printfa.o(i._printf_core) for _printf_core
    printfa.o(i.__0sprintf) refers to printfa.o(i._sputc) for _sputc
    printfa.o(i.__0vfprintf) refers (Special) to iusefp.o(.text) for __I$use$fp
    printfa.o(i.__0vfprintf) refers to printfa.o(i._printf_core) for _printf_core
    printfa.o(i.__0vfprintf) refers to fputc.o(i.fputc) for fputc
    printfa.o(i.__0vprintf) refers (Special) to iusefp.o(.text) for __I$use$fp
    printfa.o(i.__0vprintf) refers to printfa.o(i._printf_core) for _printf_core
    printfa.o(i.__0vprintf) refers to fputc.o(i.fputc) for fputc
    printfa.o(i.__0vprintf) refers to stdout.o(.data) for __stdout
    printfa.o(i.__0vsnprintf) refers (Special) to iusefp.o(.text) for __I$use$fp
    printfa.o(i.__0vsnprintf) refers to printfa.o(i._printf_core) for _printf_core
    printfa.o(i.__0vsnprintf) refers to printfa.o(i._snputc) for _snputc
    printfa.o(i.__0vsprintf) refers (Special) to iusefp.o(.text) for __I$use$fp
    printfa.o(i.__0vsprintf) refers to printfa.o(i._printf_core) for _printf_core
    printfa.o(i.__0vsprintf) refers to printfa.o(i._sputc) for _sputc
    printfa.o(i._fp_digits) refers (Special) to iusefp.o(.text) for __I$use$fp
    printfa.o(i._fp_digits) refers to dmul.o(.text) for __aeabi_dmul
    printfa.o(i._fp_digits) refers to ddiv.o(.text) for __aeabi_ddiv
    printfa.o(i._fp_digits) refers to cdrcmple.o(.text) for __aeabi_cdrcmple
    printfa.o(i._fp_digits) refers to dadd.o(.text) for __aeabi_dadd
    printfa.o(i._fp_digits) refers to dfixul.o(.text) for __aeabi_d2ulz
    printfa.o(i._fp_digits) refers to uldiv.o(.text) for __aeabi_uldivmod
    printfa.o(i._printf_core) refers (Special) to iusefp.o(.text) for __I$use$fp
    printfa.o(i._printf_core) refers to printfa.o(i._printf_pre_padding) for _printf_pre_padding
    printfa.o(i._printf_core) refers to uldiv.o(.text) for __aeabi_uldivmod
    printfa.o(i._printf_core) refers to printfa.o(i._printf_post_padding) for _printf_post_padding
    printfa.o(i._printf_core) refers to printfa.o(i._fp_digits) for _fp_digits
    printfa.o(i._printf_core) refers to uidiv.o(.text) for __aeabi_uidivmod
    printfa.o(i._printf_post_padding) refers (Special) to iusefp.o(.text) for __I$use$fp
    printfa.o(i._printf_pre_padding) refers (Special) to iusefp.o(.text) for __I$use$fp
    printfa.o(i._snputc) refers (Special) to iusefp.o(.text) for __I$use$fp
    printfa.o(i._sputc) refers (Special) to iusefp.o(.text) for __I$use$fp
    malloc.o(i.free) refers to mvars.o(.data) for __microlib_freelist
    malloc.o(i.malloc) refers to mvars.o(.data) for __microlib_freelist_initialised
    malloc.o(i.malloc) refers to mvars.o(.data) for __microlib_freelist
    malloc.o(i.malloc) refers to startup_lpc11xx.o(HEAP) for __heap_base
    mallocr.o(i.__free$realloc) refers to mvars.o(.data) for __microlib_freelist
    mallocr.o(i.__malloc$realloc) refers to mallocr.o(i.internal_alloc) for internal_alloc
    mallocr.o(i.__malloc$realloc) refers to mvars.o(.data) for __microlib_freelist_initialised
    mallocr.o(i.__malloc$realloc) refers to startup_lpc11xx.o(HEAP) for __heap_base
    mallocr.o(i.__malloc$realloc) refers to mvars.o(.data) for __microlib_freelist
    mallocr.o(i.internal_alloc) refers to memcpya.o(.text) for __aeabi_memcpy
    mallocr.o(i.internal_alloc) refers to mvars.o(.data) for __microlib_freelist
    mallocr.o(i.realloc) refers to mallocr.o(i.__free$realloc) for __free$realloc
    mallocr.o(i.realloc) refers to mallocr.o(i.internal_alloc) for internal_alloc
    mallocr.o(i.realloc) refers to mallocr.o(i.__malloc$realloc) for __malloc$realloc
    mallocr.o(i.realloc) refers to mvars.o(.data) for __microlib_freelist
    malloca.o(i.__aligned_malloc) refers to mvars.o(.data) for __microlib_freelist
    malloca.o(i.__aligned_malloc) refers to mvars.o(.data) for __microlib_freelist_initialised
    malloca.o(i.__aligned_malloc) refers to startup_lpc11xx.o(HEAP) for __heap_base
    malloca.o(i.__free$memalign) refers to mvars.o(.data) for __microlib_freelist
    malloca.o(i.__malloc$memalign) refers to malloca.o(i.__aligned_malloc) for __aligned_malloc
    mallocra.o(i.__aligned_malloc$realloc) refers to mallocra.o(i.internal_alloc) for internal_alloc
    mallocra.o(i.__aligned_malloc$realloc) refers to startup_lpc11xx.o(HEAP) for __heap_base
    mallocra.o(i.__aligned_malloc$realloc) refers to mvars.o(.data) for __microlib_freelist
    mallocra.o(i.__aligned_malloc$realloc) refers to mvars.o(.data) for __microlib_freelist_initialised
    mallocra.o(i.__free$realloc$memalign) refers to mvars.o(.data) for __microlib_freelist
    mallocra.o(i.__malloc$realloc$memalign) refers to mallocra.o(i.__aligned_malloc$realloc) for __aligned_malloc$realloc
    mallocra.o(i.__realloc$memalign) refers to mallocra.o(i.__free$realloc$memalign) for __free$realloc$memalign
    mallocra.o(i.__realloc$memalign) refers to mallocra.o(i.internal_alloc) for internal_alloc
    mallocra.o(i.__realloc$memalign) refers to mallocra.o(i.__malloc$realloc$memalign) for __malloc$realloc$memalign
    mallocra.o(i.__realloc$memalign) refers to mvars.o(.data) for __microlib_freelist
    mallocra.o(i.internal_alloc) refers to memcpya.o(.text) for __aeabi_memcpy
    mallocra.o(i.internal_alloc) refers to mvars.o(.data) for __microlib_freelist
    entry2.o(.ARM.Collect$$$$00000001) refers to entry2.o(.ARM.Collect$$$$00002712) for __lit__00000000
    entry2.o(.ARM.Collect$$$$00002712) refers to startup_lpc11xx.o(STACK) for __initial_sp
    entry2.o(__vectab_stack_and_reset_area) refers to startup_lpc11xx.o(STACK) for __initial_sp
    entry2.o(__vectab_stack_and_reset_area) refers to entry.o(.ARM.Collect$$$$00000000) for __main
    entry5.o(.ARM.Collect$$$$00000004) refers to init.o(.text) for __scatterload
    entry9a.o(.ARM.Collect$$$$0000000B) refers to main.o(.text) for main
    entry9b.o(.ARM.Collect$$$$0000000C) refers to main.o(.text) for main
    fputc.o(i.fputc) refers (Special) to iusesemip.o(.text) for __I$use$semihosting$fputc
    fputc.o(i.fputc) refers (Special) to semi.o(.text) for __semihosting_library_function
    uldiv.o(.text) refers to llushr.o(.text) for __aeabi_llsr
    uldiv.o(.text) refers to llshl.o(.text) for __aeabi_llsl
    dadd.o(.text) refers to llshl.o(.text) for __aeabi_llsl
    dadd.o(.text) refers to llsshr.o(.text) for __aeabi_lasr
    dadd.o(.text) refers to depilogue.o(.text) for _double_epilogue
    dmul.o(.text) refers to depilogue.o(.text) for _double_epilogue
    ddiv.o(.text) refers to depilogue.o(.text) for _double_round
    dfixul.o(.text) refers to llushr.o(.text) for __aeabi_llsr
    dfixul.o(.text) refers to llshl.o(.text) for __aeabi_llsl
    init.o(.text) refers to entry5.o(.ARM.Collect$$$$00000004) for __main_after_scatterload
    depilogue.o(.text) refers to depilogue.o(i.__ARM_clz) for __ARM_clz
    depilogue.o(.text) refers to llshl.o(.text) for __aeabi_llsl
    depilogue.o(.text) refers to llushr.o(.text) for __aeabi_llsr


==============================================================================

Removing Unused input sections from the image.

    Removing main.o(.constdata), (16 bytes).
    Removing drvuart.o(.constdata), (16 bytes).
    Removing drvcan.o(.constdata), (16 bytes).
    Removing iouart.o(i.IOUARTCharGet), (120 bytes).
    Removing iouart.o(i.IOUARTCharPutNonBlocking), (104 bytes).
    Removing iouart.o(i.IOUARTCharsAvail), (32 bytes).
    Removing iouart.o(i.IOUARTSpaceAvail), (40 bytes).
    Removing iouart.o(i.IOUARTTxFifoLength), (24 bytes).
    Removing iouart.o(i.IOUARTTxState), (36 bytes).
    Removing queue.o(i.queueFlush), (22 bytes).
    Removing queue.o(i.queueWriteFront), (52 bytes).
    Removing dadd.o(.text), (356 bytes).
    Removing dmul.o(.text), (208 bytes).
    Removing ddiv.o(.text), (240 bytes).
    Removing dfixul.o(.text), (64 bytes).
    Removing cdrcmple.o(.text), (40 bytes).
    Removing depilogue.o(.text), (190 bytes).
    Removing depilogue.o(i.__ARM_clz), (46 bytes).

18 unused section(s) (total 1622 bytes) removed from the image.

==============================================================================

Image Symbol Table

    Local Symbols

    Symbol Name                              Value     Ov Type        Size  Object(Section)

    RESET                                    0x00000000   Section      192  startup_lpc11xx.o(RESET)
    ../clib/../cmprslib/zerorunl2.c          0x00000000   Number         0  __dczerorl2.o ABSOLUTE
    ../clib/microlib/division.c              0x00000000   Number         0  idiv.o ABSOLUTE
    ../clib/microlib/division.c              0x00000000   Number         0  uidiv.o ABSOLUTE
    ../clib/microlib/division.c              0x00000000   Number         0  uldiv.o ABSOLUTE
    ../clib/microlib/init/entry.s            0x00000000   Number         0  entry.o ABSOLUTE
    ../clib/microlib/init/entry.s            0x00000000   Number         0  entry9b.o ABSOLUTE
    ../clib/microlib/init/entry.s            0x00000000   Number         0  entry8b.o ABSOLUTE
    ../clib/microlib/init/entry.s            0x00000000   Number         0  entry8a.o ABSOLUTE
    ../clib/microlib/init/entry.s            0x00000000   Number         0  entry10a.o ABSOLUTE
    ../clib/microlib/init/entry.s            0x00000000   Number         0  entry2.o ABSOLUTE
    ../clib/microlib/init/entry.s            0x00000000   Number         0  entry5.o ABSOLUTE
    ../clib/microlib/init/entry.s            0x00000000   Number         0  entry9a.o ABSOLUTE
    ../clib/microlib/init/entry.s            0x00000000   Number         0  entry11b.o ABSOLUTE
    ../clib/microlib/init/entry.s            0x00000000   Number         0  entry7a.o ABSOLUTE
    ../clib/microlib/init/entry.s            0x00000000   Number         0  entry11a.o ABSOLUTE
    ../clib/microlib/init/entry.s            0x00000000   Number         0  entry10b.o ABSOLUTE
    ../clib/microlib/init/entry.s            0x00000000   Number         0  entry7b.o ABSOLUTE
    ../clib/microlib/longlong.c              0x00000000   Number         0  llsshr.o ABSOLUTE
    ../clib/microlib/longlong.c              0x00000000   Number         0  llushr.o ABSOLUTE
    ../clib/microlib/longlong.c              0x00000000   Number         0  llshl.o ABSOLUTE
    ../clib/microlib/malloc/malloc.c         0x00000000   Number         0  malloc.o ABSOLUTE
    ../clib/microlib/malloc/malloc.c         0x00000000   Number         0  mallocr.o ABSOLUTE
    ../clib/microlib/malloc/malloc.c         0x00000000   Number         0  malloca.o ABSOLUTE
    ../clib/microlib/malloc/malloc.c         0x00000000   Number         0  mallocra.o ABSOLUTE
    ../clib/microlib/malloc/mvars.c          0x00000000   Number         0  mvars.o ABSOLUTE
    ../clib/microlib/printf/printf.c         0x00000000   Number         0  printfb.o ABSOLUTE
    ../clib/microlib/printf/printf.c         0x00000000   Number         0  printf0.o ABSOLUTE
    ../clib/microlib/printf/printf.c         0x00000000   Number         0  printf2.o ABSOLUTE
    ../clib/microlib/printf/printf.c         0x00000000   Number         0  printf3.o ABSOLUTE
    ../clib/microlib/printf/printf.c         0x00000000   Number         0  printf4.o ABSOLUTE
    ../clib/microlib/printf/printf.c         0x00000000   Number         0  printf6.o ABSOLUTE
    ../clib/microlib/printf/printf.c         0x00000000   Number         0  printf5.o ABSOLUTE
    ../clib/microlib/printf/printf.c         0x00000000   Number         0  printf1.o ABSOLUTE
    ../clib/microlib/printf/printf.c         0x00000000   Number         0  printfa.o ABSOLUTE
    ../clib/microlib/printf/printf.c         0x00000000   Number         0  printf7.o ABSOLUTE
    ../clib/microlib/printf/printf.c         0x00000000   Number         0  printf8.o ABSOLUTE
    ../clib/microlib/printf/stubs.s          0x00000000   Number         0  stubs.o ABSOLUTE
    ../clib/microlib/stdio/fputc.c           0x00000000   Number         0  fputc.o ABSOLUTE
    ../clib/microlib/stdio/semi.s            0x00000000   Number         0  semi.o ABSOLUTE
    ../clib/microlib/stdio/streams.c         0x00000000   Number         0  stdout.o ABSOLUTE
    ../clib/microlib/string/memcmp.c         0x00000000   Number         0  memcmp.o ABSOLUTE
    ../clib/microlib/string/memcpy.c         0x00000000   Number         0  memcpyb.o ABSOLUTE
    ../clib/microlib/string/memcpy.c         0x00000000   Number         0  memcpya.o ABSOLUTE
    ../clib/microlib/string/memset.c         0x00000000   Number         0  memseta.o ABSOLUTE
    ../clib/microlib/string/strlen.c         0x00000000   Number         0  strlen.o ABSOLUTE
    ../clib/microlib/stubs.s                 0x00000000   Number         0  iusesemip.o ABSOLUTE
    ../clib/microlib/stubs.s                 0x00000000   Number         0  iusefp.o ABSOLUTE
    ../fplib/microlib/fpadd.c                0x00000000   Number         0  dadd.o ABSOLUTE
    ../fplib/microlib/fpdiv.c                0x00000000   Number         0  ddiv.o ABSOLUTE
    ../fplib/microlib/fpepilogue.c           0x00000000   Number         0  depilogue.o ABSOLUTE
    ../fplib/microlib/fpfix.c                0x00000000   Number         0  dfixul.o ABSOLUTE
    ../fplib/microlib/fpmul.c                0x00000000   Number         0  dmul.o ABSOLUTE
    ..\App\logic.c                           0x00000000   Number         0  logic.o ABSOLUTE
    ..\App\main.c                            0x00000000   Number         0  main.o ABSOLUTE
    ..\Core\core_cm0.c                       0x00000000   Number         0  core_cm0.o ABSOLUTE
    ..\Core\startup_LPC11xx.s                0x00000000   Number         0  startup_lpc11xx.o ABSOLUTE
    ..\Core\system_LPC11xx.c                 0x00000000   Number         0  system_lpc11xx.o ABSOLUTE
    ..\Customer\Schindler\user.c             0x00000000   Number         0  user.o ABSOLUTE
    ..\Library\DrvCAN.c                      0x00000000   Number         0  drvcan.o ABSOLUTE
    ..\Library\DrvFlash.c                    0x00000000   Number         0  drvflash.o ABSOLUTE
    ..\Library\DrvGPIO.c                     0x00000000   Number         0  drvgpio.o ABSOLUTE
    ..\Library\DrvIOUART.c                   0x00000000   Number         0  drviouart.o ABSOLUTE
    ..\Library\DrvSysClk.c                   0x00000000   Number         0  drvsysclk.o ABSOLUTE
    ..\Library\DrvTimer.c                    0x00000000   Number         0  drvtimer.o ABSOLUTE
    ..\Library\DrvUART.c                     0x00000000   Number         0  drvuart.o ABSOLUTE
    IOUART\iouart.c                          0x00000000   Number         0  iouart.o ABSOLUTE
    IOUART\queue.c                           0x00000000   Number         0  queue.o ABSOLUTE
    cdrcmple.s                               0x00000000   Number         0  cdrcmple.o ABSOLUTE
    dc.s                                     0x00000000   Number         0  dc.o ABSOLUTE
    handlers.s                               0x00000000   Number         0  handlers.o ABSOLUTE
    init.s                                   0x00000000   Number         0  init.o ABSOLUTE
    .ARM.Collect$$$$00000000                 0x000000c0   Section        0  entry.o(.ARM.Collect$$$$00000000)
    .ARM.Collect$$$$00000001                 0x000000c0   Section        4  entry2.o(.ARM.Collect$$$$00000001)
    .ARM.Collect$$$$00000004                 0x000000c4   Section        4  entry5.o(.ARM.Collect$$$$00000004)
    .ARM.Collect$$$$00000008                 0x000000c8   Section        0  entry7b.o(.ARM.Collect$$$$00000008)
    .ARM.Collect$$$$0000000A                 0x000000c8   Section        0  entry8b.o(.ARM.Collect$$$$0000000A)
    .ARM.Collect$$$$0000000B                 0x000000c8   Section        8  entry9a.o(.ARM.Collect$$$$0000000B)
    .ARM.Collect$$$$0000000D                 0x000000d0   Section        0  entry10a.o(.ARM.Collect$$$$0000000D)
    .ARM.Collect$$$$0000000F                 0x000000d0   Section        0  entry11a.o(.ARM.Collect$$$$0000000F)
    .ARM.Collect$$$$00002712                 0x000000d0   Section        4  entry2.o(.ARM.Collect$$$$00002712)
    __lit__00000000                          0x000000d0   Data           4  entry2.o(.ARM.Collect$$$$00002712)
    .text                                    0x000000d4   Section        0  main.o(.text)
    .text                                    0x000001ac   Section        0  drvflash.o(.text)
    .text                                    0x00000284   Section       28  startup_lpc11xx.o(.text)
    .text                                    0x000002a0   Section        0  uidiv.o(.text)
    .text                                    0x000002cc   Section        0  idiv.o(.text)
    i.__scatterload_null                     0x000002f4   Section        2  handlers.o(i.__scatterload_null)
    .ARM.__at_0x02FC                         0x000002fc   Section        4  startup_lpc11xx.o(.ARM.__at_0x02FC)
    .text                                    0x00000300   Section        0  logic.o(.text)
    .text                                    0x00002060   Section        0  user.o(.text)
    .text                                    0x00002b2c   Section        0  drviouart.o(.text)
    NVIC_SetPriority                         0x00002b2d   Thumb Code   110  drviouart.o(.text)
    NVIC_EnableIRQ                           0x00002d67   Thumb Code    14  drviouart.o(.text)
    .text                                    0x00002da8   Section        0  drvgpio.o(.text)
    .text                                    0x00002f88   Section        0  drvtimer.o(.text)
    NVIC_SetPriority                         0x00002f89   Thumb Code   110  drvtimer.o(.text)
    NVIC_EnableIRQ                           0x000030d5   Thumb Code    14  drvtimer.o(.text)
    NVIC_DisableIRQ                          0x000030e3   Thumb Code    16  drvtimer.o(.text)
    .text                                    0x00003110   Section        0  drvuart.o(.text)
    NVIC_DisableIRQ                          0x000032c9   Thumb Code    16  drvuart.o(.text)
    NVIC_SetPriority                         0x000032d9   Thumb Code   110  drvuart.o(.text)
    .text                                    0x00003360   Section        0  drvsysclk.o(.text)
    NVIC_SetPriority                         0x000034a5   Thumb Code   110  drvsysclk.o(.text)
    .text                                    0x00003534   Section        0  drvcan.o(.text)
    NVIC_SetPriority                         0x0000398d   Thumb Code   110  drvcan.o(.text)
    .text                                    0x00003a04   Section        0  system_lpc11xx.o(.text)
    .text                                    0x00003bc0   Section        0  memcpya.o(.text)
    .text                                    0x00003be4   Section        0  memseta.o(.text)
    .text                                    0x00003c08   Section        0  strlen.o(.text)
    .text                                    0x00003c16   Section        0  memcmp.o(.text)
    .text                                    0x00003c30   Section       36  init.o(.text)
    .text                                    0x00003c54   Section        0  __dczerorl2.o(.text)
    i.IOEINT0_IRQHandler                     0x00003caa   Section        0  iouart.o(i.IOEINT0_IRQHandler)
    i.IOTimer_IRQHandler                     0x00003cb6   Section        0  iouart.o(i.IOTimer_IRQHandler)
    i.IOUARTCharGetNonBlocking               0x00003cc4   Section        0  iouart.o(i.IOUARTCharGetNonBlocking)
    i.IOUARTCharPut                          0x00003d3c   Section        0  iouart.o(i.IOUARTCharPut)
    i.IOUARTHandle                           0x00003da8   Section        0  iouart.o(i.IOUARTHandle)
    i.IOUARTInit                             0x00003edc   Section        0  iouart.o(i.IOUARTInit)
    i.IOUARTRxFifoLength                     0x00003f84   Section        0  iouart.o(i.IOUARTRxFifoLength)
    i.__0sprintf$1                           0x00003f9c   Section        0  printf1.o(i.__0sprintf$1)
    i.__ARM_common_switch8                   0x00003fc4   Section        0  logic.o(i.__ARM_common_switch8)
    i.__scatterload_copy                     0x00003fe0   Section       14  handlers.o(i.__scatterload_copy)
    i.__scatterload_zeroinit                 0x00003fee   Section       14  handlers.o(i.__scatterload_zeroinit)
    i._printf_core                           0x00003ffc   Section        0  printf1.o(i._printf_core)
    _printf_core                             0x00003ffd   Thumb Code   332  printf1.o(i._printf_core)
    i._sputc                                 0x0000414c   Section        0  printf1.o(i._sputc)
    _sputc                                   0x0000414d   Thumb Code    10  printf1.o(i._sputc)
    i.free                                   0x00004158   Section        0  malloc.o(i.free)
    i.malloc                                 0x000041ac   Section        0  malloc.o(i.malloc)
    i.queueCreate                            0x00004218   Section        0  queue.o(i.queueCreate)
    i.queueNData                             0x00004250   Section        0  queue.o(i.queueNData)
    i.queueRead                              0x00004258   Section        0  queue.o(i.queueRead)
    i.queueSize                              0x0000428e   Section        0  queue.o(i.queueSize)
    i.queueWrite                             0x00004296   Section        0  queue.o(i.queueWrite)
    .constdata                               0x000042cc   Section     1744  logic.o(.constdata)
    LPC_GPIO                                 0x000042cc   Data          16  logic.o(.constdata)
    .constdata                               0x0000499c   Section      300  user.o(.constdata)
    LPC_GPIO                                 0x0000499c   Data          16  user.o(.constdata)
    .constdata                               0x00004ac8   Section       16  drvgpio.o(.constdata)
    LPC_GPIO                                 0x00004ac8   Data          16  drvgpio.o(.constdata)
    .constdata                               0x00004ad8   Section      256  iouart.o(.constdata)
    .data                                    0x100000c0   Section     1392  logic.o(.data)
    count                                    0x10000615   Data           1  logic.o(.data)
    recStatus                                0x10000616   Data           1  logic.o(.data)
    busy                                     0x10000617   Data           1  logic.o(.data)
    sCurRecvFrame                            0x10000618   Data           4  logic.o(.data)
    count                                    0x1000061c   Data           1  logic.o(.data)
    count                                    0x1000061d   Data           1  logic.o(.data)
    tmpYearBuffer                            0x1000061e   Data           4  logic.o(.data)
    tmpMonthBuffer                           0x10000622   Data           2  logic.o(.data)
    tmpDayBuffer                             0x10000624   Data           2  logic.o(.data)
    tmpHourBuffer                            0x10000626   Data           2  logic.o(.data)
    tmpMinBuffer                             0x10000628   Data           2  logic.o(.data)
    startkey                                 0x1000062a   Data           1  logic.o(.data)
    sFlrLen                                  0x1000062c   Data           4  logic.o(.data)
    .data                                    0x10000630   Section      125  user.o(.data)
    tmpValue                                 0x100006a0   Data           8  user.o(.data)
    tmpData                                  0x100006a8   Data           5  user.o(.data)
    .data                                    0x100006ad   Section        2  drviouart.o(.data)
    .data                                    0x100006b0   Section       16  drvgpio.o(.data)
    ledFlag                                  0x100006bc   Data           4  drvgpio.o(.data)
    .data                                    0x100006c0   Section        8  drvsysclk.o(.data)
    .data                                    0x100006c8   Section        4  drvflash.o(.data)
    .data                                    0x100006cc   Section       24  drvcan.o(.data)
    sCanMsgSize                              0x100006e0   Data           4  drvcan.o(.data)
    .data                                    0x100006e4   Section       12  system_lpc11xx.o(.data)
    .data                                    0x100006f0   Section        1  iouart.o(.data)
    timer_out                                0x100006f0   Data           1  iouart.o(.data)
    .data                                    0x100006f4   Section        4  mvars.o(.data)
    .data                                    0x100006f8   Section        4  mvars.o(.data)
    .bss                                     0x100006fc   Section     3636  logic.o(.bss)
    .bss                                     0x10001530   Section      584  drviouart.o(.bss)
    .bss                                     0x10001778   Section       40  drvflash.o(.bss)
    .bss                                     0x100017a0   Section       20  drvcan.o(.bss)
    .bss                                     0x100017b4   Section       24  iouart.o(.bss)
    GtPar                                    0x100017b4   Data          24  iouart.o(.bss)
    HEAP                                     0x100017d0   Section        0  startup_lpc11xx.o(HEAP)
    STACK                                    0x100017d0   Section     2048  startup_lpc11xx.o(STACK)

    Global Symbols

    Symbol Name                              Value     Ov Type        Size  Object(Section)

    BuildAttributes$$THM_ISAv3M$S$PE$A:L22$X:L11$S22$IEEE1$IW$USESV6$~STKCKD$USESV7$~SHL$OTIME$ROPI$EBA8$MICROLIB$REQ8$PRES8$EABIv2 0x00000000   Number         0  anon$$obj.o ABSOLUTE
    __ARM_use_no_argv                        0x00000000   Number         0  main.o ABSOLUTE
    __Vectors                                0x00000000   Data           4  startup_lpc11xx.o(RESET)
    _printf_a                                0x00000000   Number         0  stubs.o ABSOLUTE
    _printf_c                                0x00000000   Number         0  stubs.o ABSOLUTE
    _printf_charcount                        0x00000000   Number         0  stubs.o ABSOLUTE
    _printf_d                                0x00000000   Number         0  stubs.o ABSOLUTE
    _printf_e                                0x00000000   Number         0  stubs.o ABSOLUTE
    _printf_f                                0x00000000   Number         0  stubs.o ABSOLUTE
    _printf_flags                            0x00000000   Number         0  stubs.o ABSOLUTE
    _printf_fp_dec                           0x00000000   Number         0  stubs.o ABSOLUTE
    _printf_fp_hex                           0x00000000   Number         0  stubs.o ABSOLUTE
    _printf_g                                0x00000000   Number         0  stubs.o ABSOLUTE
    _printf_i                                0x00000000   Number         0  stubs.o ABSOLUTE
    _printf_int_dec                          0x00000000   Number         0  stubs.o ABSOLUTE
    _printf_l                                0x00000000   Number         0  stubs.o ABSOLUTE
    _printf_lc                               0x00000000   Number         0  stubs.o ABSOLUTE
    _printf_ll                               0x00000000   Number         0  stubs.o ABSOLUTE
    _printf_lld                              0x00000000   Number         0  stubs.o ABSOLUTE
    _printf_lli                              0x00000000   Number         0  stubs.o ABSOLUTE
    _printf_llo                              0x00000000   Number         0  stubs.o ABSOLUTE
    _printf_llu                              0x00000000   Number         0  stubs.o ABSOLUTE
    _printf_llx                              0x00000000   Number         0  stubs.o ABSOLUTE
    _printf_longlong_dec                     0x00000000   Number         0  stubs.o ABSOLUTE
    _printf_longlong_hex                     0x00000000   Number         0  stubs.o ABSOLUTE
    _printf_longlong_oct                     0x00000000   Number         0  stubs.o ABSOLUTE
    _printf_ls                               0x00000000   Number         0  stubs.o ABSOLUTE
    _printf_mbtowc                           0x00000000   Number         0  stubs.o ABSOLUTE
    _printf_n                                0x00000000   Number         0  stubs.o ABSOLUTE
    _printf_o                                0x00000000   Number         0  stubs.o ABSOLUTE
    _printf_p                                0x00000000   Number         0  stubs.o ABSOLUTE
    _printf_percent                          0x00000000   Number         0  stubs.o ABSOLUTE
    _printf_pre_padding                      0x00000000   Number         0  stubs.o ABSOLUTE
    _printf_return_value                     0x00000000   Number         0  stubs.o ABSOLUTE
    _printf_s                                0x00000000   Number         0  stubs.o ABSOLUTE
    _printf_sizespec                         0x00000000   Number         0  stubs.o ABSOLUTE
    _printf_str                              0x00000000   Number         0  stubs.o ABSOLUTE
    _printf_truncate_signed                  0x00000000   Number         0  stubs.o ABSOLUTE
    _printf_truncate_unsigned                0x00000000   Number         0  stubs.o ABSOLUTE
    _printf_u                                0x00000000   Number         0  stubs.o ABSOLUTE
    _printf_wc                               0x00000000   Number         0  stubs.o ABSOLUTE
    _printf_wctomb                           0x00000000   Number         0  stubs.o ABSOLUTE
    _printf_widthprec                        0x00000000   Number         0  stubs.o ABSOLUTE
    _printf_x                                0x00000000   Number         0  stubs.o ABSOLUTE
    __cpp_initialize__aeabi_                  - Undefined Weak Reference
    __cxa_finalize                            - Undefined Weak Reference
    _clock_init                               - Undefined Weak Reference
    _microlib_exit                            - Undefined Weak Reference
    __main                                   0x000000c1   Thumb Code     0  entry.o(.ARM.Collect$$$$00000000)
    _main_stk                                0x000000c1   Thumb Code     0  entry2.o(.ARM.Collect$$$$00000001)
    _main_scatterload                        0x000000c5   Thumb Code     0  entry5.o(.ARM.Collect$$$$00000004)
    __main_after_scatterload                 0x000000c9   Thumb Code     0  entry5.o(.ARM.Collect$$$$00000004)
    _main_clock                              0x000000c9   Thumb Code     0  entry7b.o(.ARM.Collect$$$$00000008)
    _main_cpp_init                           0x000000c9   Thumb Code     0  entry8b.o(.ARM.Collect$$$$0000000A)
    _main_init                               0x000000c9   Thumb Code     0  entry9a.o(.ARM.Collect$$$$0000000B)
    __rt_final_cpp                           0x000000d1   Thumb Code     0  entry10a.o(.ARM.Collect$$$$0000000D)
    __rt_final_exit                          0x000000d1   Thumb Code     0  entry11a.o(.ARM.Collect$$$$0000000F)
    main                                     0x000000d5   Thumb Code   196  main.o(.text)
    SectorPrepare                            0x000001ad   Thumb Code    30  drvflash.o(.text)
    RamToFalsh                               0x000001cb   Thumb Code    52  drvflash.o(.text)
    blankChk                                 0x000001ff   Thumb Code    32  drvflash.o(.text)
    SectorErasure                            0x0000021f   Thumb Code    48  drvflash.o(.text)
    ReAllocateNVIC                           0x0000024f   Thumb Code    34  drvflash.o(.text)
    Reset_Handler                            0x00000285   Thumb Code     4  startup_lpc11xx.o(.text)
    NMI_Handler                              0x00000289   Thumb Code     2  startup_lpc11xx.o(.text)
    HardFault_Handler                        0x0000028b   Thumb Code     2  startup_lpc11xx.o(.text)
    MemManage_Handler                        0x0000028d   Thumb Code     2  startup_lpc11xx.o(.text)
    BusFault_Handler                         0x0000028f   Thumb Code     2  startup_lpc11xx.o(.text)
    UsageFault_Handler                       0x00000291   Thumb Code     2  startup_lpc11xx.o(.text)
    SVC_Handler                              0x00000293   Thumb Code     2  startup_lpc11xx.o(.text)
    DebugMon_Handler                         0x00000295   Thumb Code     2  startup_lpc11xx.o(.text)
    PendSV_Handler                           0x00000297   Thumb Code     2  startup_lpc11xx.o(.text)
    SysTick_Handler                          0x00000299   Thumb Code     2  startup_lpc11xx.o(.text)
    ADC_IRQHandler                           0x0000029b   Thumb Code     0  startup_lpc11xx.o(.text)
    BOD_IRQHandler                           0x0000029b   Thumb Code     0  startup_lpc11xx.o(.text)
    FMC_IRQHandler                           0x0000029b   Thumb Code     0  startup_lpc11xx.o(.text)
    I2C_IRQHandler                           0x0000029b   Thumb Code     0  startup_lpc11xx.o(.text)
    PIOINT0_IRQHandler                       0x0000029b   Thumb Code     0  startup_lpc11xx.o(.text)
    PIOINT1_IRQHandler                       0x0000029b   Thumb Code     0  startup_lpc11xx.o(.text)
    PIOINT2_IRQHandler                       0x0000029b   Thumb Code     0  startup_lpc11xx.o(.text)
    SSP0_IRQHandler                          0x0000029b   Thumb Code     0  startup_lpc11xx.o(.text)
    SSP1_IRQHandler                          0x0000029b   Thumb Code     0  startup_lpc11xx.o(.text)
    USB_FIQHandler                           0x0000029b   Thumb Code     0  startup_lpc11xx.o(.text)
    USB_IRQHandler                           0x0000029b   Thumb Code     0  startup_lpc11xx.o(.text)
    WAKEUP_IRQHandler                        0x0000029b   Thumb Code     0  startup_lpc11xx.o(.text)
    WDT_IRQHandler                           0x0000029b   Thumb Code     0  startup_lpc11xx.o(.text)
    __aeabi_uidiv                            0x000002a1   Thumb Code     0  uidiv.o(.text)
    __aeabi_uidivmod                         0x000002a1   Thumb Code    44  uidiv.o(.text)
    __aeabi_idiv                             0x000002cd   Thumb Code     0  idiv.o(.text)
    __aeabi_idivmod                          0x000002cd   Thumb Code    40  idiv.o(.text)
    __scatterload_null                       0x000002f5   Thumb Code     2  handlers.o(i.__scatterload_null)
    LoopForFrameToMPU                        0x00000301   Thumb Code    84  logic.o(.text)
    SendFrameToMPU                           0x00000355   Thumb Code   120  logic.o(.text)
    SetUiTextToMPU                           0x000003cd   Thumb Code    46  logic.o(.text)
    ModifyMenuValue                          0x000003fb   Thumb Code  2666  logic.o(.text)
    SaveParameters                           0x00000e65   Thumb Code    60  logic.o(.text)
    LoadParameters                           0x00000ea1   Thumb Code    76  logic.o(.text)
    SendPageIndexToMPU                       0x00000eed   Thumb Code    38  logic.o(.text)
    SyncParameters                           0x00000f13   Thumb Code    72  logic.o(.text)
    SetConnState                             0x00000f5b   Thumb Code    74  logic.o(.text)
    PoweronMPU                               0x00000fa5   Thumb Code    16  logic.o(.text)
    RestartMPU                               0x00000fb5   Thumb Code     8  logic.o(.text)
    IsConnectedWithMPU                       0x00000fbd   Thumb Code   128  logic.o(.text)
    ReceivedFromMPU                          0x0000103d   Thumb Code    40  logic.o(.text)
    LoopForMPU                               0x00001065   Thumb Code    68  logic.o(.text)
    RecvDataFromMPU                          0x000010a9   Thumb Code   262  logic.o(.text)
    LightButton                              0x000011af   Thumb Code    60  logic.o(.text)
    ParseFrameFromMPU                        0x000011eb   Thumb Code   910  logic.o(.text)
    GetEffectFromList                        0x00001579   Thumb Code    36  logic.o(.text)
    AddEffectToList                          0x0000159d   Thumb Code    48  logic.o(.text)
    ProcessButton                            0x000015cd   Thumb Code    64  logic.o(.text)
    LoopForUILogicOfMPU                      0x0000160d   Thumb Code     2  logic.o(.text)
    LoopForFrameFromMPU                      0x0000160f   Thumb Code    66  logic.o(.text)
    Callback_LUMINARY_Changed                0x00001651   Thumb Code     2  logic.o(.text)
    Callback_VOLUME_Changed                  0x00001653   Thumb Code     2  logic.o(.text)
    Callback_FLOOR_Changed                   0x00001655   Thumb Code   614  logic.o(.text)
    Callback_ARROW_Changed                   0x000018bb   Thumb Code   486  logic.o(.text)
    Callback_FUNCTION_Changed                0x00001aa1   Thumb Code   124  logic.o(.text)
    Callback_FLOOR_2_Changed                 0x00001b1d   Thumb Code     2  logic.o(.text)
    Callback_ARROW_2_Changed                 0x00001b1f   Thumb Code     2  logic.o(.text)
    Callback_FUNCTION_2_Changed              0x00001b21   Thumb Code     2  logic.o(.text)
    Callback_VIDEO_Changed                   0x00001b23   Thumb Code     2  logic.o(.text)
    Callback_IMAGE_Changed                   0x00001b25   Thumb Code     2  logic.o(.text)
    Callback_AUDIO_Changed                   0x00001b27   Thumb Code     2  logic.o(.text)
    Callback_TEXT_Changed                    0x00001b29   Thumb Code     2  logic.o(.text)
    Callback_PERSON_Changed                  0x00001b2b   Thumb Code     2  logic.o(.text)
    Callback_LOADCAPACITY_Changed            0x00001b2d   Thumb Code     2  logic.o(.text)
    Callback_LOGO_Changed                    0x00001b2f   Thumb Code     2  logic.o(.text)
    Callback_DATETIME_Changed                0x00001b31   Thumb Code    62  logic.o(.text)
    Callback_BACKGROUND_Changed              0x00001b6f   Thumb Code    58  logic.o(.text)
    Callback_WEATHER_Changed                 0x00001ba9   Thumb Code     2  logic.o(.text)
    Callback_TEMPERATURE_Changed             0x00001bab   Thumb Code     2  logic.o(.text)
    Callback_FLRPAD_Changed                  0x00001bad   Thumb Code   156  logic.o(.text)
    Callback_LOPPAD_Changed                  0x00001c49   Thumb Code   186  logic.o(.text)
    Callback_COPPAD_Changed                  0x00001d03   Thumb Code   126  logic.o(.text)
    WriteMPUData                             0x00001d81   Thumb Code    82  logic.o(.text)
    ReadMPUData                              0x00001dd3   Thumb Code    12  logic.o(.text)
    SetFrameIntervalOfController             0x00001ddf   Thumb Code    14  logic.o(.text)
    SetFrameHeaderOfController               0x00001ded   Thumb Code    44  logic.o(.text)
    SetFrameFooterOfController               0x00001e19   Thumb Code    44  logic.o(.text)
    RecvRawDataFromController                0x00001e45   Thumb Code    84  logic.o(.text)
    RecvRawFrameFromController               0x00001e99   Thumb Code    74  logic.o(.text)
    LoopForFrameFromController               0x00001ee3   Thumb Code   328  logic.o(.text)
    SendFrameToController                    0x0000202b   Thumb Code    34  logic.o(.text)
    Callback_SysTick                         0x00002061   Thumb Code    46  user.o(.text)
    CRC16_Modbus                             0x0000208f   Thumb Code    52  user.o(.text)
    UserParameters                           0x000020c3   Thumb Code    24  user.o(.text)
    TimerInit                                0x000020db   Thumb Code    20  user.o(.text)
    Callback_Timer                           0x000020ef   Thumb Code    42  user.o(.text)
    ConrtollerPortInit                       0x00002119   Thumb Code    22  user.o(.text)
    IsAscii                                  0x0000212f   Thumb Code    30  user.o(.text)
    GetAsciiPic                              0x0000214d   Thumb Code    82  user.o(.text)
    yihuo_value                              0x0000219f   Thumb Code    26  user.o(.text)
    SendCallToController                     0x000021b9   Thumb Code   288  user.o(.text)
    Flr_pro                                  0x000022d9   Thumb Code    84  user.o(.text)
    SetFuncPosition                          0x0000232d   Thumb Code   760  user.o(.text)
    DispalyUpdate                            0x00002625   Thumb Code   536  user.o(.text)
    DispalyUpdate_CAN                        0x0000283d   Thumb Code   496  user.o(.text)
    ParseFrameFromController                 0x00002a2d   Thumb Code   200  user.o(.text)
    CallElevatorToController                 0x00002af5   Thumb Code    48  user.o(.text)
    IOUART_Prepare                           0x00002b9b   Thumb Code    38  drviouart.o(.text)
    IOUART_Open                              0x00002bc1   Thumb Code    38  drviouart.o(.text)
    IOUART_Send                              0x00002be7   Thumb Code    30  drviouart.o(.text)
    IOUART_Recv                              0x00002c05   Thumb Code    54  drviouart.o(.text)
    IOTX0_OUT                                0x00002c3b   Thumb Code    16  drviouart.o(.text)
    IORX0_IN                                 0x00002c4b   Thumb Code    16  drviouart.o(.text)
    IORX0_OPEN                               0x00002c5b   Thumb Code    26  drviouart.o(.text)
    IORX0_CLOSE                              0x00002c75   Thumb Code    14  drviouart.o(.text)
    IOPort0Init                              0x00002c83   Thumb Code    90  drviouart.o(.text)
    PIOINT3_IRQHandler                       0x00002cdd   Thumb Code     8  drviouart.o(.text)
    IOTimer_INT_CLR                          0x00002ce5   Thumb Code     8  drviouart.o(.text)
    IOTimer_OPEN                             0x00002ced   Thumb Code     8  drviouart.o(.text)
    IOTimer_CLOSE                            0x00002cf5   Thumb Code    10  drviouart.o(.text)
    IOTimerInit                              0x00002cff   Thumb Code    66  drviouart.o(.text)
    TIMER16_1_IRQHandler                     0x00002d41   Thumb Code     8  drviouart.o(.text)
    IOUART_REC                               0x00002d49   Thumb Code    30  drviouart.o(.text)
    GPIOSetValue                             0x00002da9   Thumb Code    22  drvgpio.o(.text)
    GPIOGetValue                             0x00002dbf   Thumb Code    28  drvgpio.o(.text)
    GPIOSetDir                               0x00002ddb   Thumb Code   256  drvgpio.o(.text)
    SetLedBinkFrequency                      0x00002edb   Thumb Code     6  drvgpio.o(.text)
    LoopForLedBlink                          0x00002ee1   Thumb Code   130  drvgpio.o(.text)
    StartTimer                               0x00002ff7   Thumb Code   128  drvtimer.o(.text)
    StopTimer                                0x00003077   Thumb Code    40  drvtimer.o(.text)
    TIMER32_0_IRQHandler                     0x0000309f   Thumb Code    28  drvtimer.o(.text)
    TIMER32_1_IRQHandler                     0x000030bb   Thumb Code    26  drvtimer.o(.text)
    UARTOpen                                 0x00003111   Thumb Code   272  drvuart.o(.text)
    UARTClose                                0x00003221   Thumb Code    16  drvuart.o(.text)
    UARTReceive                              0x00003231   Thumb Code    22  drvuart.o(.text)
    UARTSend                                 0x00003247   Thumb Code    32  drvuart.o(.text)
    Callback_UartReceived                    0x00003267   Thumb Code    14  drvuart.o(.text)
    UART_IRQHandler                          0x00003275   Thumb Code    84  drvuart.o(.text)
    TIMER16_0_IRQHandler                     0x00003361   Thumb Code    36  drvsysclk.o(.text)
    GetElapsedTime                           0x00003385   Thumb Code    10  drvsysclk.o(.text)
    StartSysTick                             0x0000338f   Thumb Code    64  drvsysclk.o(.text)
    StopSysTick                              0x000033cf   Thumb Code    22  drvsysclk.o(.text)
    Delay                                    0x000033e5   Thumb Code    32  drvsysclk.o(.text)
    SetTimeout                               0x00003405   Thumb Code   118  drvsysclk.o(.text)
    IsTimeout                                0x0000347b   Thumb Code    42  drvsysclk.o(.text)
    InitRecvObject                           0x00003535   Thumb Code   108  drvcan.o(.text)
    CANOpen                                  0x000035a1   Thumb Code   434  drvcan.o(.text)
    CANClose                                 0x00003753   Thumb Code    32  drvcan.o(.text)
    CANSend                                  0x00003773   Thumb Code   150  drvcan.o(.text)
    Callback_CanReceived                     0x00003809   Thumb Code    22  drvcan.o(.text)
    CAN_IRQHandler                           0x0000381f   Thumb Code   366  drvcan.o(.text)
    Main_PLL_Setup                           0x00003a05   Thumb Code   158  system_lpc11xx.o(.text)
    SystemInit                               0x00003aa3   Thumb Code   244  system_lpc11xx.o(.text)
    __aeabi_memcpy                           0x00003bc1   Thumb Code    36  memcpya.o(.text)
    __aeabi_memcpy4                          0x00003bc1   Thumb Code     0  memcpya.o(.text)
    __aeabi_memcpy8                          0x00003bc1   Thumb Code     0  memcpya.o(.text)
    __aeabi_memset                           0x00003be5   Thumb Code    14  memseta.o(.text)
    __aeabi_memset4                          0x00003be5   Thumb Code     0  memseta.o(.text)
    __aeabi_memset8                          0x00003be5   Thumb Code     0  memseta.o(.text)
    __aeabi_memclr                           0x00003bf3   Thumb Code     4  memseta.o(.text)
    __aeabi_memclr4                          0x00003bf3   Thumb Code     0  memseta.o(.text)
    __aeabi_memclr8                          0x00003bf3   Thumb Code     0  memseta.o(.text)
    _memset$wrapper                          0x00003bf7   Thumb Code    18  memseta.o(.text)
    strlen                                   0x00003c09   Thumb Code    14  strlen.o(.text)
    memcmp                                   0x00003c17   Thumb Code    26  memcmp.o(.text)
    __scatterload                            0x00003c31   Thumb Code    28  init.o(.text)
    __scatterload_rt2                        0x00003c31   Thumb Code     0  init.o(.text)
    __decompress                             0x00003c55   Thumb Code     0  __dczerorl2.o(.text)
    __decompress1                            0x00003c55   Thumb Code    86  __dczerorl2.o(.text)
    IOEINT0_IRQHandler                       0x00003cab   Thumb Code    12  iouart.o(i.IOEINT0_IRQHandler)
    IOTimer_IRQHandler                       0x00003cb7   Thumb Code    12  iouart.o(i.IOTimer_IRQHandler)
    IOUARTCharGetNonBlocking                 0x00003cc5   Thumb Code   110  iouart.o(i.IOUARTCharGetNonBlocking)
    IOUARTCharPut                            0x00003d3d   Thumb Code    98  iouart.o(i.IOUARTCharPut)
    IOUARTHandle                             0x00003da9   Thumb Code   294  iouart.o(i.IOUARTHandle)
    IOUARTInit                               0x00003edd   Thumb Code   162  iouart.o(i.IOUARTInit)
    IOUARTRxFifoLength                       0x00003f85   Thumb Code    20  iouart.o(i.IOUARTRxFifoLength)
    __0sprintf$1                             0x00003f9d   Thumb Code    36  printf1.o(i.__0sprintf$1)
    __1sprintf$1                             0x00003f9d   Thumb Code     0  printf1.o(i.__0sprintf$1)
    __2sprintf                               0x00003f9d   Thumb Code     0  printf1.o(i.__0sprintf$1)
    __ARM_common_switch8                     0x00003fc5   Thumb Code    28  logic.o(i.__ARM_common_switch8)
    __scatterload_copy                       0x00003fe1   Thumb Code    14  handlers.o(i.__scatterload_copy)
    __scatterload_zeroinit                   0x00003fef   Thumb Code    14  handlers.o(i.__scatterload_zeroinit)
    free                                     0x00004159   Thumb Code    80  malloc.o(i.free)
    malloc                                   0x000041ad   Thumb Code    92  malloc.o(i.malloc)
    queueCreate                              0x00004219   Thumb Code    50  queue.o(i.queueCreate)
    queueNData                               0x00004251   Thumb Code     8  queue.o(i.queueNData)
    queueRead                                0x00004259   Thumb Code    54  queue.o(i.queueRead)
    queueSize                                0x0000428f   Thumb Code     8  queue.o(i.queueSize)
    queueWrite                               0x00004297   Thumb Code    54  queue.o(i.queueWrite)
    StageSigDefine                           0x000049ac   Data          88  user.o(.constdata)
    HextoASCII_Code                          0x00004a04   Data          44  user.o(.constdata)
    bit9_table                               0x00004ad8   Data         256  iouart.o(.constdata)
    Region$$Table$$Base                      0x00004bd8   Number         0  anon$$obj.o(Region$$Table)
    Region$$Table$$Limit                     0x00004bf8   Number         0  anon$$obj.o(Region$$Table)
    ever_add_flr                             0x100000c0   Data           1  logic.o(.data)
    RTC_NOW                                  0x100000c1   Data           6  logic.o(.data)
    gLopPadButton                            0x100000c8   Data          16  logic.o(.data)
    gCopPadButton                            0x100000d8   Data          24  logic.o(.data)
    gFlrPadButton                            0x100000f0   Data         512  logic.o(.data)
    gKeyPadButton                            0x100002f0   Data         136  logic.o(.data)
    gSetMenuButton                           0x10000378   Data          48  logic.o(.data)
    gSetKeyButton                            0x100003a8   Data         224  logic.o(.data)
    gPasswdButton                            0x10000488   Data          96  logic.o(.data)
    gUiEffectList                            0x100004e8   Data           4  logic.o(.data)
    gSendRightNow                            0x100004ec   Data           4  logic.o(.data)
    gMPUDataBuffer                           0x100004f0   Data         288  logic.o(.data)
    Testarr                                  0x10000610   Data           5  logic.o(.data)
    RTCSET                                   0x10000630   Data          64  user.o(.data)
    gVersion                                 0x10000670   Data          32  user.o(.data)
    Countnum                                 0x10000690   Data           4  user.o(.data)
    CountnumFlag                             0x10000694   Data           4  user.o(.data)
    gCallTask                                0x10000698   Data           8  user.o(.data)
    g_RecvIn                                 0x100006ad   Data           1  drviouart.o(.data)
    g_RecvOut                                0x100006ae   Data           1  drviouart.o(.data)
    gLEDInited                               0x100006b0   Data           4  drvgpio.o(.data)
    gLEDInterval                             0x100006b4   Data           4  drvgpio.o(.data)
    gLEDTick                                 0x100006b8   Data           4  drvgpio.o(.data)
    gSysTickCount                            0x100006c0   Data           4  drvsysclk.o(.data)
    gTimeoutList                             0x100006c4   Data           4  drvsysclk.o(.data)
    Iap_Entry                                0x100006c8   Data           4  drvflash.o(.data)
    EWarnCnt                                 0x100006cc   Data           4  drvcan.o(.data)
    BOffCnt                                  0x100006d0   Data           4  drvcan.o(.data)
    gBaudRateBackUp                          0x100006d4   Data           4  drvcan.o(.data)
    gRecvIDs                                 0x100006d8   Data           4  drvcan.o(.data)
    gRecvIDNum                               0x100006dc   Data           4  drvcan.o(.data)
    uClockSource                             0x100006e4   Data           4  system_lpc11xx.o(.data)
    uSystemFrequency                         0x100006e8   Data           4  system_lpc11xx.o(.data)
    uSystemAHBFrequency                      0x100006ec   Data           4  system_lpc11xx.o(.data)
    __microlib_freelist                      0x100006f4   Data           4  mvars.o(.data)
    __microlib_freelist_initialised          0x100006f8   Data           4  mvars.o(.data)
    gParameters                              0x100006fc   Data        1024  logic.o(.bss)
    gMPU                                     0x10000afc   Data          12  logic.o(.bss)
    gRecvFrameBuffer                         0x10000b08   Data        1024  logic.o(.bss)
    gSendFrameBuffer                         0x10000f08   Data        1024  logic.o(.bss)
    gRawBuffersOfController                  0x10001308   Data         552  logic.o(.bss)
    config                                   0x10001530   Data          24  drviouart.o(.bss)
    iou0_tx_buf                              0x10001548   Data         152  drviouart.o(.bss)
    iou0_rx_buf                              0x100015e0   Data         152  drviouart.o(.bss)
    g_RecvBuff                               0x10001678   Data         256  drviouart.o(.bss)
    gParamIn                                 0x10001778   Data          20  drvflash.o(.bss)
    gParamOut                                0x1000178c   Data          20  drvflash.o(.bss)
    gCurCanFrame                             0x100017a0   Data          20  drvcan.o(.bss)
    __heap_base                              0x100017d0   Data           0  startup_lpc11xx.o(HEAP)
    __heap_limit                             0x100017d0   Data           0  startup_lpc11xx.o(HEAP)
    __initial_sp                             0x10001fd0   Data           0  startup_lpc11xx.o(STACK)



==============================================================================

Memory Map of the image

  Image Entry point : 0x000000c1

  Load Region LR_IROM1 (Base: 0x00000000, Size: 0x00005234, Max: 0x00008000, ABSOLUTE, COMPRESSED[0x00004ca8])

    Execution Region ER_IROM1 (Exec base: 0x00000000, Load base: 0x00000000, Size: 0x00004bf8, Max: 0x00008000, ABSOLUTE)

    Exec Addr    Load Addr    Size         Type   Attr      Idx    E Section Name        Object

    0x00000000   0x00000000   0x000000c0   Data   RO          306    RESET               startup_lpc11xx.o
    0x000000c0   0x000000c0   0x00000000   Code   RO          358  * .ARM.Collect$$$$00000000  mc_p.l(entry.o)
    0x000000c0   0x000000c0   0x00000004   Code   RO          664    .ARM.Collect$$$$00000001  mc_p.l(entry2.o)
    0x000000c4   0x000000c4   0x00000004   Code   RO          667    .ARM.Collect$$$$00000004  mc_p.l(entry5.o)
    0x000000c8   0x000000c8   0x00000000   Code   RO          669    .ARM.Collect$$$$00000008  mc_p.l(entry7b.o)
    0x000000c8   0x000000c8   0x00000000   Code   RO          671    .ARM.Collect$$$$0000000A  mc_p.l(entry8b.o)
    0x000000c8   0x000000c8   0x00000008   Code   RO          672    .ARM.Collect$$$$0000000B  mc_p.l(entry9a.o)
    0x000000d0   0x000000d0   0x00000000   Code   RO          674    .ARM.Collect$$$$0000000D  mc_p.l(entry10a.o)
    0x000000d0   0x000000d0   0x00000000   Code   RO          676    .ARM.Collect$$$$0000000F  mc_p.l(entry11a.o)
    0x000000d0   0x000000d0   0x00000004   Code   RO          665    .ARM.Collect$$$$00002712  mc_p.l(entry2.o)
    0x000000d4   0x000000d4   0x000000d8   Code   RO            1    .text               main.o
    0x000001ac   0x000001ac   0x000000d8   Code   RO          226    .text               drvflash.o
    0x00000284   0x00000284   0x0000001c   Code   RO          308    .text               startup_lpc11xx.o
    0x000002a0   0x000002a0   0x0000002c   Code   RO          361    .text               mc_p.l(uidiv.o)
    0x000002cc   0x000002cc   0x00000028   Code   RO          363    .text               mc_p.l(idiv.o)
    0x000002f4   0x000002f4   0x00000002   Code   RO          713    i.__scatterload_null  mc_p.l(handlers.o)
    0x000002f6   0x000002f6   0x00000006   PAD
    0x000002fc   0x000002fc   0x00000004   Code   RO          307    .ARM.__at_0x02FC    startup_lpc11xx.o
    0x00000300   0x00000300   0x00001d60   Code   RO           74    .text               logic.o
    0x00002060   0x00002060   0x00000acc   Code   RO           96    .text               user.o
    0x00002b2c   0x00002b2c   0x0000027c   Code   RO          116    .text               drviouart.o
    0x00002da8   0x00002da8   0x000001e0   Code   RO          138    .text               drvgpio.o
    0x00002f88   0x00002f88   0x00000188   Code   RO          170    .text               drvtimer.o
    0x00003110   0x00003110   0x00000250   Code   RO          188    .text               drvuart.o
    0x00003360   0x00003360   0x000001d4   Code   RO          205    .text               drvsysclk.o
    0x00003534   0x00003534   0x000004d0   Code   RO          245    .text               drvcan.o
    0x00003a04   0x00003a04   0x000001bc   Code   RO          277    .text               system_lpc11xx.o
    0x00003bc0   0x00003bc0   0x00000024   Code   RO          365    .text               mc_p.l(memcpya.o)
    0x00003be4   0x00003be4   0x00000024   Code   RO          367    .text               mc_p.l(memseta.o)
    0x00003c08   0x00003c08   0x0000000e   Code   RO          369    .text               mc_p.l(strlen.o)
    0x00003c16   0x00003c16   0x0000001a   Code   RO          371    .text               mc_p.l(memcmp.o)
    0x00003c30   0x00003c30   0x00000024   Code   RO          696    .text               mc_p.l(init.o)
    0x00003c54   0x00003c54   0x00000056   Code   RO          718    .text               mc_p.l(__dczerorl2.o)
    0x00003caa   0x00003caa   0x0000000c   Code   RO          315    i.IOEINT0_IRQHandler  IOUART.lib(iouart.o)
    0x00003cb6   0x00003cb6   0x0000000c   Code   RO          316    i.IOTimer_IRQHandler  IOUART.lib(iouart.o)
    0x00003cc2   0x00003cc2   0x00000002   PAD
    0x00003cc4   0x00003cc4   0x00000078   Code   RO          318    i.IOUARTCharGetNonBlocking  IOUART.lib(iouart.o)
    0x00003d3c   0x00003d3c   0x0000006c   Code   RO          319    i.IOUARTCharPut     IOUART.lib(iouart.o)
    0x00003da8   0x00003da8   0x00000134   Code   RO          322    i.IOUARTHandle      IOUART.lib(iouart.o)
    0x00003edc   0x00003edc   0x000000a8   Code   RO          323    i.IOUARTInit        IOUART.lib(iouart.o)
    0x00003f84   0x00003f84   0x00000018   Code   RO          324    i.IOUARTRxFifoLength  IOUART.lib(iouart.o)
    0x00003f9c   0x00003f9c   0x00000028   Code   RO          422    i.__0sprintf$1      mc_p.l(printf1.o)
    0x00003fc4   0x00003fc4   0x0000001c   Code   RO           88    i.__ARM_common_switch8  logic.o
    0x00003fe0   0x00003fe0   0x0000000e   Code   RO          712    i.__scatterload_copy  mc_p.l(handlers.o)
    0x00003fee   0x00003fee   0x0000000e   Code   RO          714    i.__scatterload_zeroinit  mc_p.l(handlers.o)
    0x00003ffc   0x00003ffc   0x00000150   Code   RO          427    i._printf_core      mc_p.l(printf1.o)
    0x0000414c   0x0000414c   0x0000000a   Code   RO          429    i._sputc            mc_p.l(printf1.o)
    0x00004156   0x00004156   0x00000002   PAD
    0x00004158   0x00004158   0x00000054   Code   RO          636    i.free              mc_p.l(malloc.o)
    0x000041ac   0x000041ac   0x0000006c   Code   RO          637    i.malloc            mc_p.l(malloc.o)
    0x00004218   0x00004218   0x00000038   Code   RO          344    i.queueCreate       IOUART.lib(queue.o)
    0x00004250   0x00004250   0x00000008   Code   RO          346    i.queueNData        IOUART.lib(queue.o)
    0x00004258   0x00004258   0x00000036   Code   RO          347    i.queueRead         IOUART.lib(queue.o)
    0x0000428e   0x0000428e   0x00000008   Code   RO          348    i.queueSize         IOUART.lib(queue.o)
    0x00004296   0x00004296   0x00000036   Code   RO          349    i.queueWrite        IOUART.lib(queue.o)
    0x000042cc   0x000042cc   0x000006d0   Data   RO           76    .constdata          logic.o
    0x0000499c   0x0000499c   0x0000012c   Data   RO           97    .constdata          user.o
    0x00004ac8   0x00004ac8   0x00000010   Data   RO          139    .constdata          drvgpio.o
    0x00004ad8   0x00004ad8   0x00000100   Data   RO          329    .constdata          IOUART.lib(iouart.o)
    0x00004bd8   0x00004bd8   0x00000020   Data   RO          710    Region$$Table       anon$$obj.o


    Execution Region RW_IRAM1 (Exec base: 0x100000c0, Load base: 0x00004bf8, Size: 0x00001f10, Max: 0x00001f40, ABSOLUTE, COMPRESSED[0x000000b0])

    Exec Addr    Load Addr    Size         Type   Attr      Idx    E Section Name        Object

    0x100000c0   COMPRESSED   0x00000570   Data   RW           77    .data               logic.o
    0x10000630   COMPRESSED   0x0000007d   Data   RW           98    .data               user.o
    0x100006ad   COMPRESSED   0x00000002   Data   RW          118    .data               drviouart.o
    0x100006af   COMPRESSED   0x00000001   PAD
    0x100006b0   COMPRESSED   0x00000010   Data   RW          140    .data               drvgpio.o
    0x100006c0   COMPRESSED   0x00000008   Data   RW          206    .data               drvsysclk.o
    0x100006c8   COMPRESSED   0x00000004   Data   RW          228    .data               drvflash.o
    0x100006cc   COMPRESSED   0x00000018   Data   RW          248    .data               drvcan.o
    0x100006e4   COMPRESSED   0x0000000c   Data   RW          278    .data               system_lpc11xx.o
    0x100006f0   COMPRESSED   0x00000001   Data   RW          330    .data               IOUART.lib(iouart.o)
    0x100006f1   COMPRESSED   0x00000003   PAD
    0x100006f4   COMPRESSED   0x00000004   Data   RW          683    .data               mc_p.l(mvars.o)
    0x100006f8   COMPRESSED   0x00000004   Data   RW          684    .data               mc_p.l(mvars.o)
    0x100006fc        -       0x00000e34   Zero   RW           75    .bss                logic.o
    0x10001530        -       0x00000248   Zero   RW          117    .bss                drviouart.o
    0x10001778        -       0x00000028   Zero   RW          227    .bss                drvflash.o
    0x100017a0        -       0x00000014   Zero   RW          246    .bss                drvcan.o
    0x100017b4        -       0x00000018   Zero   RW          328    .bss                IOUART.lib(iouart.o)
    0x100017cc   COMPRESSED   0x00000004   PAD
    0x100017d0        -       0x00000000   Zero   RW          305    HEAP                startup_lpc11xx.o
    0x100017d0        -       0x00000800   Zero   RW          304    STACK               startup_lpc11xx.o


==============================================================================

Image component sizes


      Code (inc. data)   RO Data    RW Data    ZI Data      Debug   Object Name

         0          0          0          0          0       3056   core_cm0.o
      1232        102          0         24         20       6594   drvcan.o
       216         20          0          4         40       2700   drvflash.o
       480         38         16         16          0      10614   drvgpio.o
       636         52          0          2        584       7532   drviouart.o
       468         34          0          8          0       5951   drvsysclk.o
       392         30          0          0          0      11425   drvtimer.o
       592         26          0          0          0       5160   drvuart.o
      7548        508       1744       1392       3636      32246   logic.o
       216         20          0          0          0      26851   main.o
        32          8        192          0       2048       1016   startup_lpc11xx.o
       444         42          0         12          0       2620   system_lpc11xx.o
      2764        112        300        125          0       7601   user.o

    ----------------------------------------------------------------------
     15020        992       2284       1584       6328     123366   Object Totals
         0          0         32          0          0          0   (incl. Generated)
         0          0          0          1          0          0   (incl. Padding)

    ----------------------------------------------------------------------

      Code (inc. data)   RO Data    RW Data    ZI Data      Debug   Library Member Name

       752         44        256          1         24        500   iouart.o
       180          6          0          0          0        300   queue.o
        86          0          0          0          0          0   __dczerorl2.o
         0          0          0          0          0          0   entry.o
         0          0          0          0          0          0   entry10a.o
         0          0          0          0          0          0   entry11a.o
         8          4          0          0          0          0   entry2.o
         4          0          0          0          0          0   entry5.o
         0          0          0          0          0          0   entry7b.o
         0          0          0          0          0          0   entry8b.o
         8          4          0          0          0          0   entry9a.o
        30          0          0          0          0          0   handlers.o
        40          0          0          0          0         72   idiv.o
        36          8          0          0          0         68   init.o
       192         20          0          0          0        144   malloc.o
        26          0          0          0          0         72   memcmp.o
        36          0          0          0          0         60   memcpya.o
        36          0          0          0          0        100   memseta.o
         0          0          0          8          0          0   mvars.o
       386          8          0          0          0        228   printf1.o
        14          0          0          0          0         60   strlen.o
        44          0          0          0          0         72   uidiv.o

    ----------------------------------------------------------------------
      1888         94        256         12         28       1676   Library Totals
        10          0          0          3          4          0   (incl. Padding)

    ----------------------------------------------------------------------

      Code (inc. data)   RO Data    RW Data    ZI Data      Debug   Library Name

       932         50        256          1         24        800   IOUART.lib
       946         44          0          8          0        876   mc_p.l

    ----------------------------------------------------------------------
      1888         94        256         12         28       1676   Library Totals

    ----------------------------------------------------------------------

==============================================================================


      Code (inc. data)   RO Data    RW Data    ZI Data      Debug   

     16908       1086       2540       1596       6356     123462   Grand Totals
     16908       1086       2540        176       6356     123462   ELF Image Totals (compressed)
     16908       1086       2540        176          0          0   ROM Totals

==============================================================================

    Total RO  Size (Code + RO Data)                19448 (  18.99kB)
    Total RW  Size (RW Data + ZI Data)              7952 (   7.77kB)
    Total ROM Size (Code + RO Data + RW Data)      19624 (  19.16kB)

==============================================================================

