Component: ARM Compiler 5.06 update 6 (build 750) Tool: armlink [4d35ed]

==============================================================================

Image Symbol Table

    Local Symbols

    Symbol Name                              Value     Ov Type        Size  Object(Section)

    RESET                                    0x00000000   Section      192  startup_hc32f072.o(RESET)
    ../clib/microlib/division.c              0x00000000   Number         0  uidiv.o ABSOLUTE
    ../clib/microlib/init/entry.s            0x00000000   Number         0  entry9b.o ABSOLUTE
    ../clib/microlib/init/entry.s            0x00000000   Number         0  entry7a.o ABSOLUTE
    ../clib/microlib/init/entry.s            0x00000000   Number         0  entry2.o ABSOLUTE
    ../clib/microlib/init/entry.s            0x00000000   Number         0  entry11b.o ABSOLUTE
    ../clib/microlib/init/entry.s            0x00000000   Number         0  entry11a.o ABSOLUTE
    ../clib/microlib/init/entry.s            0x00000000   Number         0  entry10b.o ABSOLUTE
    ../clib/microlib/init/entry.s            0x00000000   Number         0  entry10a.o ABSOLUTE
    ../clib/microlib/init/entry.s            0x00000000   Number         0  entry9a.o ABSOLUTE
    ../clib/microlib/init/entry.s            0x00000000   Number         0  entry8b.o ABSOLUTE
    ../clib/microlib/init/entry.s            0x00000000   Number         0  entry8a.o ABSOLUTE
    ../clib/microlib/init/entry.s            0x00000000   Number         0  entry.o ABSOLUTE
    ../clib/microlib/init/entry.s            0x00000000   Number         0  entry5.o ABSOLUTE
    ../clib/microlib/init/entry.s            0x00000000   Number         0  entry7b.o ABSOLUTE
    ../clib/microlib/string/memcpy.c         0x00000000   Number         0  memcpya.o ABSOLUTE
    ../clib/microlib/string/memcpy.c         0x00000000   Number         0  memcpyb.o ABSOLUTE
    ..\..\DRIVER\src\can.c                   0x00000000   Number         0  can.o ABSOLUTE
    ..\..\DRIVER\src\ddl.c                   0x00000000   Number         0  ddl.o ABSOLUTE
    ..\..\DRIVER\src\gpio.c                  0x00000000   Number         0  gpio.o ABSOLUTE
    ..\..\DRIVER\src\sysctrl.c               0x00000000   Number         0  sysctrl.o ABSOLUTE
    ..\..\SYSTEM\interrupts_hc32f072.c       0x00000000   Number         0  interrupts_hc32f072.o ABSOLUTE
    ..\..\SYSTEM\system_hc32f072.c           0x00000000   Number         0  system_hc32f072.o ABSOLUTE
    ..\..\USER\main.c                        0x00000000   Number         0  main.o ABSOLUTE
    ..\\..\\DRIVER\\src\\can.c               0x00000000   Number         0  can.o ABSOLUTE
    ..\\..\\DRIVER\\src\\ddl.c               0x00000000   Number         0  ddl.o ABSOLUTE
    ..\\..\\DRIVER\\src\\gpio.c              0x00000000   Number         0  gpio.o ABSOLUTE
    ..\\..\\DRIVER\\src\\sysctrl.c           0x00000000   Number         0  sysctrl.o ABSOLUTE
    ..\\..\\SYSTEM\\interrupts_hc32f072.c    0x00000000   Number         0  interrupts_hc32f072.o ABSOLUTE
    ..\\..\\SYSTEM\\system_hc32f072.c        0x00000000   Number         0  system_hc32f072.o ABSOLUTE
    ..\\..\\USER\\main.c                     0x00000000   Number         0  main.o ABSOLUTE
    dc.s                                     0x00000000   Number         0  dc.o ABSOLUTE
    handlers.s                               0x00000000   Number         0  handlers.o ABSOLUTE
    init.s                                   0x00000000   Number         0  init.o ABSOLUTE
    startup_hc32f072.s                       0x00000000   Number         0  startup_hc32f072.o ABSOLUTE
    .ARM.Collect$$$$00000000                 0x000000c0   Section        0  entry.o(.ARM.Collect$$$$00000000)
    .ARM.Collect$$$$00000001                 0x000000c0   Section        4  entry2.o(.ARM.Collect$$$$00000001)
    .ARM.Collect$$$$00000004                 0x000000c4   Section        4  entry5.o(.ARM.Collect$$$$00000004)
    .ARM.Collect$$$$00000008                 0x000000c8   Section        0  entry7b.o(.ARM.Collect$$$$00000008)
    .ARM.Collect$$$$0000000A                 0x000000c8   Section        0  entry8b.o(.ARM.Collect$$$$0000000A)
    .ARM.Collect$$$$0000000B                 0x000000c8   Section        8  entry9a.o(.ARM.Collect$$$$0000000B)
    .ARM.Collect$$$$0000000D                 0x000000d0   Section        0  entry10a.o(.ARM.Collect$$$$0000000D)
    .ARM.Collect$$$$0000000F                 0x000000d0   Section        0  entry11a.o(.ARM.Collect$$$$0000000F)
    .ARM.Collect$$$$00002712                 0x000000d0   Section        4  entry2.o(.ARM.Collect$$$$00002712)
    __lit__00000000                          0x000000d0   Data           4  entry2.o(.ARM.Collect$$$$00002712)
    .text                                    0x000000d4   Section       60  startup_hc32f072.o(.text)
    .text                                    0x00000110   Section        0  uidiv.o(.text)
    .text                                    0x0000013c   Section        0  memcpya.o(.text)
    .text                                    0x00000160   Section       36  init.o(.text)
    i.$Sub$$main                             0x00000184   Section        0  system_hc32f072.o(i.$Sub$$main)
    i.ADC_DAC_IRQHandler                     0x00000192   Section        0  interrupts_hc32f072.o(i.ADC_DAC_IRQHandler)
    i.App_CanGpioInit                        0x0000019e   Section        0  main.o(i.App_CanGpioInit)
    App_CanGpioInit                          0x0000019f   Thumb Code    96  main.o(i.App_CanGpioInit)
    i.App_CanInit                            0x00000200   Section        0  main.o(i.App_CanInit)
    App_CanInit                              0x00000201   Thumb Code   106  main.o(i.App_CanInit)
    i.App_SysClkInit                         0x00000274   Section        0  main.o(i.App_SysClkInit)
    App_SysClkInit                           0x00000275   Thumb Code    42  main.o(i.App_SysClkInit)
    i.CAN_FilterConfig                       0x000002a0   Section        0  can.o(i.CAN_FilterConfig)
    i.CAN_IRQHandler                         0x00000368   Section        0  interrupts_hc32f072.o(i.CAN_IRQHandler)
    i.CAN_Init                               0x00000370   Section        0  can.o(i.CAN_Init)
    i.CAN_IrqCmd                             0x0000046c   Section        0  can.o(i.CAN_IrqCmd)
    i.CAN_IrqFlgClr                          0x00000488   Section        0  can.o(i.CAN_IrqFlgClr)
    i.CAN_IrqFlgGet                          0x000004a0   Section        0  can.o(i.CAN_IrqFlgGet)
    i.CAN_Receive                            0x000004bc   Section        0  can.o(i.CAN_Receive)
    i.CAN_SetFrame                           0x000004ec   Section        0  can.o(i.CAN_SetFrame)
    i.CAN_TransmitCmd                        0x00000530   Section        0  can.o(i.CAN_TransmitCmd)
    i.CLKTRIM_CTS_IRQHandler                 0x00000540   Section        0  interrupts_hc32f072.o(i.CLKTRIM_CTS_IRQHandler)
    i.Can_IRQHandler                         0x0000054c   Section        0  main.o(i.Can_IRQHandler)
    i.DMAC_IRQHandler                        0x00000580   Section        0  interrupts_hc32f072.o(i.DMAC_IRQHandler)
    i.EnableNvic                             0x00000588   Section        0  interrupts_hc32f072.o(i.EnableNvic)
    i.FLASH_RAM_IRQHandler                   0x00000608   Section        0  interrupts_hc32f072.o(i.FLASH_RAM_IRQHandler)
    i.Gpio_ClrIO                             0x00000614   Section        0  gpio.o(i.Gpio_ClrIO)
    i.Gpio_Init                              0x00000630   Section        0  gpio.o(i.Gpio_Init)
    i.Gpio_SetAfMode                         0x000006cc   Section        0  gpio.o(i.Gpio_SetAfMode)
    i.HardFault_Handler                      0x000006e0   Section        0  interrupts_hc32f072.o(i.HardFault_Handler)
    i.I2C0_IRQHandler                        0x000006f0   Section        0  interrupts_hc32f072.o(i.I2C0_IRQHandler)
    i.I2C1_IRQHandler                        0x000006f8   Section        0  interrupts_hc32f072.o(i.I2C1_IRQHandler)
    i.LPUART0_IRQHandler                     0x00000700   Section        0  interrupts_hc32f072.o(i.LPUART0_IRQHandler)
    i.LPUART1_IRQHandler                     0x00000708   Section        0  interrupts_hc32f072.o(i.LPUART1_IRQHandler)
    i.PCA_IRQHandler                         0x00000710   Section        0  interrupts_hc32f072.o(i.PCA_IRQHandler)
    i.PORTA_IRQHandler                       0x00000718   Section        0  interrupts_hc32f072.o(i.PORTA_IRQHandler)
    i.PORTB_IRQHandler                       0x00000720   Section        0  interrupts_hc32f072.o(i.PORTB_IRQHandler)
    i.PORTC_E_IRQHandler                     0x00000728   Section        0  interrupts_hc32f072.o(i.PORTC_E_IRQHandler)
    i.PORTD_F_IRQHandler                     0x00000734   Section        0  interrupts_hc32f072.o(i.PORTD_F_IRQHandler)
    i.SPI0_I2S0_IRQHandler                   0x00000740   Section        0  interrupts_hc32f072.o(i.SPI0_I2S0_IRQHandler)
    i.SPI1_I2S1_IRQHandler                   0x0000074c   Section        0  interrupts_hc32f072.o(i.SPI1_I2S1_IRQHandler)
    i.SetBit                                 0x00000758   Section        0  ddl.o(i.SetBit)
    i.SysTick_Handler                        0x00000776   Section        0  interrupts_hc32f072.o(i.SysTick_Handler)
    i.Sysctrl_ClkSourceEnable                0x00000780   Section        0  sysctrl.o(i.Sysctrl_ClkSourceEnable)
    i.Sysctrl_GetHClkFreq                    0x00000934   Section        0  sysctrl.o(i.Sysctrl_GetHClkFreq)
    i.Sysctrl_SetPeripheralGate              0x00000aa8   Section        0  sysctrl.o(i.Sysctrl_SetPeripheralGate)
    i.Sysctrl_SetXTHFreq                     0x00000ae0   Section        0  sysctrl.o(i.Sysctrl_SetXTHFreq)
    i.Sysctrl_SetXTHStableTime               0x00000b00   Section        0  sysctrl.o(i.Sysctrl_SetXTHStableTime)
    i.Sysctrl_SysClkSwitch                   0x00000b20   Section        0  sysctrl.o(i.Sysctrl_SysClkSwitch)
    i.Sysctrl_XTHDriverCfg                   0x00000b4c   Section        0  sysctrl.o(i.Sysctrl_XTHDriverCfg)
    i.SystemCoreClockUpdate                  0x00000b68   Section        0  system_hc32f072.o(i.SystemCoreClockUpdate)
    i.SystemInit                             0x00000b78   Section        0  system_hc32f072.o(i.SystemInit)
    i.TIM0_IRQHandler                        0x00000bb8   Section        0  interrupts_hc32f072.o(i.TIM0_IRQHandler)
    i.TIM1_IRQHandler                        0x00000bc0   Section        0  interrupts_hc32f072.o(i.TIM1_IRQHandler)
    i.TIM2_IRQHandler                        0x00000bc8   Section        0  interrupts_hc32f072.o(i.TIM2_IRQHandler)
    i.TIM3_IRQHandler                        0x00000bd0   Section        0  interrupts_hc32f072.o(i.TIM3_IRQHandler)
    i.TIM4_IRQHandler                        0x00000bd8   Section        0  interrupts_hc32f072.o(i.TIM4_IRQHandler)
    i.TIM5_IRQHandler                        0x00000be0   Section        0  interrupts_hc32f072.o(i.TIM5_IRQHandler)
    i.TIM6_IRQHandler                        0x00000be8   Section        0  interrupts_hc32f072.o(i.TIM6_IRQHandler)
    i.UART0_2_IRQHandler                     0x00000bf0   Section        0  interrupts_hc32f072.o(i.UART0_2_IRQHandler)
    i.UART1_3_IRQHandler                     0x00000bfc   Section        0  interrupts_hc32f072.o(i.UART1_3_IRQHandler)
    i.USBFS_IRQHandler                       0x00000c08   Section        0  interrupts_hc32f072.o(i.USBFS_IRQHandler)
    i.VC0_1_2_LVD_IRQHandler                 0x00000c10   Section        0  interrupts_hc32f072.o(i.VC0_1_2_LVD_IRQHandler)
    i.WDT_IRQHandler                         0x00000c24   Section        0  interrupts_hc32f072.o(i.WDT_IRQHandler)
    i._InitHidePin                           0x00000c2c   Section        0  system_hc32f072.o(i._InitHidePin)
    _InitHidePin                             0x00000c2d   Thumb Code    60  system_hc32f072.o(i._InitHidePin)
    i._SysctrlUnlock                         0x00000c74   Section        0  sysctrl.o(i._SysctrlUnlock)
    _SysctrlUnlock                           0x00000c75   Thumb Code    12  sysctrl.o(i._SysctrlUnlock)
    i.__ARM_common_switch8                   0x00000c8c   Section        0  sysctrl.o(i.__ARM_common_switch8)
    i.__NVIC_SetPriority                     0x00000ca8   Section        0  interrupts_hc32f072.o(i.__NVIC_SetPriority)
    __NVIC_SetPriority                       0x00000ca9   Thumb Code   110  interrupts_hc32f072.o(i.__NVIC_SetPriority)
    i.__scatterload_copy                     0x00000d20   Section       14  handlers.o(i.__scatterload_copy)
    i.__scatterload_null                     0x00000d2e   Section        2  handlers.o(i.__scatterload_null)
    i.__scatterload_zeroinit                 0x00000d30   Section       14  handlers.o(i.__scatterload_zeroinit)
    i.delay10us                              0x00000d40   Section        0  ddl.o(i.delay10us)
    i.delay1ms                               0x00000d9c   Section        0  ddl.o(i.delay1ms)
    i.main                                   0x00000df4   Section        0  main.o(i.main)
    .constdata                               0x00000eb8   Section       24  sysctrl.o(.constdata)
    .data                                    0x20000000   Section        1  main.o(.data)
    .data                                    0x20000004   Section        4  system_hc32f072.o(.data)
    .bss                                     0x20000008   Section       36  main.o(.bss)
    STACK                                    0x20000030   Section      512  startup_hc32f072.o(STACK)

    Global Symbols

    Symbol Name                              Value     Ov Type        Size  Object(Section)

    BuildAttributes$$THM_ISAv3M$S$PE$A:L22$X:L11$S22$IEEE1$IW$USESV6$~STKCKD$USESV7$~SHL$OSPACE$EBA8$MICROLIB$REQ8$PRES8$EABIv2 0x00000000   Number         0  anon$$obj.o ABSOLUTE
    __ARM_use_no_argv                        0x00000000   Number         0  main.o ABSOLUTE
    __Vectors                                0x00000000   Data           0  startup_hc32f072.o(RESET)
    Adc_IRQHandler                            - Undefined Weak Reference
    ClkTrim_IRQHandler                        - Undefined Weak Reference
    Cts_IRQHandler                            - Undefined Weak Reference
    Dac_IRQHandler                            - Undefined Weak Reference
    Dmac_IRQHandler                           - Undefined Weak Reference
    Flash_IRQHandler                          - Undefined Weak Reference
    I2c0_IRQHandler                           - Undefined Weak Reference
    I2c1_IRQHandler                           - Undefined Weak Reference
    I2s0_IRQHandler                           - Undefined Weak Reference
    I2s1_IRQHandler                           - Undefined Weak Reference
    LpUart0_IRQHandler                        - Undefined Weak Reference
    LpUart1_IRQHandler                        - Undefined Weak Reference
    Lvd_IRQHandler                            - Undefined Weak Reference
    Pca_IRQHandler                            - Undefined Weak Reference
    PortA_IRQHandler                          - Undefined Weak Reference
    PortB_IRQHandler                          - Undefined Weak Reference
    PortC_IRQHandler                          - Undefined Weak Reference
    PortD_IRQHandler                          - Undefined Weak Reference
    PortE_IRQHandler                          - Undefined Weak Reference
    PortF_IRQHandler                          - Undefined Weak Reference
    Ram_IRQHandler                            - Undefined Weak Reference
    Spi0_IRQHandler                           - Undefined Weak Reference
    Spi1_IRQHandler                           - Undefined Weak Reference
    SysTick_IRQHandler                        - Undefined Weak Reference
    Tim0_IRQHandler                           - Undefined Weak Reference
    Tim1_IRQHandler                           - Undefined Weak Reference
    Tim2_IRQHandler                           - Undefined Weak Reference
    Tim3_IRQHandler                           - Undefined Weak Reference
    Tim4_IRQHandler                           - Undefined Weak Reference
    Tim5_IRQHandler                           - Undefined Weak Reference
    Tim6_IRQHandler                           - Undefined Weak Reference
    Uart0_IRQHandler                          - Undefined Weak Reference
    Uart1_IRQHandler                          - Undefined Weak Reference
    Uart2_IRQHandler                          - Undefined Weak Reference
    Uart3_IRQHandler                          - Undefined Weak Reference
    Usbfs_IRQHandler                          - Undefined Weak Reference
    Vc0_IRQHandler                            - Undefined Weak Reference
    Vc1_IRQHandler                            - Undefined Weak Reference
    Vc2_IRQHandler                            - Undefined Weak Reference
    Wdt_IRQHandler                            - Undefined Weak Reference
    __cpp_initialize__aeabi_                  - Undefined Weak Reference
    __cxa_finalize                            - Undefined Weak Reference
    __decompress                              - Undefined Weak Reference
    _clock_init                               - Undefined Weak Reference
    _microlib_exit                            - Undefined Weak Reference
    __Vectors_End                            0x000000c0   Data           0  startup_hc32f072.o(RESET)
    __Vectors_Size                           0x000000c0   Number         0  startup_hc32f072.o ABSOLUTE
    __main                                   0x000000c1   Thumb Code     0  entry.o(.ARM.Collect$$$$00000000)
    _main_stk                                0x000000c1   Thumb Code     0  entry2.o(.ARM.Collect$$$$00000001)
    _main_scatterload                        0x000000c5   Thumb Code     0  entry5.o(.ARM.Collect$$$$00000004)
    __main_after_scatterload                 0x000000c9   Thumb Code     0  entry5.o(.ARM.Collect$$$$00000004)
    _main_clock                              0x000000c9   Thumb Code     0  entry7b.o(.ARM.Collect$$$$00000008)
    _main_cpp_init                           0x000000c9   Thumb Code     0  entry8b.o(.ARM.Collect$$$$0000000A)
    _main_init                               0x000000c9   Thumb Code     0  entry9a.o(.ARM.Collect$$$$0000000B)
    __rt_final_cpp                           0x000000d1   Thumb Code     0  entry10a.o(.ARM.Collect$$$$0000000D)
    __rt_final_exit                          0x000000d1   Thumb Code     0  entry11a.o(.ARM.Collect$$$$0000000F)
    Reset_Handler                            0x000000d5   Thumb Code    26  startup_hc32f072.o(.text)
    NMI_Handler                              0x000000ef   Thumb Code     2  startup_hc32f072.o(.text)
    SVC_Handler                              0x000000f3   Thumb Code     2  startup_hc32f072.o(.text)
    PendSV_Handler                           0x000000f5   Thumb Code     2  startup_hc32f072.o(.text)
    Dummy_Handler                            0x000000f9   Thumb Code     0  startup_hc32f072.o(.text)
    __aeabi_uidiv                            0x00000111   Thumb Code     0  uidiv.o(.text)
    __aeabi_uidivmod                         0x00000111   Thumb Code    44  uidiv.o(.text)
    __aeabi_memcpy                           0x0000013d   Thumb Code    36  memcpya.o(.text)
    __aeabi_memcpy4                          0x0000013d   Thumb Code     0  memcpya.o(.text)
    __aeabi_memcpy8                          0x0000013d   Thumb Code     0  memcpya.o(.text)
    __scatterload                            0x00000161   Thumb Code    28  init.o(.text)
    __scatterload_rt2                        0x00000161   Thumb Code     0  init.o(.text)
    main                                     0x00000185   Thumb Code    14  system_hc32f072.o(i.$Sub$$main)
    ADC_DAC_IRQHandler                       0x00000193   Thumb Code    12  interrupts_hc32f072.o(i.ADC_DAC_IRQHandler)
    CAN_FilterConfig                         0x000002a1   Thumb Code   194  can.o(i.CAN_FilterConfig)
    CAN_IRQHandler                           0x00000369   Thumb Code     8  interrupts_hc32f072.o(i.CAN_IRQHandler)
    CAN_Init                                 0x00000371   Thumb Code   248  can.o(i.CAN_Init)
    CAN_IrqCmd                               0x0000046d   Thumb Code    24  can.o(i.CAN_IrqCmd)
    CAN_IrqFlgClr                            0x00000489   Thumb Code    16  can.o(i.CAN_IrqFlgClr)
    CAN_IrqFlgGet                            0x000004a1   Thumb Code    22  can.o(i.CAN_IrqFlgGet)
    CAN_Receive                              0x000004bd   Thumb Code    44  can.o(i.CAN_Receive)
    CAN_SetFrame                             0x000004ed   Thumb Code    64  can.o(i.CAN_SetFrame)
    CAN_TransmitCmd                          0x00000531   Thumb Code    12  can.o(i.CAN_TransmitCmd)
    CLKTRIM_CTS_IRQHandler                   0x00000541   Thumb Code    12  interrupts_hc32f072.o(i.CLKTRIM_CTS_IRQHandler)
    Can_IRQHandler                           0x0000054d   Thumb Code    42  main.o(i.Can_IRQHandler)
    DMAC_IRQHandler                          0x00000581   Thumb Code     8  interrupts_hc32f072.o(i.DMAC_IRQHandler)
    EnableNvic                               0x00000589   Thumb Code   120  interrupts_hc32f072.o(i.EnableNvic)
    FLASH_RAM_IRQHandler                     0x00000609   Thumb Code    12  interrupts_hc32f072.o(i.FLASH_RAM_IRQHandler)
    Gpio_ClrIO                               0x00000615   Thumb Code    22  gpio.o(i.Gpio_ClrIO)
    Gpio_Init                                0x00000631   Thumb Code   144  gpio.o(i.Gpio_Init)
    Gpio_SetAfMode                           0x000006cd   Thumb Code    16  gpio.o(i.Gpio_SetAfMode)
    HardFault_Handler                        0x000006e1   Thumb Code    16  interrupts_hc32f072.o(i.HardFault_Handler)
    I2C0_IRQHandler                          0x000006f1   Thumb Code     8  interrupts_hc32f072.o(i.I2C0_IRQHandler)
    I2C1_IRQHandler                          0x000006f9   Thumb Code     8  interrupts_hc32f072.o(i.I2C1_IRQHandler)
    LPUART0_IRQHandler                       0x00000701   Thumb Code     8  interrupts_hc32f072.o(i.LPUART0_IRQHandler)
    LPUART1_IRQHandler                       0x00000709   Thumb Code     8  interrupts_hc32f072.o(i.LPUART1_IRQHandler)
    PCA_IRQHandler                           0x00000711   Thumb Code     8  interrupts_hc32f072.o(i.PCA_IRQHandler)
    PORTA_IRQHandler                         0x00000719   Thumb Code     8  interrupts_hc32f072.o(i.PORTA_IRQHandler)
    PORTB_IRQHandler                         0x00000721   Thumb Code     8  interrupts_hc32f072.o(i.PORTB_IRQHandler)
    PORTC_E_IRQHandler                       0x00000729   Thumb Code    12  interrupts_hc32f072.o(i.PORTC_E_IRQHandler)
    PORTD_F_IRQHandler                       0x00000735   Thumb Code    12  interrupts_hc32f072.o(i.PORTD_F_IRQHandler)
    SPI0_I2S0_IRQHandler                     0x00000741   Thumb Code    12  interrupts_hc32f072.o(i.SPI0_I2S0_IRQHandler)
    SPI1_I2S1_IRQHandler                     0x0000074d   Thumb Code    12  interrupts_hc32f072.o(i.SPI1_I2S1_IRQHandler)
    SetBit                                   0x00000759   Thumb Code    30  ddl.o(i.SetBit)
    SysTick_Handler                          0x00000777   Thumb Code     8  interrupts_hc32f072.o(i.SysTick_Handler)
    Sysctrl_ClkSourceEnable                  0x00000781   Thumb Code   418  sysctrl.o(i.Sysctrl_ClkSourceEnable)
    Sysctrl_GetHClkFreq                      0x00000935   Thumb Code   354  sysctrl.o(i.Sysctrl_GetHClkFreq)
    Sysctrl_SetPeripheralGate                0x00000aa9   Thumb Code    50  sysctrl.o(i.Sysctrl_SetPeripheralGate)
    Sysctrl_SetXTHFreq                       0x00000ae1   Thumb Code    28  sysctrl.o(i.Sysctrl_SetXTHFreq)
    Sysctrl_SetXTHStableTime                 0x00000b01   Thumb Code    28  sysctrl.o(i.Sysctrl_SetXTHStableTime)
    Sysctrl_SysClkSwitch                     0x00000b21   Thumb Code    40  sysctrl.o(i.Sysctrl_SysClkSwitch)
    Sysctrl_XTHDriverCfg                     0x00000b4d   Thumb Code    24  sysctrl.o(i.Sysctrl_XTHDriverCfg)
    SystemCoreClockUpdate                    0x00000b69   Thumb Code    12  system_hc32f072.o(i.SystemCoreClockUpdate)
    SystemInit                               0x00000b79   Thumb Code    56  system_hc32f072.o(i.SystemInit)
    TIM0_IRQHandler                          0x00000bb9   Thumb Code     8  interrupts_hc32f072.o(i.TIM0_IRQHandler)
    TIM1_IRQHandler                          0x00000bc1   Thumb Code     8  interrupts_hc32f072.o(i.TIM1_IRQHandler)
    TIM2_IRQHandler                          0x00000bc9   Thumb Code     8  interrupts_hc32f072.o(i.TIM2_IRQHandler)
    TIM3_IRQHandler                          0x00000bd1   Thumb Code     8  interrupts_hc32f072.o(i.TIM3_IRQHandler)
    TIM4_IRQHandler                          0x00000bd9   Thumb Code     8  interrupts_hc32f072.o(i.TIM4_IRQHandler)
    TIM5_IRQHandler                          0x00000be1   Thumb Code     8  interrupts_hc32f072.o(i.TIM5_IRQHandler)
    TIM6_IRQHandler                          0x00000be9   Thumb Code     8  interrupts_hc32f072.o(i.TIM6_IRQHandler)
    UART0_2_IRQHandler                       0x00000bf1   Thumb Code    12  interrupts_hc32f072.o(i.UART0_2_IRQHandler)
    UART1_3_IRQHandler                       0x00000bfd   Thumb Code    12  interrupts_hc32f072.o(i.UART1_3_IRQHandler)
    USBFS_IRQHandler                         0x00000c09   Thumb Code     8  interrupts_hc32f072.o(i.USBFS_IRQHandler)
    VC0_1_2_LVD_IRQHandler                   0x00000c11   Thumb Code    20  interrupts_hc32f072.o(i.VC0_1_2_LVD_IRQHandler)
    WDT_IRQHandler                           0x00000c25   Thumb Code     8  interrupts_hc32f072.o(i.WDT_IRQHandler)
    __ARM_common_switch8                     0x00000c8d   Thumb Code    28  sysctrl.o(i.__ARM_common_switch8)
    __scatterload_copy                       0x00000d21   Thumb Code    14  handlers.o(i.__scatterload_copy)
    __scatterload_null                       0x00000d2f   Thumb Code     2  handlers.o(i.__scatterload_null)
    __scatterload_zeroinit                   0x00000d31   Thumb Code    14  handlers.o(i.__scatterload_zeroinit)
    delay10us                                0x00000d41   Thumb Code    74  ddl.o(i.delay10us)
    delay1ms                                 0x00000d9d   Thumb Code    76  ddl.o(i.delay1ms)
    $Super$$main                             0x00000df5   Thumb Code   184  main.o(i.main)
    Region$$Table$$Base                      0x00000ed0   Number         0  anon$$obj.o(Region$$Table)
    Region$$Table$$Limit                     0x00000ef0   Number         0  anon$$obj.o(Region$$Table)
    u8RxFlag                                 0x20000000   Data           1  main.o(.data)
    SystemCoreClock                          0x20000004   Data           4  system_hc32f072.o(.data)
    stcRxFrame                               0x20000008   Data          16  main.o(.bss)
    stcTxFrame                               0x20000018   Data          20  main.o(.bss)
    __initial_sp                             0x20000230   Data           0  startup_hc32f072.o(STACK)



==============================================================================

Memory Map of the image

  Image Entry point : 0x000000c1

  Load Region LR_IROM1 (Base: 0x00000000, Size: 0x00000ef8, Max: 0x00020000, ABSOLUTE)

    Execution Region ER_IROM1 (Exec base: 0x00000000, Load base: 0x00000000, Size: 0x00000ef0, Max: 0x00020000, ABSOLUTE)

    Exec Addr    Load Addr    Size         Type   Attr      Idx    E Section Name        Object

    0x00000000   0x00000000   0x000000c0   Data   RO          153    RESET               startup_hc32f072.o
    0x000000c0   0x000000c0   0x00000000   Code   RO          868  * .ARM.Collect$$$$00000000  mc_p.l(entry.o)
    0x000000c0   0x000000c0   0x00000004   Code   RO          877    .ARM.Collect$$$$00000001  mc_p.l(entry2.o)
    0x000000c4   0x000000c4   0x00000004   Code   RO          880    .ARM.Collect$$$$00000004  mc_p.l(entry5.o)
    0x000000c8   0x000000c8   0x00000000   Code   RO          882    .ARM.Collect$$$$00000008  mc_p.l(entry7b.o)
    0x000000c8   0x000000c8   0x00000000   Code   RO          884    .ARM.Collect$$$$0000000A  mc_p.l(entry8b.o)
    0x000000c8   0x000000c8   0x00000008   Code   RO          885    .ARM.Collect$$$$0000000B  mc_p.l(entry9a.o)
    0x000000d0   0x000000d0   0x00000000   Code   RO          887    .ARM.Collect$$$$0000000D  mc_p.l(entry10a.o)
    0x000000d0   0x000000d0   0x00000000   Code   RO          889    .ARM.Collect$$$$0000000F  mc_p.l(entry11a.o)
    0x000000d0   0x000000d0   0x00000004   Code   RO          878    .ARM.Collect$$$$00002712  mc_p.l(entry2.o)
    0x000000d4   0x000000d4   0x0000003c   Code   RO          154    .text               startup_hc32f072.o
    0x00000110   0x00000110   0x0000002c   Code   RO          871    .text               mc_p.l(uidiv.o)
    0x0000013c   0x0000013c   0x00000024   Code   RO          873    .text               mc_p.l(memcpya.o)
    0x00000160   0x00000160   0x00000024   Code   RO          891    .text               mc_p.l(init.o)
    0x00000184   0x00000184   0x0000000e   Code   RO          110    i.$Sub$$main        system_hc32f072.o
    0x00000192   0x00000192   0x0000000c   Code   RO          160    i.ADC_DAC_IRQHandler  interrupts_hc32f072.o
    0x0000019e   0x0000019e   0x00000060   Code   RO            3    i.App_CanGpioInit   main.o
    0x000001fe   0x000001fe   0x00000002   PAD
    0x00000200   0x00000200   0x00000074   Code   RO            4    i.App_CanInit       main.o
    0x00000274   0x00000274   0x0000002a   Code   RO            5    i.App_SysClkInit    main.o
    0x0000029e   0x0000029e   0x00000002   PAD
    0x000002a0   0x000002a0   0x000000c8   Code   RO          757    i.CAN_FilterConfig  can.o
    0x00000368   0x00000368   0x00000008   Code   RO          161    i.CAN_IRQHandler    interrupts_hc32f072.o
    0x00000370   0x00000370   0x000000fc   Code   RO          758    i.CAN_Init          can.o
    0x0000046c   0x0000046c   0x0000001c   Code   RO          759    i.CAN_IrqCmd        can.o
    0x00000488   0x00000488   0x00000018   Code   RO          760    i.CAN_IrqFlgClr     can.o
    0x000004a0   0x000004a0   0x0000001c   Code   RO          761    i.CAN_IrqFlgGet     can.o
    0x000004bc   0x000004bc   0x00000030   Code   RO          763    i.CAN_Receive       can.o
    0x000004ec   0x000004ec   0x00000044   Code   RO          766    i.CAN_SetFrame      can.o
    0x00000530   0x00000530   0x00000010   Code   RO          768    i.CAN_TransmitCmd   can.o
    0x00000540   0x00000540   0x0000000c   Code   RO          162    i.CLKTRIM_CTS_IRQHandler  interrupts_hc32f072.o
    0x0000054c   0x0000054c   0x00000034   Code   RO            6    i.Can_IRQHandler    main.o
    0x00000580   0x00000580   0x00000008   Code   RO          163    i.DMAC_IRQHandler   interrupts_hc32f072.o
    0x00000588   0x00000588   0x00000080   Code   RO          164    i.EnableNvic        interrupts_hc32f072.o
    0x00000608   0x00000608   0x0000000c   Code   RO          165    i.FLASH_RAM_IRQHandler  interrupts_hc32f072.o
    0x00000614   0x00000614   0x0000001c   Code   RO          585    i.Gpio_ClrIO        gpio.o
    0x00000630   0x00000630   0x0000009c   Code   RO          592    i.Gpio_Init         gpio.o
    0x000006cc   0x000006cc   0x00000014   Code   RO          594    i.Gpio_SetAfMode    gpio.o
    0x000006e0   0x000006e0   0x00000010   Code   RO          166    i.HardFault_Handler  interrupts_hc32f072.o
    0x000006f0   0x000006f0   0x00000008   Code   RO          167    i.I2C0_IRQHandler   interrupts_hc32f072.o
    0x000006f8   0x000006f8   0x00000008   Code   RO          168    i.I2C1_IRQHandler   interrupts_hc32f072.o
    0x00000700   0x00000700   0x00000008   Code   RO          169    i.LPUART0_IRQHandler  interrupts_hc32f072.o
    0x00000708   0x00000708   0x00000008   Code   RO          170    i.LPUART1_IRQHandler  interrupts_hc32f072.o
    0x00000710   0x00000710   0x00000008   Code   RO          171    i.PCA_IRQHandler    interrupts_hc32f072.o
    0x00000718   0x00000718   0x00000008   Code   RO          172    i.PORTA_IRQHandler  interrupts_hc32f072.o
    0x00000720   0x00000720   0x00000008   Code   RO          173    i.PORTB_IRQHandler  interrupts_hc32f072.o
    0x00000728   0x00000728   0x0000000c   Code   RO          174    i.PORTC_E_IRQHandler  interrupts_hc32f072.o
    0x00000734   0x00000734   0x0000000c   Code   RO          175    i.PORTD_F_IRQHandler  interrupts_hc32f072.o
    0x00000740   0x00000740   0x0000000c   Code   RO          176    i.SPI0_I2S0_IRQHandler  interrupts_hc32f072.o
    0x0000074c   0x0000074c   0x0000000c   Code   RO          177    i.SPI1_I2S1_IRQHandler  interrupts_hc32f072.o
    0x00000758   0x00000758   0x0000001e   Code   RO          370    i.SetBit            ddl.o
    0x00000776   0x00000776   0x00000008   Code   RO          178    i.SysTick_Handler   interrupts_hc32f072.o
    0x0000077e   0x0000077e   0x00000002   PAD
    0x00000780   0x00000780   0x000001b4   Code   RO          426    i.Sysctrl_ClkSourceEnable  sysctrl.o
    0x00000934   0x00000934   0x00000174   Code   RO          427    i.Sysctrl_GetHClkFreq  sysctrl.o
    0x00000aa8   0x00000aa8   0x00000038   Code   RO          435    i.Sysctrl_SetPeripheralGate  sysctrl.o
    0x00000ae0   0x00000ae0   0x00000020   Code   RO          439    i.Sysctrl_SetXTHFreq  sysctrl.o
    0x00000b00   0x00000b00   0x00000020   Code   RO          440    i.Sysctrl_SetXTHStableTime  sysctrl.o
    0x00000b20   0x00000b20   0x0000002c   Code   RO          442    i.Sysctrl_SysClkSwitch  sysctrl.o
    0x00000b4c   0x00000b4c   0x0000001c   Code   RO          445    i.Sysctrl_XTHDriverCfg  sysctrl.o
    0x00000b68   0x00000b68   0x00000010   Code   RO          111    i.SystemCoreClockUpdate  system_hc32f072.o
    0x00000b78   0x00000b78   0x00000040   Code   RO          112    i.SystemInit        system_hc32f072.o
    0x00000bb8   0x00000bb8   0x00000008   Code   RO          179    i.TIM0_IRQHandler   interrupts_hc32f072.o
    0x00000bc0   0x00000bc0   0x00000008   Code   RO          180    i.TIM1_IRQHandler   interrupts_hc32f072.o
    0x00000bc8   0x00000bc8   0x00000008   Code   RO          181    i.TIM2_IRQHandler   interrupts_hc32f072.o
    0x00000bd0   0x00000bd0   0x00000008   Code   RO          182    i.TIM3_IRQHandler   interrupts_hc32f072.o
    0x00000bd8   0x00000bd8   0x00000008   Code   RO          183    i.TIM4_IRQHandler   interrupts_hc32f072.o
    0x00000be0   0x00000be0   0x00000008   Code   RO          184    i.TIM5_IRQHandler   interrupts_hc32f072.o
    0x00000be8   0x00000be8   0x00000008   Code   RO          185    i.TIM6_IRQHandler   interrupts_hc32f072.o
    0x00000bf0   0x00000bf0   0x0000000c   Code   RO          186    i.UART0_2_IRQHandler  interrupts_hc32f072.o
    0x00000bfc   0x00000bfc   0x0000000c   Code   RO          187    i.UART1_3_IRQHandler  interrupts_hc32f072.o
    0x00000c08   0x00000c08   0x00000008   Code   RO          188    i.USBFS_IRQHandler  interrupts_hc32f072.o
    0x00000c10   0x00000c10   0x00000014   Code   RO          189    i.VC0_1_2_LVD_IRQHandler  interrupts_hc32f072.o
    0x00000c24   0x00000c24   0x00000008   Code   RO          190    i.WDT_IRQHandler    interrupts_hc32f072.o
    0x00000c2c   0x00000c2c   0x00000048   Code   RO          113    i._InitHidePin      system_hc32f072.o
    0x00000c74   0x00000c74   0x00000018   Code   RO          447    i._SysctrlUnlock    sysctrl.o
    0x00000c8c   0x00000c8c   0x0000001c   Code   RO          577    i.__ARM_common_switch8  sysctrl.o
    0x00000ca8   0x00000ca8   0x00000078   Code   RO          191    i.__NVIC_SetPriority  interrupts_hc32f072.o
    0x00000d20   0x00000d20   0x0000000e   Code   RO          895    i.__scatterload_copy  mc_p.l(handlers.o)
    0x00000d2e   0x00000d2e   0x00000002   Code   RO          896    i.__scatterload_null  mc_p.l(handlers.o)
    0x00000d30   0x00000d30   0x0000000e   Code   RO          897    i.__scatterload_zeroinit  mc_p.l(handlers.o)
    0x00000d3e   0x00000d3e   0x00000002   PAD
    0x00000d40   0x00000d40   0x0000005c   Code   RO          373    i.delay10us         ddl.o
    0x00000d9c   0x00000d9c   0x00000058   Code   RO          374    i.delay1ms          ddl.o
    0x00000df4   0x00000df4   0x000000c4   Code   RO            7    i.main              main.o
    0x00000eb8   0x00000eb8   0x00000018   Data   RO          448    .constdata          sysctrl.o
    0x00000ed0   0x00000ed0   0x00000020   Data   RO          893    Region$$Table       anon$$obj.o


    Execution Region RW_IRAM1 (Exec base: 0x20000000, Load base: 0x00000ef0, Size: 0x00000230, Max: 0x00004000, ABSOLUTE)

    Exec Addr    Load Addr    Size         Type   Attr      Idx    E Section Name        Object

    0x20000000   0x00000ef0   0x00000001   Data   RW            9    .data               main.o
    0x20000001   0x00000ef1   0x00000003   PAD
    0x20000004   0x00000ef4   0x00000004   Data   RW          114    .data               system_hc32f072.o
    0x20000008        -       0x00000024   Zero   RW            8    .bss                main.o
    0x2000002c   0x00000ef8   0x00000004   PAD
    0x20000030        -       0x00000200   Zero   RW          151    STACK               startup_hc32f072.o


==============================================================================

Image component sizes


      Code (inc. data)   RO Data    RW Data    ZI Data      Debug   Object Name

       664         40          0          0          0       6230   can.o
       210         30          0          0          0       1620   ddl.o
       204         22          0          0          0       2094   gpio.o
       544         18          0          0          0      22737   interrupts_hc32f072.o
       502         32          0          1         36     164413   main.o
        60         22        192          0        512        600   startup_hc32f072.o
      1052         78         24          0          0       6162   sysctrl.o
       166         24          0          4          0       2092   system_hc32f072.o

    ----------------------------------------------------------------------
      3408        266        248          8        552     205948   Object Totals
         0          0         32          0          0          0   (incl. Generated)
         6          0          0          3          4          0   (incl. Padding)

    ----------------------------------------------------------------------

      Code (inc. data)   RO Data    RW Data    ZI Data      Debug   Library Member Name

         0          0          0          0          0          0   entry.o
         0          0          0          0          0          0   entry10a.o
         0          0          0          0          0          0   entry11a.o
         8          4          0          0          0          0   entry2.o
         4          0          0          0          0          0   entry5.o
         0          0          0          0          0          0   entry7b.o
         0          0          0          0          0          0   entry8b.o
         8          4          0          0          0          0   entry9a.o
        30          0          0          0          0          0   handlers.o
        36          8          0          0          0         68   init.o
        36          0          0          0          0         60   memcpya.o
        44          0          0          0          0         72   uidiv.o

    ----------------------------------------------------------------------
       168         16          0          0          0        200   Library Totals
         2          0          0          0          0          0   (incl. Padding)

    ----------------------------------------------------------------------

      Code (inc. data)   RO Data    RW Data    ZI Data      Debug   Library Name

       166         16          0          0          0        200   mc_p.l

    ----------------------------------------------------------------------
       168         16          0          0          0        200   Library Totals

    ----------------------------------------------------------------------

==============================================================================


      Code (inc. data)   RO Data    RW Data    ZI Data      Debug   

      3576        282        248          8        552     203572   Grand Totals
      3576        282        248          8        552     203572   ELF Image Totals
      3576        282        248          8          0          0   ROM Totals

==============================================================================

    Total RO  Size (Code + RO Data)                 3824 (   3.73kB)
    Total RW  Size (RW Data + ZI Data)               560 (   0.55kB)
    Total ROM Size (Code + RO Data + RW Data)       3832 (   3.74kB)

==============================================================================

