<html>
<body>
<pre>
<h1>µVision Build Log</h1>
<h2>Tool Versions:</h2>
IDE-Version: ¦ÌVision V5.25.2.0
Copyright (C) 2018 ARM Ltd and ARM Germany GmbH. All rights reserved.
License Information: Ji Shunyi, BST, LIC=NQQMA-1M7D8-63UMB-2XL5I-IEFBZ-5WHWQ
 
Tool Versions:
Toolchain:       MDK-ARM Plus  Version: 5.25.2.0
Toolchain Path:  D:\MDK5\ARM\ARMCC\Bin
C Compiler:      Armcc.exe V5.06 update 6 (build 750)
Assembler:       Armasm.exe V5.06 update 6 (build 750)
Linker/Locator:  ArmLink.exe V5.06 update 6 (build 750)
Library Manager: ArmAr.exe V5.06 update 6 (build 750)
Hex Converter:   FromElf.exe V5.06 update 6 (build 750)
CPU DLL:         SARMCM3.DLL V5.25.2.0
Dialog DLL:      DARMCM1.DLL V1.19.1.0
Target DLL:      Segger\JL2CM3.dll V2.99.29.0
Dialog DLL:      TARMCM1.DLL V1.14.0.0
 
<h2>Project:</h2>
C:\Users\200422013\Desktop\HC32F072\HC32F072_APP\KEIL\MDK\HC32F072.uvprojx
Project File Date:  06/18/2020

<h2>Output:</h2>
*** Using Compiler 'V5.06 update 6 (build 750)', folder: 'D:\MDK5\ARM\ARMCC\Bin'
Rebuild target 'APP'
compiling gpio_pro.c...
compiling uart_pro.c...
compiling can_pro.c...
compiling wdt_pro.c...
compiling user.c...
compiling main_uart.c...
assembling startup_hc32f072.s...
compiling system_hc32f072.c...
compiling interrupts_hc32f072.c...
compiling ddl.c...
compiling sysctrl.c...
compiling gpio.c...
compiling can.c...
compiling uart.c...
compiling wdt.c...
linking...
Program Size: Code=4396 RO-data=256 RW-data=68 ZI-data=676  
FromELF: creating hex file...
".\output\release\HC32F072.axf" - 0 Error(s), 0 Warning(s).

<h2>Software Packages used:</h2>

Package Vendor: ARM
                http://www.keil.com/pack/ARM.CMSIS.5.3.0.pack
                ARM.CMSIS.5.3.0
                CMSIS (Cortex Microcontroller Software Interface Standard)
   * Component: CORE Version: 5.1.1

Package Vendor: HDSC
                https://raw.githubusercontent.com/hdscmcu/pack/master/HDSC.HC32F072.1.0.1.pack
                HDSC.HC32F072.1.0.1
                HC32F072 ARM Cortex-M0+ Device Family Pack

<h2>Collection of Component include folders:</h2>
  .\RTE\_APP
  D:\MDK5\ARM\PACK\ARM\CMSIS\5.3.0\CMSIS\Include
  D:\MDK5\ARM\PACK\HDSC\HC32F072\1.0.1\Device\Include

<h2>Collection of Component Files used:</h2>

   * Component: ARM::CMSIS:CORE:5.1.1
Build Time Elapsed:  00:00:06
</pre>
</body>
</html>
