Component: ARM Compiler 5.06 update 6 (build 750) Tool: armlink [4d35ed]

==============================================================================

Image Symbol Table

    Local Symbols

    Symbol Name                              Value     Ov Type        Size  Object(Section)

    RESET                                    0x00000000   Section      192  startup_hc32f072.o(RESET)
    ../clib/microlib/division.c              0x00000000   Number         0  uidiv.o ABSOLUTE
    ../clib/microlib/init/entry.s            0x00000000   Number         0  entry7a.o ABSOLUTE
    ../clib/microlib/init/entry.s            0x00000000   Number         0  entry11b.o ABSOLUTE
    ../clib/microlib/init/entry.s            0x00000000   Number         0  entry7b.o ABSOLUTE
    ../clib/microlib/init/entry.s            0x00000000   Number         0  entry.o ABSOLUTE
    ../clib/microlib/init/entry.s            0x00000000   Number         0  entry8a.o ABSOLUTE
    ../clib/microlib/init/entry.s            0x00000000   Number         0  entry2.o ABSOLUTE
    ../clib/microlib/init/entry.s            0x00000000   Number         0  entry5.o ABSOLUTE
    ../clib/microlib/init/entry.s            0x00000000   Number         0  entry11a.o ABSOLUTE
    ../clib/microlib/init/entry.s            0x00000000   Number         0  entry10b.o ABSOLUTE
    ../clib/microlib/init/entry.s            0x00000000   Number         0  entry8b.o ABSOLUTE
    ../clib/microlib/init/entry.s            0x00000000   Number         0  entry10a.o ABSOLUTE
    ../clib/microlib/init/entry.s            0x00000000   Number         0  entry9a.o ABSOLUTE
    ../clib/microlib/init/entry.s            0x00000000   Number         0  entry9b.o ABSOLUTE
    ../clib/microlib/string/memcpy.c         0x00000000   Number         0  memcpya.o ABSOLUTE
    ../clib/microlib/string/memcpy.c         0x00000000   Number         0  memcpyb.o ABSOLUTE
    ../clib/microlib/stubs.s                 0x00000000   Number         0  useno.o ABSOLUTE
    ..\..\DRIVER\src\can.c                   0x00000000   Number         0  can.o ABSOLUTE
    ..\..\DRIVER\src\ddl.c                   0x00000000   Number         0  ddl.o ABSOLUTE
    ..\..\DRIVER\src\gpio.c                  0x00000000   Number         0  gpio.o ABSOLUTE
    ..\..\DRIVER\src\sysctrl.c               0x00000000   Number         0  sysctrl.o ABSOLUTE
    ..\..\DRIVER\src\uart.c                  0x00000000   Number         0  uart.o ABSOLUTE
    ..\..\DRIVER\src\wdt.c                   0x00000000   Number         0  wdt.o ABSOLUTE
    ..\..\SYSTEM\interrupts_hc32f072.c       0x00000000   Number         0  interrupts_hc32f072.o ABSOLUTE
    ..\..\SYSTEM\system_hc32f072.c           0x00000000   Number         0  system_hc32f072.o ABSOLUTE
    ..\..\USER\can_pro.c                     0x00000000   Number         0  can_pro.o ABSOLUTE
    ..\..\USER\gpio_pro.c                    0x00000000   Number         0  gpio_pro.o ABSOLUTE
    ..\..\USER\main_uart.c                   0x00000000   Number         0  main_uart.o ABSOLUTE
    ..\..\USER\uart_pro.c                    0x00000000   Number         0  uart_pro.o ABSOLUTE
    ..\..\USER\user.c                        0x00000000   Number         0  user.o ABSOLUTE
    ..\..\USER\wdt_pro.c                     0x00000000   Number         0  wdt_pro.o ABSOLUTE
    ..\\..\\DRIVER\\src\\can.c               0x00000000   Number         0  can.o ABSOLUTE
    ..\\..\\DRIVER\\src\\ddl.c               0x00000000   Number         0  ddl.o ABSOLUTE
    ..\\..\\DRIVER\\src\\gpio.c              0x00000000   Number         0  gpio.o ABSOLUTE
    ..\\..\\DRIVER\\src\\sysctrl.c           0x00000000   Number         0  sysctrl.o ABSOLUTE
    ..\\..\\DRIVER\\src\\uart.c              0x00000000   Number         0  uart.o ABSOLUTE
    ..\\..\\DRIVER\\src\\wdt.c               0x00000000   Number         0  wdt.o ABSOLUTE
    ..\\..\\SYSTEM\\interrupts_hc32f072.c    0x00000000   Number         0  interrupts_hc32f072.o ABSOLUTE
    ..\\..\\SYSTEM\\system_hc32f072.c        0x00000000   Number         0  system_hc32f072.o ABSOLUTE
    ..\\..\\USER\\can_pro.c                  0x00000000   Number         0  can_pro.o ABSOLUTE
    ..\\..\\USER\\gpio_pro.c                 0x00000000   Number         0  gpio_pro.o ABSOLUTE
    ..\\..\\USER\\main_uart.c                0x00000000   Number         0  main_uart.o ABSOLUTE
    ..\\..\\USER\\uart_pro.c                 0x00000000   Number         0  uart_pro.o ABSOLUTE
    ..\\..\\USER\\user.c                     0x00000000   Number         0  user.o ABSOLUTE
    ..\\..\\USER\\wdt_pro.c                  0x00000000   Number         0  wdt_pro.o ABSOLUTE
    dc.s                                     0x00000000   Number         0  dc.o ABSOLUTE
    handlers.s                               0x00000000   Number         0  handlers.o ABSOLUTE
    init.s                                   0x00000000   Number         0  init.o ABSOLUTE
    startup_hc32f072.s                       0x00000000   Number         0  startup_hc32f072.o ABSOLUTE
    .ARM.Collect$$$$00000000                 0x000000c0   Section        0  entry.o(.ARM.Collect$$$$00000000)
    .ARM.Collect$$$$00000001                 0x000000c0   Section        4  entry2.o(.ARM.Collect$$$$00000001)
    .ARM.Collect$$$$00000004                 0x000000c4   Section        4  entry5.o(.ARM.Collect$$$$00000004)
    .ARM.Collect$$$$00000008                 0x000000c8   Section        0  entry7b.o(.ARM.Collect$$$$00000008)
    .ARM.Collect$$$$0000000A                 0x000000c8   Section        0  entry8b.o(.ARM.Collect$$$$0000000A)
    .ARM.Collect$$$$0000000B                 0x000000c8   Section        8  entry9a.o(.ARM.Collect$$$$0000000B)
    .ARM.Collect$$$$0000000D                 0x000000d0   Section        0  entry10a.o(.ARM.Collect$$$$0000000D)
    .ARM.Collect$$$$0000000F                 0x000000d0   Section        0  entry11a.o(.ARM.Collect$$$$0000000F)
    .ARM.Collect$$$$00002712                 0x000000d0   Section        4  entry2.o(.ARM.Collect$$$$00002712)
    __lit__00000000                          0x000000d0   Data           4  entry2.o(.ARM.Collect$$$$00002712)
    .text                                    0x000000d4   Section       60  startup_hc32f072.o(.text)
    .text                                    0x00000110   Section        0  uidiv.o(.text)
    .text                                    0x0000013c   Section        0  memcpya.o(.text)
    .text                                    0x00000160   Section       36  init.o(.text)
    i.ADC_DAC_IRQHandler                     0x00000184   Section        0  interrupts_hc32f072.o(i.ADC_DAC_IRQHandler)
    i.App_LEDInit                            0x00000190   Section        0  gpio_pro.o(i.App_LEDInit)
    i.App_Uart1Cfg                           0x000001bc   Section        0  uart_pro.o(i.App_Uart1Cfg)
    i.App_Uart1Init                          0x00000230   Section        0  uart_pro.o(i.App_Uart1Init)
    i.App_Uart1PortInit                      0x00000240   Section        0  uart_pro.o(i.App_Uart1PortInit)
    i.App_UartSend                           0x00000288   Section        0  uart_pro.o(i.App_UartSend)
    i.App_WdtInit                            0x000002d0   Section        0  wdt_pro.o(i.App_WdtInit)
    i.CAN_IRQHandler                         0x000002ee   Section        0  interrupts_hc32f072.o(i.CAN_IRQHandler)
    i.CAN_IrqCmd                             0x000002f8   Section        0  can.o(i.CAN_IrqCmd)
    i.CAN_IrqFlgClr                          0x00000314   Section        0  can.o(i.CAN_IrqFlgClr)
    i.CAN_IrqFlgGet                          0x00000324   Section        0  can.o(i.CAN_IrqFlgGet)
    i.CAN_Receive                            0x00000340   Section        0  can.o(i.CAN_Receive)
    i.CLKTRIM_CTS_IRQHandler                 0x00000370   Section        0  interrupts_hc32f072.o(i.CLKTRIM_CTS_IRQHandler)
    i.Can_IRQHandler                         0x0000037c   Section        0  can_pro.o(i.Can_IRQHandler)
    i.DMAC_IRQHandler                        0x000003b0   Section        0  interrupts_hc32f072.o(i.DMAC_IRQHandler)
    i.EnableNvic                             0x000003b8   Section        0  interrupts_hc32f072.o(i.EnableNvic)
    i.FLASH_RAM_IRQHandler                   0x00000438   Section        0  interrupts_hc32f072.o(i.FLASH_RAM_IRQHandler)
    i.GetBit                                 0x00000444   Section        0  ddl.o(i.GetBit)
    i.Gpio_Init                              0x00000450   Section        0  gpio.o(i.Gpio_Init)
    i.Gpio_SetAfMode                         0x000004e0   Section        0  gpio.o(i.Gpio_SetAfMode)
    i.Gpio_WriteOutputIO                     0x000004f4   Section        0  gpio.o(i.Gpio_WriteOutputIO)
    i.HardFault_Handler                      0x00000510   Section        0  interrupts_hc32f072.o(i.HardFault_Handler)
    i.I2C0_IRQHandler                        0x00000520   Section        0  interrupts_hc32f072.o(i.I2C0_IRQHandler)
    i.I2C1_IRQHandler                        0x00000528   Section        0  interrupts_hc32f072.o(i.I2C1_IRQHandler)
    i.LPUART0_IRQHandler                     0x00000530   Section        0  interrupts_hc32f072.o(i.LPUART0_IRQHandler)
    i.LPUART1_IRQHandler                     0x00000538   Section        0  interrupts_hc32f072.o(i.LPUART1_IRQHandler)
    i.PCA_IRQHandler                         0x00000540   Section        0  interrupts_hc32f072.o(i.PCA_IRQHandler)
    i.PORTA_IRQHandler                       0x00000548   Section        0  interrupts_hc32f072.o(i.PORTA_IRQHandler)
    i.PORTB_IRQHandler                       0x00000550   Section        0  interrupts_hc32f072.o(i.PORTB_IRQHandler)
    i.PORTC_E_IRQHandler                     0x00000558   Section        0  interrupts_hc32f072.o(i.PORTC_E_IRQHandler)
    i.PORTD_F_IRQHandler                     0x00000564   Section        0  interrupts_hc32f072.o(i.PORTD_F_IRQHandler)
    i.ParseFromMPU                           0x00000570   Section        0  user.o(i.ParseFromMPU)
    i.SPI0_I2S0_IRQHandler                   0x00000598   Section        0  interrupts_hc32f072.o(i.SPI0_I2S0_IRQHandler)
    i.SPI1_I2S1_IRQHandler                   0x000005a4   Section        0  interrupts_hc32f072.o(i.SPI1_I2S1_IRQHandler)
    i.SendToMPU                              0x000005b0   Section        0  user.o(i.SendToMPU)
    i.SetBit                                 0x000005d4   Section        0  ddl.o(i.SetBit)
    i.SysTick_Handler                        0x000005f2   Section        0  interrupts_hc32f072.o(i.SysTick_Handler)
    i.Sysctrl_GetHClkFreq                    0x000005fc   Section        0  sysctrl.o(i.Sysctrl_GetHClkFreq)
    i.Sysctrl_GetPClkFreq                    0x00000770   Section        0  sysctrl.o(i.Sysctrl_GetPClkFreq)
    i.Sysctrl_SetPeripheralGate              0x00000790   Section        0  sysctrl.o(i.Sysctrl_SetPeripheralGate)
    i.SystemCoreClockUpdate                  0x000007c8   Section        0  system_hc32f072.o(i.SystemCoreClockUpdate)
    i.SystemInit                             0x000007d8   Section        0  system_hc32f072.o(i.SystemInit)
    i.System_Init                            0x000007e0   Section        0  user.o(i.System_Init)
    i.System_LEDInit                         0x000007f0   Section        0  user.o(i.System_LEDInit)
    i.System_PortInit                        0x000007f8   Section        0  user.o(i.System_PortInit)
    i.System_WdtInit                         0x00000804   Section        0  user.o(i.System_WdtInit)
    i.TIM0_IRQHandler                        0x00000810   Section        0  interrupts_hc32f072.o(i.TIM0_IRQHandler)
    i.TIM1_IRQHandler                        0x00000818   Section        0  interrupts_hc32f072.o(i.TIM1_IRQHandler)
    i.TIM2_IRQHandler                        0x00000820   Section        0  interrupts_hc32f072.o(i.TIM2_IRQHandler)
    i.TIM3_IRQHandler                        0x00000828   Section        0  interrupts_hc32f072.o(i.TIM3_IRQHandler)
    i.TIM4_IRQHandler                        0x00000830   Section        0  interrupts_hc32f072.o(i.TIM4_IRQHandler)
    i.TIM5_IRQHandler                        0x00000838   Section        0  interrupts_hc32f072.o(i.TIM5_IRQHandler)
    i.TIM6_IRQHandler                        0x00000840   Section        0  interrupts_hc32f072.o(i.TIM6_IRQHandler)
    i.UART0_2_IRQHandler                     0x00000848   Section        0  interrupts_hc32f072.o(i.UART0_2_IRQHandler)
    i.UART1_3_IRQHandler                     0x00000854   Section        0  interrupts_hc32f072.o(i.UART1_3_IRQHandler)
    i.USBFS_IRQHandler                       0x00000860   Section        0  interrupts_hc32f072.o(i.USBFS_IRQHandler)
    i.Uart1_IRQHandler                       0x00000868   Section        0  uart_pro.o(i.Uart1_IRQHandler)
    i.Uart_ClrStatus                         0x00000944   Section        0  uart.o(i.Uart_ClrStatus)
    i.Uart_DisableIrq                        0x0000095a   Section        0  uart.o(i.Uart_DisableIrq)
    i.Uart_EnableFunc                        0x0000096e   Section        0  uart.o(i.Uart_EnableFunc)
    i.Uart_EnableIrq                         0x00000982   Section        0  uart.o(i.Uart_EnableIrq)
    i.Uart_GetStatus                         0x00000996   Section        0  uart.o(i.Uart_GetStatus)
    i.Uart_Init                              0x000009b0   Section        0  uart.o(i.Uart_Init)
    i.Uart_ReceiveData                       0x00000a1c   Section        0  uart.o(i.Uart_ReceiveData)
    i.Uart_SendDataIt                        0x00000a24   Section        0  uart.o(i.Uart_SendDataIt)
    i.VC0_1_2_LVD_IRQHandler                 0x00000a36   Section        0  interrupts_hc32f072.o(i.VC0_1_2_LVD_IRQHandler)
    i.WDT_IRQHandler                         0x00000a4a   Section        0  interrupts_hc32f072.o(i.WDT_IRQHandler)
    i.Wdt_Feed                               0x00000a54   Section        0  wdt.o(i.Wdt_Feed)
    i.Wdt_GetIrqStatus                       0x00000a64   Section        0  wdt.o(i.Wdt_GetIrqStatus)
    i.Wdt_IRQHandler                         0x00000a7c   Section        0  wdt_pro.o(i.Wdt_IRQHandler)
    i.Wdt_Init                               0x00000ac8   Section        0  wdt.o(i.Wdt_Init)
    i.Wdt_IrqClr                             0x00000af4   Section        0  wdt.o(i.Wdt_IrqClr)
    i.Wdt_Start                              0x00000b04   Section        0  wdt.o(i.Wdt_Start)
    i.Wdt_WriteWdtLoad                       0x00000b14   Section        0  wdt.o(i.Wdt_WriteWdtLoad)
    i.__ARM_common_switch8                   0x00000b2c   Section        0  sysctrl.o(i.__ARM_common_switch8)
    i.__NVIC_SetPriority                     0x00000b48   Section        0  interrupts_hc32f072.o(i.__NVIC_SetPriority)
    __NVIC_SetPriority                       0x00000b49   Thumb Code   110  interrupts_hc32f072.o(i.__NVIC_SetPriority)
    i.__scatterload_copy                     0x00000bc0   Section       14  handlers.o(i.__scatterload_copy)
    i.__scatterload_null                     0x00000bce   Section        2  handlers.o(i.__scatterload_null)
    i.__scatterload_zeroinit                 0x00000bd0   Section       14  handlers.o(i.__scatterload_zeroinit)
    i.ddl_memclr                             0x00000bde   Section        0  ddl.o(i.ddl_memclr)
    i.main                                   0x00000bfe   Section        0  main_uart.o(i.main)
    .constdata                               0x00000c18   Section       24  sysctrl.o(.constdata)
    .constdata                               0x00000c30   Section        8  uart.o(.constdata)
    .data                                    0x20000000   Section        1  can_pro.o(.data)
    .data                                    0x20000001   Section        4  uart_pro.o(.data)
    .data                                    0x20000005   Section        2  wdt_pro.o(.data)
    .data                                    0x20000007   Section       25  user.o(.data)
    .data                                    0x20000020   Section        4  system_hc32f072.o(.data)
    .bss                                     0x20000024   Section       36  can_pro.o(.bss)
    .bss                                     0x20000048   Section      128  uart_pro.o(.bss)
    STACK                                    0x200000c8   Section      512  startup_hc32f072.o(STACK)

    Global Symbols

    Symbol Name                              Value     Ov Type        Size  Object(Section)

    BuildAttributes$$THM_ISAv3M$S$PE$A:L22$X:L11$S22$IEEE1$IW$USESV6$~STKCKD$USESV7$~SHL$OSPACE$EBA8$MICROLIB$REQ8$PRES8$EABIv2 0x00000000   Number         0  anon$$obj.o ABSOLUTE
    __ARM_use_no_argv                        0x00000000   Number         0  main_uart.o ABSOLUTE
    __Vectors                                0x00000000   Data           0  startup_hc32f072.o(RESET)
    __use_no_errno                           0x00000000   Number         0  useno.o ABSOLUTE
    __use_no_exception_handling              0x00000000   Number         0  useno.o ABSOLUTE
    __use_no_fp                              0x00000000   Number         0  useno.o ABSOLUTE
    __use_no_heap                            0x00000000   Number         0  useno.o ABSOLUTE
    __use_no_heap_region                     0x00000000   Number         0  useno.o ABSOLUTE
    __use_no_semihosting                     0x00000000   Number         0  useno.o ABSOLUTE
    __use_no_semihosting_swi                 0x00000000   Number         0  useno.o ABSOLUTE
    __use_no_signal_handling                 0x00000000   Number         0  useno.o ABSOLUTE
    Adc_IRQHandler                            - Undefined Weak Reference
    ClkTrim_IRQHandler                        - Undefined Weak Reference
    Cts_IRQHandler                            - Undefined Weak Reference
    Dac_IRQHandler                            - Undefined Weak Reference
    Dmac_IRQHandler                           - Undefined Weak Reference
    Flash_IRQHandler                          - Undefined Weak Reference
    I2c0_IRQHandler                           - Undefined Weak Reference
    I2c1_IRQHandler                           - Undefined Weak Reference
    I2s0_IRQHandler                           - Undefined Weak Reference
    I2s1_IRQHandler                           - Undefined Weak Reference
    LpUart0_IRQHandler                        - Undefined Weak Reference
    LpUart1_IRQHandler                        - Undefined Weak Reference
    Lvd_IRQHandler                            - Undefined Weak Reference
    Pca_IRQHandler                            - Undefined Weak Reference
    PortA_IRQHandler                          - Undefined Weak Reference
    PortB_IRQHandler                          - Undefined Weak Reference
    PortC_IRQHandler                          - Undefined Weak Reference
    PortD_IRQHandler                          - Undefined Weak Reference
    PortE_IRQHandler                          - Undefined Weak Reference
    PortF_IRQHandler                          - Undefined Weak Reference
    Ram_IRQHandler                            - Undefined Weak Reference
    Spi0_IRQHandler                           - Undefined Weak Reference
    Spi1_IRQHandler                           - Undefined Weak Reference
    SysTick_IRQHandler                        - Undefined Weak Reference
    Tim0_IRQHandler                           - Undefined Weak Reference
    Tim1_IRQHandler                           - Undefined Weak Reference
    Tim2_IRQHandler                           - Undefined Weak Reference
    Tim3_IRQHandler                           - Undefined Weak Reference
    Tim4_IRQHandler                           - Undefined Weak Reference
    Tim5_IRQHandler                           - Undefined Weak Reference
    Tim6_IRQHandler                           - Undefined Weak Reference
    Uart0_IRQHandler                          - Undefined Weak Reference
    Uart2_IRQHandler                          - Undefined Weak Reference
    Uart3_IRQHandler                          - Undefined Weak Reference
    Usbfs_IRQHandler                          - Undefined Weak Reference
    Vc0_IRQHandler                            - Undefined Weak Reference
    Vc1_IRQHandler                            - Undefined Weak Reference
    Vc2_IRQHandler                            - Undefined Weak Reference
    __cpp_initialize__aeabi_                  - Undefined Weak Reference
    __cxa_finalize                            - Undefined Weak Reference
    __decompress                              - Undefined Weak Reference
    _clock_init                               - Undefined Weak Reference
    _microlib_exit                            - Undefined Weak Reference
    __Vectors_End                            0x000000c0   Data           0  startup_hc32f072.o(RESET)
    __Vectors_Size                           0x000000c0   Number         0  startup_hc32f072.o ABSOLUTE
    __main                                   0x000000c1   Thumb Code     0  entry.o(.ARM.Collect$$$$00000000)
    _main_stk                                0x000000c1   Thumb Code     0  entry2.o(.ARM.Collect$$$$00000001)
    _main_scatterload                        0x000000c5   Thumb Code     0  entry5.o(.ARM.Collect$$$$00000004)
    __main_after_scatterload                 0x000000c9   Thumb Code     0  entry5.o(.ARM.Collect$$$$00000004)
    _main_clock                              0x000000c9   Thumb Code     0  entry7b.o(.ARM.Collect$$$$00000008)
    _main_cpp_init                           0x000000c9   Thumb Code     0  entry8b.o(.ARM.Collect$$$$0000000A)
    _main_init                               0x000000c9   Thumb Code     0  entry9a.o(.ARM.Collect$$$$0000000B)
    __rt_final_cpp                           0x000000d1   Thumb Code     0  entry10a.o(.ARM.Collect$$$$0000000D)
    __rt_final_exit                          0x000000d1   Thumb Code     0  entry11a.o(.ARM.Collect$$$$0000000F)
    Reset_Handler                            0x000000d5   Thumb Code    26  startup_hc32f072.o(.text)
    NMI_Handler                              0x000000ef   Thumb Code     2  startup_hc32f072.o(.text)
    SVC_Handler                              0x000000f3   Thumb Code     2  startup_hc32f072.o(.text)
    PendSV_Handler                           0x000000f5   Thumb Code     2  startup_hc32f072.o(.text)
    Dummy_Handler                            0x000000f9   Thumb Code     0  startup_hc32f072.o(.text)
    __aeabi_uidiv                            0x00000111   Thumb Code     0  uidiv.o(.text)
    __aeabi_uidivmod                         0x00000111   Thumb Code    44  uidiv.o(.text)
    __aeabi_memcpy                           0x0000013d   Thumb Code    36  memcpya.o(.text)
    __aeabi_memcpy4                          0x0000013d   Thumb Code     0  memcpya.o(.text)
    __aeabi_memcpy8                          0x0000013d   Thumb Code     0  memcpya.o(.text)
    __scatterload                            0x00000161   Thumb Code    28  init.o(.text)
    __scatterload_rt2                        0x00000161   Thumb Code     0  init.o(.text)
    ADC_DAC_IRQHandler                       0x00000185   Thumb Code    12  interrupts_hc32f072.o(i.ADC_DAC_IRQHandler)
    App_LEDInit                              0x00000191   Thumb Code    44  gpio_pro.o(i.App_LEDInit)
    App_Uart1Cfg                             0x000001bd   Thumb Code   110  uart_pro.o(i.App_Uart1Cfg)
    App_Uart1Init                            0x00000231   Thumb Code    16  uart_pro.o(i.App_Uart1Init)
    App_Uart1PortInit                        0x00000241   Thumb Code    72  uart_pro.o(i.App_Uart1PortInit)
    App_UartSend                             0x00000289   Thumb Code    54  uart_pro.o(i.App_UartSend)
    App_WdtInit                              0x000002d1   Thumb Code    30  wdt_pro.o(i.App_WdtInit)
    CAN_IRQHandler                           0x000002ef   Thumb Code     8  interrupts_hc32f072.o(i.CAN_IRQHandler)
    CAN_IrqCmd                               0x000002f9   Thumb Code    24  can.o(i.CAN_IrqCmd)
    CAN_IrqFlgClr                            0x00000315   Thumb Code    12  can.o(i.CAN_IrqFlgClr)
    CAN_IrqFlgGet                            0x00000325   Thumb Code    22  can.o(i.CAN_IrqFlgGet)
    CAN_Receive                              0x00000341   Thumb Code    44  can.o(i.CAN_Receive)
    CLKTRIM_CTS_IRQHandler                   0x00000371   Thumb Code    12  interrupts_hc32f072.o(i.CLKTRIM_CTS_IRQHandler)
    Can_IRQHandler                           0x0000037d   Thumb Code    42  can_pro.o(i.Can_IRQHandler)
    DMAC_IRQHandler                          0x000003b1   Thumb Code     8  interrupts_hc32f072.o(i.DMAC_IRQHandler)
    EnableNvic                               0x000003b9   Thumb Code   120  interrupts_hc32f072.o(i.EnableNvic)
    FLASH_RAM_IRQHandler                     0x00000439   Thumb Code    12  interrupts_hc32f072.o(i.FLASH_RAM_IRQHandler)
    GetBit                                   0x00000445   Thumb Code    12  ddl.o(i.GetBit)
    Gpio_Init                                0x00000451   Thumb Code   130  gpio.o(i.Gpio_Init)
    Gpio_SetAfMode                           0x000004e1   Thumb Code    16  gpio.o(i.Gpio_SetAfMode)
    Gpio_WriteOutputIO                       0x000004f5   Thumb Code    24  gpio.o(i.Gpio_WriteOutputIO)
    HardFault_Handler                        0x00000511   Thumb Code    16  interrupts_hc32f072.o(i.HardFault_Handler)
    I2C0_IRQHandler                          0x00000521   Thumb Code     8  interrupts_hc32f072.o(i.I2C0_IRQHandler)
    I2C1_IRQHandler                          0x00000529   Thumb Code     8  interrupts_hc32f072.o(i.I2C1_IRQHandler)
    LPUART0_IRQHandler                       0x00000531   Thumb Code     8  interrupts_hc32f072.o(i.LPUART0_IRQHandler)
    LPUART1_IRQHandler                       0x00000539   Thumb Code     8  interrupts_hc32f072.o(i.LPUART1_IRQHandler)
    PCA_IRQHandler                           0x00000541   Thumb Code     8  interrupts_hc32f072.o(i.PCA_IRQHandler)
    PORTA_IRQHandler                         0x00000549   Thumb Code     8  interrupts_hc32f072.o(i.PORTA_IRQHandler)
    PORTB_IRQHandler                         0x00000551   Thumb Code     8  interrupts_hc32f072.o(i.PORTB_IRQHandler)
    PORTC_E_IRQHandler                       0x00000559   Thumb Code    12  interrupts_hc32f072.o(i.PORTC_E_IRQHandler)
    PORTD_F_IRQHandler                       0x00000565   Thumb Code    12  interrupts_hc32f072.o(i.PORTD_F_IRQHandler)
    ParseFromMPU                             0x00000571   Thumb Code    28  user.o(i.ParseFromMPU)
    SPI0_I2S0_IRQHandler                     0x00000599   Thumb Code    12  interrupts_hc32f072.o(i.SPI0_I2S0_IRQHandler)
    SPI1_I2S1_IRQHandler                     0x000005a5   Thumb Code    12  interrupts_hc32f072.o(i.SPI1_I2S1_IRQHandler)
    SendToMPU                                0x000005b1   Thumb Code    24  user.o(i.SendToMPU)
    SetBit                                   0x000005d5   Thumb Code    30  ddl.o(i.SetBit)
    SysTick_Handler                          0x000005f3   Thumb Code     8  interrupts_hc32f072.o(i.SysTick_Handler)
    Sysctrl_GetHClkFreq                      0x000005fd   Thumb Code   354  sysctrl.o(i.Sysctrl_GetHClkFreq)
    Sysctrl_GetPClkFreq                      0x00000771   Thumb Code    28  sysctrl.o(i.Sysctrl_GetPClkFreq)
    Sysctrl_SetPeripheralGate                0x00000791   Thumb Code    50  sysctrl.o(i.Sysctrl_SetPeripheralGate)
    SystemCoreClockUpdate                    0x000007c9   Thumb Code    12  system_hc32f072.o(i.SystemCoreClockUpdate)
    SystemInit                               0x000007d9   Thumb Code     8  system_hc32f072.o(i.SystemInit)
    System_Init                              0x000007e1   Thumb Code    16  user.o(i.System_Init)
    System_LEDInit                           0x000007f1   Thumb Code     8  user.o(i.System_LEDInit)
    System_PortInit                          0x000007f9   Thumb Code    12  user.o(i.System_PortInit)
    System_WdtInit                           0x00000805   Thumb Code    12  user.o(i.System_WdtInit)
    TIM0_IRQHandler                          0x00000811   Thumb Code     8  interrupts_hc32f072.o(i.TIM0_IRQHandler)
    TIM1_IRQHandler                          0x00000819   Thumb Code     8  interrupts_hc32f072.o(i.TIM1_IRQHandler)
    TIM2_IRQHandler                          0x00000821   Thumb Code     8  interrupts_hc32f072.o(i.TIM2_IRQHandler)
    TIM3_IRQHandler                          0x00000829   Thumb Code     8  interrupts_hc32f072.o(i.TIM3_IRQHandler)
    TIM4_IRQHandler                          0x00000831   Thumb Code     8  interrupts_hc32f072.o(i.TIM4_IRQHandler)
    TIM5_IRQHandler                          0x00000839   Thumb Code     8  interrupts_hc32f072.o(i.TIM5_IRQHandler)
    TIM6_IRQHandler                          0x00000841   Thumb Code     8  interrupts_hc32f072.o(i.TIM6_IRQHandler)
    UART0_2_IRQHandler                       0x00000849   Thumb Code    12  interrupts_hc32f072.o(i.UART0_2_IRQHandler)
    UART1_3_IRQHandler                       0x00000855   Thumb Code    12  interrupts_hc32f072.o(i.UART1_3_IRQHandler)
    USBFS_IRQHandler                         0x00000861   Thumb Code     8  interrupts_hc32f072.o(i.USBFS_IRQHandler)
    Uart1_IRQHandler                         0x00000869   Thumb Code   184  uart_pro.o(i.Uart1_IRQHandler)
    Uart_ClrStatus                           0x00000945   Thumb Code    22  uart.o(i.Uart_ClrStatus)
    Uart_DisableIrq                          0x0000095b   Thumb Code    20  uart.o(i.Uart_DisableIrq)
    Uart_EnableFunc                          0x0000096f   Thumb Code    20  uart.o(i.Uart_EnableFunc)
    Uart_EnableIrq                           0x00000983   Thumb Code    20  uart.o(i.Uart_EnableIrq)
    Uart_GetStatus                           0x00000997   Thumb Code    24  uart.o(i.Uart_GetStatus)
    Uart_Init                                0x000009b1   Thumb Code   102  uart.o(i.Uart_Init)
    Uart_ReceiveData                         0x00000a1d   Thumb Code     8  uart.o(i.Uart_ReceiveData)
    Uart_SendDataIt                          0x00000a25   Thumb Code    18  uart.o(i.Uart_SendDataIt)
    VC0_1_2_LVD_IRQHandler                   0x00000a37   Thumb Code    20  interrupts_hc32f072.o(i.VC0_1_2_LVD_IRQHandler)
    WDT_IRQHandler                           0x00000a4b   Thumb Code     8  interrupts_hc32f072.o(i.WDT_IRQHandler)
    Wdt_Feed                                 0x00000a55   Thumb Code    12  wdt.o(i.Wdt_Feed)
    Wdt_GetIrqStatus                         0x00000a65   Thumb Code    20  wdt.o(i.Wdt_GetIrqStatus)
    Wdt_IRQHandler                           0x00000a7d   Thumb Code    66  wdt_pro.o(i.Wdt_IRQHandler)
    Wdt_Init                                 0x00000ac9   Thumb Code    40  wdt.o(i.Wdt_Init)
    Wdt_IrqClr                               0x00000af5   Thumb Code    12  wdt.o(i.Wdt_IrqClr)
    Wdt_Start                                0x00000b05   Thumb Code    12  wdt.o(i.Wdt_Start)
    Wdt_WriteWdtLoad                         0x00000b15   Thumb Code    20  wdt.o(i.Wdt_WriteWdtLoad)
    __ARM_common_switch8                     0x00000b2d   Thumb Code    28  sysctrl.o(i.__ARM_common_switch8)
    __scatterload_copy                       0x00000bc1   Thumb Code    14  handlers.o(i.__scatterload_copy)
    __scatterload_null                       0x00000bcf   Thumb Code     2  handlers.o(i.__scatterload_null)
    __scatterload_zeroinit                   0x00000bd1   Thumb Code    14  handlers.o(i.__scatterload_zeroinit)
    ddl_memclr                               0x00000bdf   Thumb Code    32  ddl.o(i.ddl_memclr)
    main                                     0x00000bff   Thumb Code    24  main_uart.o(i.main)
    Region$$Table$$Base                      0x00000c38   Number         0  anon$$obj.o(Region$$Table)
    Region$$Table$$Limit                     0x00000c58   Number         0  anon$$obj.o(Region$$Table)
    u8RxFlag                                 0x20000000   Data           1  can_pro.o(.data)
    Uart1TxCnt                               0x20000001   Data           1  uart_pro.o(.data)
    Uart1RxCnt                               0x20000002   Data           1  uart_pro.o(.data)
    Uart1TxMax                               0x20000003   Data           1  uart_pro.o(.data)
    Uart1RxMax                               0x20000004   Data           1  uart_pro.o(.data)
    u32CountWdt                              0x20000005   Data           1  wdt_pro.o(.data)
    u8Flag                                   0x20000006   Data           1  wdt_pro.o(.data)
    DataToMPU                                0x20000007   Data           8  user.o(.data)
    DataToMPUBuffer                          0x2000000f   Data           8  user.o(.data)
    DataFromMPUBuffer                        0x20000017   Data           8  user.o(.data)
    DataFromMPUFlag                          0x2000001f   Data           1  user.o(.data)
    SystemCoreClock                          0x20000020   Data           4  system_hc32f072.o(.data)
    stcRxFrame                               0x20000024   Data          16  can_pro.o(.bss)
    stcTxFrame                               0x20000034   Data          20  can_pro.o(.bss)
    Uart1TxData                              0x20000048   Data          64  uart_pro.o(.bss)
    Uart1RxData                              0x20000088   Data          64  uart_pro.o(.bss)
    __initial_sp                             0x200002c8   Data           0  startup_hc32f072.o(STACK)



==============================================================================

Memory Map of the image

  Image Entry point : 0x000000c1

  Load Region LR_IROM1 (Base: 0x00000000, Size: 0x00000c7c, Max: 0x00020000, ABSOLUTE)

    Execution Region ER_IROM1 (Exec base: 0x00000000, Load base: 0x00000000, Size: 0x00000c58, Max: 0x00020000, ABSOLUTE)

    Exec Addr    Load Addr    Size         Type   Attr      Idx    E Section Name        Object

    0x00000000   0x00000000   0x000000c0   Data   RO          331    RESET               startup_hc32f072.o
    0x000000c0   0x000000c0   0x00000000   Code   RO         1280  * .ARM.Collect$$$$00000000  mc_p.l(entry.o)
    0x000000c0   0x000000c0   0x00000004   Code   RO         1289    .ARM.Collect$$$$00000001  mc_p.l(entry2.o)
    0x000000c4   0x000000c4   0x00000004   Code   RO         1292    .ARM.Collect$$$$00000004  mc_p.l(entry5.o)
    0x000000c8   0x000000c8   0x00000000   Code   RO         1294    .ARM.Collect$$$$00000008  mc_p.l(entry7b.o)
    0x000000c8   0x000000c8   0x00000000   Code   RO         1296    .ARM.Collect$$$$0000000A  mc_p.l(entry8b.o)
    0x000000c8   0x000000c8   0x00000008   Code   RO         1297    .ARM.Collect$$$$0000000B  mc_p.l(entry9a.o)
    0x000000d0   0x000000d0   0x00000000   Code   RO         1299    .ARM.Collect$$$$0000000D  mc_p.l(entry10a.o)
    0x000000d0   0x000000d0   0x00000000   Code   RO         1301    .ARM.Collect$$$$0000000F  mc_p.l(entry11a.o)
    0x000000d0   0x000000d0   0x00000004   Code   RO         1290    .ARM.Collect$$$$00002712  mc_p.l(entry2.o)
    0x000000d4   0x000000d4   0x0000003c   Code   RO          332    .text               startup_hc32f072.o
    0x00000110   0x00000110   0x0000002c   Code   RO         1283    .text               mc_p.l(uidiv.o)
    0x0000013c   0x0000013c   0x00000024   Code   RO         1285    .text               mc_p.l(memcpya.o)
    0x00000160   0x00000160   0x00000024   Code   RO         1303    .text               mc_p.l(init.o)
    0x00000184   0x00000184   0x0000000c   Code   RO          338    i.ADC_DAC_IRQHandler  interrupts_hc32f072.o
    0x00000190   0x00000190   0x0000002c   Code   RO          177    i.App_LEDInit       gpio_pro.o
    0x000001bc   0x000001bc   0x00000074   Code   RO          110    i.App_Uart1Cfg      uart_pro.o
    0x00000230   0x00000230   0x00000010   Code   RO          111    i.App_Uart1Init     uart_pro.o
    0x00000240   0x00000240   0x00000048   Code   RO          112    i.App_Uart1PortInit  uart_pro.o
    0x00000288   0x00000288   0x00000048   Code   RO          113    i.App_UartSend      uart_pro.o
    0x000002d0   0x000002d0   0x0000001e   Code   RO          197    i.App_WdtInit       wdt_pro.o
    0x000002ee   0x000002ee   0x00000008   Code   RO          339    i.CAN_IRQHandler    interrupts_hc32f072.o
    0x000002f6   0x000002f6   0x00000002   PAD
    0x000002f8   0x000002f8   0x0000001c   Code   RO          986    i.CAN_IrqCmd        can.o
    0x00000314   0x00000314   0x00000010   Code   RO          987    i.CAN_IrqFlgClr     can.o
    0x00000324   0x00000324   0x0000001c   Code   RO          988    i.CAN_IrqFlgGet     can.o
    0x00000340   0x00000340   0x00000030   Code   RO          990    i.CAN_Receive       can.o
    0x00000370   0x00000370   0x0000000c   Code   RO          340    i.CLKTRIM_CTS_IRQHandler  interrupts_hc32f072.o
    0x0000037c   0x0000037c   0x00000034   Code   RO            6    i.Can_IRQHandler    can_pro.o
    0x000003b0   0x000003b0   0x00000008   Code   RO          341    i.DMAC_IRQHandler   interrupts_hc32f072.o
    0x000003b8   0x000003b8   0x00000080   Code   RO          342    i.EnableNvic        interrupts_hc32f072.o
    0x00000438   0x00000438   0x0000000c   Code   RO          343    i.FLASH_RAM_IRQHandler  interrupts_hc32f072.o
    0x00000444   0x00000444   0x0000000c   Code   RO          549    i.GetBit            ddl.o
    0x00000450   0x00000450   0x00000090   Code   RO          819    i.Gpio_Init         gpio.o
    0x000004e0   0x000004e0   0x00000014   Code   RO          821    i.Gpio_SetAfMode    gpio.o
    0x000004f4   0x000004f4   0x0000001c   Code   RO          836    i.Gpio_WriteOutputIO  gpio.o
    0x00000510   0x00000510   0x00000010   Code   RO          344    i.HardFault_Handler  interrupts_hc32f072.o
    0x00000520   0x00000520   0x00000008   Code   RO          345    i.I2C0_IRQHandler   interrupts_hc32f072.o
    0x00000528   0x00000528   0x00000008   Code   RO          346    i.I2C1_IRQHandler   interrupts_hc32f072.o
    0x00000530   0x00000530   0x00000008   Code   RO          347    i.LPUART0_IRQHandler  interrupts_hc32f072.o
    0x00000538   0x00000538   0x00000008   Code   RO          348    i.LPUART1_IRQHandler  interrupts_hc32f072.o
    0x00000540   0x00000540   0x00000008   Code   RO          349    i.PCA_IRQHandler    interrupts_hc32f072.o
    0x00000548   0x00000548   0x00000008   Code   RO          350    i.PORTA_IRQHandler  interrupts_hc32f072.o
    0x00000550   0x00000550   0x00000008   Code   RO          351    i.PORTB_IRQHandler  interrupts_hc32f072.o
    0x00000558   0x00000558   0x0000000c   Code   RO          352    i.PORTC_E_IRQHandler  interrupts_hc32f072.o
    0x00000564   0x00000564   0x0000000c   Code   RO          353    i.PORTD_F_IRQHandler  interrupts_hc32f072.o
    0x00000570   0x00000570   0x00000028   Code   RO          226    i.ParseFromMPU      user.o
    0x00000598   0x00000598   0x0000000c   Code   RO          354    i.SPI0_I2S0_IRQHandler  interrupts_hc32f072.o
    0x000005a4   0x000005a4   0x0000000c   Code   RO          355    i.SPI1_I2S1_IRQHandler  interrupts_hc32f072.o
    0x000005b0   0x000005b0   0x00000024   Code   RO          227    i.SendToMPU         user.o
    0x000005d4   0x000005d4   0x0000001e   Code   RO          551    i.SetBit            ddl.o
    0x000005f2   0x000005f2   0x00000008   Code   RO          356    i.SysTick_Handler   interrupts_hc32f072.o
    0x000005fa   0x000005fa   0x00000002   PAD
    0x000005fc   0x000005fc   0x00000174   Code   RO          654    i.Sysctrl_GetHClkFreq  sysctrl.o
    0x00000770   0x00000770   0x00000020   Code   RO          655    i.Sysctrl_GetPClkFreq  sysctrl.o
    0x00000790   0x00000790   0x00000038   Code   RO          662    i.Sysctrl_SetPeripheralGate  sysctrl.o
    0x000007c8   0x000007c8   0x00000010   Code   RO          299    i.SystemCoreClockUpdate  system_hc32f072.o
    0x000007d8   0x000007d8   0x00000008   Code   RO          300    i.SystemInit        system_hc32f072.o
    0x000007e0   0x000007e0   0x00000010   Code   RO          228    i.System_Init       user.o
    0x000007f0   0x000007f0   0x00000008   Code   RO          229    i.System_LEDInit    user.o
    0x000007f8   0x000007f8   0x0000000c   Code   RO          230    i.System_PortInit   user.o
    0x00000804   0x00000804   0x0000000c   Code   RO          231    i.System_WdtInit    user.o
    0x00000810   0x00000810   0x00000008   Code   RO          357    i.TIM0_IRQHandler   interrupts_hc32f072.o
    0x00000818   0x00000818   0x00000008   Code   RO          358    i.TIM1_IRQHandler   interrupts_hc32f072.o
    0x00000820   0x00000820   0x00000008   Code   RO          359    i.TIM2_IRQHandler   interrupts_hc32f072.o
    0x00000828   0x00000828   0x00000008   Code   RO          360    i.TIM3_IRQHandler   interrupts_hc32f072.o
    0x00000830   0x00000830   0x00000008   Code   RO          361    i.TIM4_IRQHandler   interrupts_hc32f072.o
    0x00000838   0x00000838   0x00000008   Code   RO          362    i.TIM5_IRQHandler   interrupts_hc32f072.o
    0x00000840   0x00000840   0x00000008   Code   RO          363    i.TIM6_IRQHandler   interrupts_hc32f072.o
    0x00000848   0x00000848   0x0000000c   Code   RO          364    i.UART0_2_IRQHandler  interrupts_hc32f072.o
    0x00000854   0x00000854   0x0000000c   Code   RO          365    i.UART1_3_IRQHandler  interrupts_hc32f072.o
    0x00000860   0x00000860   0x00000008   Code   RO          366    i.USBFS_IRQHandler  interrupts_hc32f072.o
    0x00000868   0x00000868   0x000000dc   Code   RO          114    i.Uart1_IRQHandler  uart_pro.o
    0x00000944   0x00000944   0x00000016   Code   RO         1098    i.Uart_ClrStatus    uart.o
    0x0000095a   0x0000095a   0x00000014   Code   RO         1100    i.Uart_DisableIrq   uart.o
    0x0000096e   0x0000096e   0x00000014   Code   RO         1101    i.Uart_EnableFunc   uart.o
    0x00000982   0x00000982   0x00000014   Code   RO         1102    i.Uart_EnableIrq    uart.o
    0x00000996   0x00000996   0x00000018   Code   RO         1105    i.Uart_GetStatus    uart.o
    0x000009ae   0x000009ae   0x00000002   PAD
    0x000009b0   0x000009b0   0x0000006c   Code   RO         1108    i.Uart_Init         uart.o
    0x00000a1c   0x00000a1c   0x00000008   Code   RO         1109    i.Uart_ReceiveData  uart.o
    0x00000a24   0x00000a24   0x00000012   Code   RO         1110    i.Uart_SendDataIt   uart.o
    0x00000a36   0x00000a36   0x00000014   Code   RO          367    i.VC0_1_2_LVD_IRQHandler  interrupts_hc32f072.o
    0x00000a4a   0x00000a4a   0x00000008   Code   RO          368    i.WDT_IRQHandler    interrupts_hc32f072.o
    0x00000a52   0x00000a52   0x00000002   PAD
    0x00000a54   0x00000a54   0x00000010   Code   RO         1220    i.Wdt_Feed          wdt.o
    0x00000a64   0x00000a64   0x00000018   Code   RO         1221    i.Wdt_GetIrqStatus  wdt.o
    0x00000a7c   0x00000a7c   0x0000004c   Code   RO          198    i.Wdt_IRQHandler    wdt_pro.o
    0x00000ac8   0x00000ac8   0x0000002c   Code   RO         1222    i.Wdt_Init          wdt.o
    0x00000af4   0x00000af4   0x00000010   Code   RO         1223    i.Wdt_IrqClr        wdt.o
    0x00000b04   0x00000b04   0x00000010   Code   RO         1226    i.Wdt_Start         wdt.o
    0x00000b14   0x00000b14   0x00000018   Code   RO         1227    i.Wdt_WriteWdtLoad  wdt.o
    0x00000b2c   0x00000b2c   0x0000001c   Code   RO          804    i.__ARM_common_switch8  sysctrl.o
    0x00000b48   0x00000b48   0x00000078   Code   RO          369    i.__NVIC_SetPriority  interrupts_hc32f072.o
    0x00000bc0   0x00000bc0   0x0000000e   Code   RO         1307    i.__scatterload_copy  mc_p.l(handlers.o)
    0x00000bce   0x00000bce   0x00000002   Code   RO         1308    i.__scatterload_null  mc_p.l(handlers.o)
    0x00000bd0   0x00000bd0   0x0000000e   Code   RO         1309    i.__scatterload_zeroinit  mc_p.l(handlers.o)
    0x00000bde   0x00000bde   0x00000020   Code   RO          555    i.ddl_memclr        ddl.o
    0x00000bfe   0x00000bfe   0x00000018   Code   RO          279    i.main              main_uart.o
    0x00000c16   0x00000c16   0x00000002   PAD
    0x00000c18   0x00000c18   0x00000018   Data   RO          675    .constdata          sysctrl.o
    0x00000c30   0x00000c30   0x00000008   Data   RO         1115    .constdata          uart.o
    0x00000c38   0x00000c38   0x00000020   Data   RO         1305    Region$$Table       anon$$obj.o


    Execution Region RW_IRAM1 (Exec base: 0x20000000, Load base: 0x00000c58, Size: 0x000002c8, Max: 0x00004000, ABSOLUTE)

    Exec Addr    Load Addr    Size         Type   Attr      Idx    E Section Name        Object

    0x20000000   0x00000c58   0x00000001   Data   RW            8    .data               can_pro.o
    0x20000001   0x00000c59   0x00000004   Data   RW          116    .data               uart_pro.o
    0x20000005   0x00000c5d   0x00000002   Data   RW          199    .data               wdt_pro.o
    0x20000007   0x00000c5f   0x00000019   Data   RW          232    .data               user.o
    0x20000020   0x00000c78   0x00000004   Data   RW          301    .data               system_hc32f072.o
    0x20000024        -       0x00000024   Zero   RW            7    .bss                can_pro.o
    0x20000048        -       0x00000080   Zero   RW          115    .bss                uart_pro.o
    0x200000c8        -       0x00000200   Zero   RW          329    STACK               startup_hc32f072.o


==============================================================================

Image component sizes


      Code (inc. data)   RO Data    RW Data    ZI Data      Debug   Object Name

       120         18          0          0          0       4203   can.o
        52         10          0          1         36     162486   can_pro.o
        74          0          0          0          0       1979   ddl.o
       192         22          0          0          0       2154   gpio.o
        44          0          0          0          0        466   gpio_pro.o
       544         18          0          0          0      22737   interrupts_hc32f072.o
        24          0          0          0          0        443   main_uart.o
        60         22        192          0        512        600   startup_hc32f072.o
       488         36         24          0          0       3236   sysctrl.o
        24          4          0          4          0       1159   system_hc32f072.o
       240          6          8          0          0       4916   uart.o
       496         60          0          4        128       6087   uart_pro.o
       124         24          0         25          0       3231   user.o
       140         24          0          0          0       2733   wdt.o
       106         10          0          2          0       1160   wdt_pro.o

    ----------------------------------------------------------------------
      2738        254        256         36        676     217590   Object Totals
         0          0         32          0          0          0   (incl. Generated)
        10          0          0          0          0          0   (incl. Padding)

    ----------------------------------------------------------------------

      Code (inc. data)   RO Data    RW Data    ZI Data      Debug   Library Member Name

         0          0          0          0          0          0   entry.o
         0          0          0          0          0          0   entry10a.o
         0          0          0          0          0          0   entry11a.o
         8          4          0          0          0          0   entry2.o
         4          0          0          0          0          0   entry5.o
         0          0          0          0          0          0   entry7b.o
         0          0          0          0          0          0   entry8b.o
         8          4          0          0          0          0   entry9a.o
        30          0          0          0          0          0   handlers.o
        36          8          0          0          0         68   init.o
        36          0          0          0          0         60   memcpya.o
        44          0          0          0          0         72   uidiv.o

    ----------------------------------------------------------------------
       166         16          0          0          0        200   Library Totals
         0          0          0          0          0          0   (incl. Padding)

    ----------------------------------------------------------------------

      Code (inc. data)   RO Data    RW Data    ZI Data      Debug   Library Name

       166         16          0          0          0        200   mc_p.l

    ----------------------------------------------------------------------
       166         16          0          0          0        200   Library Totals

    ----------------------------------------------------------------------

==============================================================================


      Code (inc. data)   RO Data    RW Data    ZI Data      Debug   

      2904        270        256         36        676     214642   Grand Totals
      2904        270        256         36        676     214642   ELF Image Totals
      2904        270        256         36          0          0   ROM Totals

==============================================================================

    Total RO  Size (Code + RO Data)                 3160 (   3.09kB)
    Total RW  Size (RW Data + ZI Data)               712 (   0.70kB)
    Total ROM Size (Code + RO Data + RW Data)       3196 (   3.12kB)

==============================================================================

